Command line invocation:
    /Applications/Xcode.app/Contents/Developer/usr/bin/xcodebuild test -workspace Signal.xcworkspace -scheme Signal -sdk iphonesimulator -destination "platform=iOS Simulator,name=iPhone 16"

Build settings from command line:
    SDKROOT = iphonesimulator18.4

Resolve Package Graph


Resolved source packages:
  swift-argument-parser: https://github.com/apple/swift-argument-parser.git @ 1.5.0

ComputePackagePrebuildTargetDependencyGraph

Prepare packages

CreateBuildRequest

SendProjectDescription

CreateBuildOperation

ComputeTargetDependencyGraph
note: Building targets in dependency order
note: Target dependency graph (52 targets)
    Target 'DuplicateContentDetectionTests' in project 'Signal'
        ➜ Explicit dependency on target 'Signal' in project 'Signal'
    Target 'SignalServiceKitTests' in project 'Signal'
        ➜ Explicit dependency on target 'SignalServiceKit' in project 'Signal'
        ➜ Explicit dependency on target 'Signal' in project 'Signal'
        ➜ Implicit dependency on target 'Pods-SignalServiceKitTests' in project 'Pods' via file 'Pods_SignalServiceKitTests.framework' in build phase 'Link Binary'
        ➜ Implicit dependency on target 'AWSAPIGateway' in project 'Pods' via options '-framework AWSAPIGateway' in build setting 'OTHER_LDFLAGS'
        ➜ Implicit dependency on target 'AWSCognitoIdentityProvider' in project 'Pods' via options '-framework AWSCognitoIdentityProvider' in build setting 'OTHER_LDFLAGS'
        ➜ Implicit dependency on target 'AWSCognitoIdentityProviderASF' in project 'Pods' via options '-framework AWSCognitoIdentityProviderASF' in build setting 'OTHER_LDFLAGS'
        ➜ Implicit dependency on target 'AWSCore' in project 'Pods' via options '-framework AWSCore' in build setting 'OTHER_LDFLAGS'
        ➜ Implicit dependency on target 'AWSDynamoDB' in project 'Pods' via options '-framework AWSDynamoDB' in build setting 'OTHER_LDFLAGS'
        ➜ Implicit dependency on target 'AWSLambda' in project 'Pods' via options '-framework AWSLambda' in build setting 'OTHER_LDFLAGS'
        ➜ Implicit dependency on target 'AWSS3' in project 'Pods' via options '-framework AWSS3' in build setting 'OTHER_LDFLAGS'
        ➜ Implicit dependency on target 'CocoaLumberjack' in project 'Pods' via options '-framework CocoaLumberjack' in build setting 'OTHER_LDFLAGS'
        ➜ Implicit dependency on target 'GRDB.swift' in project 'Pods' via options '-framework GRDB' in build setting 'OTHER_LDFLAGS'
        ➜ Implicit dependency on target 'LibSignalClient' in project 'Pods' via options '-framework LibSignalClient' in build setting 'OTHER_LDFLAGS'
        ➜ Implicit dependency on target 'Mantle' in project 'Pods' via options '-framework Mantle' in build setting 'OTHER_LDFLAGS'
        ➜ Implicit dependency on target 'Reachability' in project 'Pods' via options '-framework Reachability' in build setting 'OTHER_LDFLAGS'
        ➜ Implicit dependency on target 'SQLCipher' in project 'Pods' via options '-framework SQLCipher' in build setting 'OTHER_LDFLAGS'
        ➜ Implicit dependency on target 'SignalCore' in project 'Pods' via options '-framework SignalCore' in build setting 'OTHER_LDFLAGS'
        ➜ Implicit dependency on target 'SignalRingRTC' in project 'Pods' via options '-framework SignalRingRTC' in build setting 'OTHER_LDFLAGS'
        ➜ Implicit dependency on target 'SwiftProtobuf' in project 'Pods' via options '-framework SwiftProtobuf' in build setting 'OTHER_LDFLAGS'
        ➜ Implicit dependency on target 'YYImage' in project 'Pods' via options '-framework YYImage' in build setting 'OTHER_LDFLAGS'
        ➜ Implicit dependency on target 'blurhash' in project 'Pods' via options '-framework blurhash' in build setting 'OTHER_LDFLAGS'
        ➜ Implicit dependency on target 'libPhoneNumber-iOS' in project 'Pods' via options '-framework libPhoneNumber_iOS' in build setting 'OTHER_LDFLAGS'
        ➜ Implicit dependency on target 'libwebp' in project 'Pods' via options '-framework libwebp' in build setting 'OTHER_LDFLAGS'
    Target 'Pods-SignalServiceKitTests' in project 'Pods'
        ➜ Explicit dependency on target 'Pods-SignalServiceKit' in project 'Pods'
    Target 'SignalUITests' in project 'Signal'
        ➜ Explicit dependency on target 'SignalUI' in project 'Signal'
        ➜ Explicit dependency on target 'Signal' in project 'Signal'
        ➜ Implicit dependency on target 'Pods-SignalUITests' in project 'Pods' via file 'Pods_SignalUITests.framework' in build phase 'Link Binary'
        ➜ Implicit dependency on target 'AWSAPIGateway' in project 'Pods' via options '-framework AWSAPIGateway' in build setting 'OTHER_LDFLAGS'
        ➜ Implicit dependency on target 'AWSCore' in project 'Pods' via options '-framework AWSCore' in build setting 'OTHER_LDFLAGS'
        ➜ Implicit dependency on target 'AWSDynamoDB' in project 'Pods' via options '-framework AWSDynamoDB' in build setting 'OTHER_LDFLAGS'
        ➜ Implicit dependency on target 'AWSLambda' in project 'Pods' via options '-framework AWSLambda' in build setting 'OTHER_LDFLAGS'
        ➜ Implicit dependency on target 'AWSS3' in project 'Pods' via options '-framework AWSS3' in build setting 'OTHER_LDFLAGS'
        ➜ Implicit dependency on target 'BonMot' in project 'Pods' via options '-framework BonMot' in build setting 'OTHER_LDFLAGS'
        ➜ Implicit dependency on target 'GRDB.swift' in project 'Pods' via options '-framework GRDB' in build setting 'OTHER_LDFLAGS'
        ➜ Implicit dependency on target 'LibMobileCoin' in project 'Pods' via options '-framework LibMobileCoin' in build setting 'OTHER_LDFLAGS'
        ➜ Implicit dependency on target 'LibSignalClient' in project 'Pods' via options '-framework LibSignalClient' in build setting 'OTHER_LDFLAGS'
        ➜ Implicit dependency on target 'Logging' in project 'Pods' via options '-framework Logging' in build setting 'OTHER_LDFLAGS'
        ➜ Implicit dependency on target 'lottie-ios' in project 'Pods' via options '-framework Lottie' in build setting 'OTHER_LDFLAGS'
        ➜ Implicit dependency on target 'Mantle' in project 'Pods' via options '-framework Mantle' in build setting 'OTHER_LDFLAGS'
        ➜ Implicit dependency on target 'MobileCoin' in project 'Pods' via options '-framework MobileCoin' in build setting 'OTHER_LDFLAGS'
        ➜ Implicit dependency on target 'PureLayout' in project 'Pods' via options '-framework PureLayout' in build setting 'OTHER_LDFLAGS'
        ➜ Implicit dependency on target 'Reachability' in project 'Pods' via options '-framework Reachability' in build setting 'OTHER_LDFLAGS'
        ➜ Implicit dependency on target 'SQLCipher' in project 'Pods' via options '-framework SQLCipher' in build setting 'OTHER_LDFLAGS'
        ➜ Implicit dependency on target 'SignalRingRTC' in project 'Pods' via options '-framework SignalRingRTC' in build setting 'OTHER_LDFLAGS'
        ➜ Implicit dependency on target 'SwiftProtobuf' in project 'Pods' via options '-framework SwiftProtobuf' in build setting 'OTHER_LDFLAGS'
        ➜ Implicit dependency on target 'YYImage' in project 'Pods' via options '-framework YYImage' in build setting 'OTHER_LDFLAGS'
        ➜ Implicit dependency on target 'blurhash' in project 'Pods' via options '-framework blurhash' in build setting 'OTHER_LDFLAGS'
        ➜ Implicit dependency on target 'libPhoneNumber-iOS' in project 'Pods' via options '-framework libPhoneNumber_iOS' in build setting 'OTHER_LDFLAGS'
        ➜ Implicit dependency on target 'libwebp' in project 'Pods' via options '-framework libwebp' in build setting 'OTHER_LDFLAGS'
    Target 'Pods-SignalUITests' in project 'Pods'
        ➜ Explicit dependency on target 'Pods-SignalUI' in project 'Pods'
    Target 'SignalTests' in project 'Signal'
        ➜ Explicit dependency on target 'SignalServiceKit' in project 'Signal'
        ➜ Explicit dependency on target 'Signal' in project 'Signal'
        ➜ Implicit dependency on target 'Pods-SignalTests' in project 'Pods' via file 'Pods_SignalTests.framework' in build phase 'Link Binary'
        ➜ Implicit dependency on target 'AWSAPIGateway' in project 'Pods' via options '-framework AWSAPIGateway' in build setting 'OTHER_LDFLAGS'
        ➜ Implicit dependency on target 'AWSCognitoIdentityProvider' in project 'Pods' via options '-framework AWSCognitoIdentityProvider' in build setting 'OTHER_LDFLAGS'
        ➜ Implicit dependency on target 'AWSCognitoIdentityProviderASF' in project 'Pods' via options '-framework AWSCognitoIdentityProviderASF' in build setting 'OTHER_LDFLAGS'
        ➜ Implicit dependency on target 'AWSCore' in project 'Pods' via options '-framework AWSCore' in build setting 'OTHER_LDFLAGS'
        ➜ Implicit dependency on target 'AWSDynamoDB' in project 'Pods' via options '-framework AWSDynamoDB' in build setting 'OTHER_LDFLAGS'
        ➜ Implicit dependency on target 'AWSLambda' in project 'Pods' via options '-framework AWSLambda' in build setting 'OTHER_LDFLAGS'
        ➜ Implicit dependency on target 'AWSS3' in project 'Pods' via options '-framework AWSS3' in build setting 'OTHER_LDFLAGS'
        ➜ Implicit dependency on target 'BonMot' in project 'Pods' via options '-framework BonMot' in build setting 'OTHER_LDFLAGS'
        ➜ Implicit dependency on target 'CocoaLumberjack' in project 'Pods' via options '-framework CocoaLumberjack' in build setting 'OTHER_LDFLAGS'
        ➜ Implicit dependency on target 'GRDB.swift' in project 'Pods' via options '-framework GRDB' in build setting 'OTHER_LDFLAGS'
        ➜ Implicit dependency on target 'LibMobileCoin' in project 'Pods' via options '-framework LibMobileCoin' in build setting 'OTHER_LDFLAGS'
        ➜ Implicit dependency on target 'LibSignalClient' in project 'Pods' via options '-framework LibSignalClient' in build setting 'OTHER_LDFLAGS'
        ➜ Implicit dependency on target 'Logging' in project 'Pods' via options '-framework Logging' in build setting 'OTHER_LDFLAGS'
        ➜ Implicit dependency on target 'lottie-ios' in project 'Pods' via options '-framework Lottie' in build setting 'OTHER_LDFLAGS'
        ➜ Implicit dependency on target 'Mantle' in project 'Pods' via options '-framework Mantle' in build setting 'OTHER_LDFLAGS'
        ➜ Implicit dependency on target 'MobileCoin' in project 'Pods' via options '-framework MobileCoin' in build setting 'OTHER_LDFLAGS'
        ➜ Implicit dependency on target 'PureLayout' in project 'Pods' via options '-framework PureLayout' in build setting 'OTHER_LDFLAGS'
        ➜ Implicit dependency on target 'Reachability' in project 'Pods' via options '-framework Reachability' in build setting 'OTHER_LDFLAGS'
        ➜ Implicit dependency on target 'SQLCipher' in project 'Pods' via options '-framework SQLCipher' in build setting 'OTHER_LDFLAGS'
        ➜ Implicit dependency on target 'SignalCore' in project 'Pods' via options '-framework SignalCore' in build setting 'OTHER_LDFLAGS'
        ➜ Implicit dependency on target 'SignalRingRTC' in project 'Pods' via options '-framework SignalRingRTC' in build setting 'OTHER_LDFLAGS'
        ➜ Implicit dependency on target 'SwiftProtobuf' in project 'Pods' via options '-framework SwiftProtobuf' in build setting 'OTHER_LDFLAGS'
        ➜ Implicit dependency on target 'YYImage' in project 'Pods' via options '-framework YYImage' in build setting 'OTHER_LDFLAGS'
        ➜ Implicit dependency on target 'blurhash' in project 'Pods' via options '-framework blurhash' in build setting 'OTHER_LDFLAGS'
        ➜ Implicit dependency on target 'libPhoneNumber-iOS' in project 'Pods' via options '-framework libPhoneNumber_iOS' in build setting 'OTHER_LDFLAGS'
        ➜ Implicit dependency on target 'libwebp' in project 'Pods' via options '-framework libwebp' in build setting 'OTHER_LDFLAGS'
    Target 'Pods-SignalTests' in project 'Pods'
        ➜ Explicit dependency on target 'AWSAPIGateway' in project 'Pods'
        ➜ Explicit dependency on target 'AWSCognitoIdentityProvider' in project 'Pods'
        ➜ Explicit dependency on target 'AWSCognitoIdentityProviderASF' in project 'Pods'
        ➜ Explicit dependency on target 'AWSCore' in project 'Pods'
        ➜ Explicit dependency on target 'AWSDynamoDB' in project 'Pods'
        ➜ Explicit dependency on target 'AWSLambda' in project 'Pods'
        ➜ Explicit dependency on target 'AWSS3' in project 'Pods'
        ➜ Explicit dependency on target 'CocoaLumberjack' in project 'Pods'
        ➜ Explicit dependency on target 'GRDB.swift' in project 'Pods'
        ➜ Explicit dependency on target 'LibSignalClient' in project 'Pods'
        ➜ Explicit dependency on target 'Mantle' in project 'Pods'
        ➜ Explicit dependency on target 'Pods-Signal' in project 'Pods'
        ➜ Explicit dependency on target 'Reachability' in project 'Pods'
        ➜ Explicit dependency on target 'SQLCipher' in project 'Pods'
        ➜ Explicit dependency on target 'SignalCore' in project 'Pods'
        ➜ Explicit dependency on target 'SignalRingRTC' in project 'Pods'
        ➜ Explicit dependency on target 'SwiftProtobuf' in project 'Pods'
        ➜ Explicit dependency on target 'YYImage' in project 'Pods'
        ➜ Explicit dependency on target 'blurhash' in project 'Pods'
        ➜ Explicit dependency on target 'libPhoneNumber-iOS' in project 'Pods'
        ➜ Explicit dependency on target 'libwebp' in project 'Pods'
    Target 'Signal' in project 'Signal'
        ➜ Explicit dependency on target 'SignalShareExtension' in project 'Signal'
        ➜ Explicit dependency on target 'SignalUI' in project 'Signal'
        ➜ Explicit dependency on target 'SignalServiceKit' in project 'Signal'
        ➜ Implicit dependency on target 'Pods-Signal' in project 'Pods' via file 'Pods_Signal.framework' in build phase 'Link Binary'
        ➜ Implicit dependency on target 'AWSAPIGateway' in project 'Pods' via options '-framework AWSAPIGateway' in build setting 'OTHER_LDFLAGS'
        ➜ Implicit dependency on target 'AWSCognitoIdentityProvider' in project 'Pods' via options '-framework AWSCognitoIdentityProvider' in build setting 'OTHER_LDFLAGS'
        ➜ Implicit dependency on target 'AWSCognitoIdentityProviderASF' in project 'Pods' via options '-framework AWSCognitoIdentityProviderASF' in build setting 'OTHER_LDFLAGS'
        ➜ Implicit dependency on target 'AWSCore' in project 'Pods' via options '-framework AWSCore' in build setting 'OTHER_LDFLAGS'
        ➜ Implicit dependency on target 'AWSDynamoDB' in project 'Pods' via options '-framework AWSDynamoDB' in build setting 'OTHER_LDFLAGS'
        ➜ Implicit dependency on target 'AWSLambda' in project 'Pods' via options '-framework AWSLambda' in build setting 'OTHER_LDFLAGS'
        ➜ Implicit dependency on target 'AWSS3' in project 'Pods' via options '-framework AWSS3' in build setting 'OTHER_LDFLAGS'
        ➜ Implicit dependency on target 'BonMot' in project 'Pods' via options '-framework BonMot' in build setting 'OTHER_LDFLAGS'
        ➜ Implicit dependency on target 'CocoaLumberjack' in project 'Pods' via options '-framework CocoaLumberjack' in build setting 'OTHER_LDFLAGS'
        ➜ Implicit dependency on target 'GRDB.swift' in project 'Pods' via options '-framework GRDB' in build setting 'OTHER_LDFLAGS'
        ➜ Implicit dependency on target 'LibMobileCoin' in project 'Pods' via options '-framework LibMobileCoin' in build setting 'OTHER_LDFLAGS'
        ➜ Implicit dependency on target 'LibSignalClient' in project 'Pods' via options '-framework LibSignalClient' in build setting 'OTHER_LDFLAGS'
        ➜ Implicit dependency on target 'Logging' in project 'Pods' via options '-framework Logging' in build setting 'OTHER_LDFLAGS'
        ➜ Implicit dependency on target 'lottie-ios' in project 'Pods' via options '-framework Lottie' in build setting 'OTHER_LDFLAGS'
        ➜ Implicit dependency on target 'Mantle' in project 'Pods' via options '-framework Mantle' in build setting 'OTHER_LDFLAGS'
        ➜ Implicit dependency on target 'MobileCoin' in project 'Pods' via options '-framework MobileCoin' in build setting 'OTHER_LDFLAGS'
        ➜ Implicit dependency on target 'PureLayout' in project 'Pods' via options '-framework PureLayout' in build setting 'OTHER_LDFLAGS'
        ➜ Implicit dependency on target 'Reachability' in project 'Pods' via options '-framework Reachability' in build setting 'OTHER_LDFLAGS'
        ➜ Implicit dependency on target 'SQLCipher' in project 'Pods' via options '-framework SQLCipher' in build setting 'OTHER_LDFLAGS'
        ➜ Implicit dependency on target 'SignalCore' in project 'Pods' via options '-framework SignalCore' in build setting 'OTHER_LDFLAGS'
        ➜ Implicit dependency on target 'SignalRingRTC' in project 'Pods' via options '-framework SignalRingRTC' in build setting 'OTHER_LDFLAGS'
        ➜ Implicit dependency on target 'SwiftProtobuf' in project 'Pods' via options '-framework SwiftProtobuf' in build setting 'OTHER_LDFLAGS'
        ➜ Implicit dependency on target 'YYImage' in project 'Pods' via options '-framework YYImage' in build setting 'OTHER_LDFLAGS'
        ➜ Implicit dependency on target 'blurhash' in project 'Pods' via options '-framework blurhash' in build setting 'OTHER_LDFLAGS'
        ➜ Implicit dependency on target 'libPhoneNumber-iOS' in project 'Pods' via options '-framework libPhoneNumber_iOS' in build setting 'OTHER_LDFLAGS'
        ➜ Implicit dependency on target 'libwebp' in project 'Pods' via options '-framework libwebp' in build setting 'OTHER_LDFLAGS'
    Target 'Pods-Signal' in project 'Pods'
        ➜ Explicit dependency on target 'AWSAPIGateway' in project 'Pods'
        ➜ Explicit dependency on target 'AWSCognitoIdentityProvider' in project 'Pods'
        ➜ Explicit dependency on target 'AWSCognitoIdentityProviderASF' in project 'Pods'
        ➜ Explicit dependency on target 'AWSCore' in project 'Pods'
        ➜ Explicit dependency on target 'AWSDynamoDB' in project 'Pods'
        ➜ Explicit dependency on target 'AWSLambda' in project 'Pods'
        ➜ Explicit dependency on target 'AWSS3' in project 'Pods'
        ➜ Explicit dependency on target 'BonMot' in project 'Pods'
        ➜ Explicit dependency on target 'CocoaLumberjack' in project 'Pods'
        ➜ Explicit dependency on target 'GRDB.swift' in project 'Pods'
        ➜ Explicit dependency on target 'LibMobileCoin' in project 'Pods'
        ➜ Explicit dependency on target 'LibSignalClient' in project 'Pods'
        ➜ Explicit dependency on target 'Logging' in project 'Pods'
        ➜ Explicit dependency on target 'Mantle' in project 'Pods'
        ➜ Explicit dependency on target 'MobileCoin' in project 'Pods'
        ➜ Explicit dependency on target 'PureLayout' in project 'Pods'
        ➜ Explicit dependency on target 'Reachability' in project 'Pods'
        ➜ Explicit dependency on target 'SQLCipher' in project 'Pods'
        ➜ Explicit dependency on target 'SignalCore' in project 'Pods'
        ➜ Explicit dependency on target 'SignalRingRTC' in project 'Pods'
        ➜ Explicit dependency on target 'SwiftProtobuf' in project 'Pods'
        ➜ Explicit dependency on target 'YYImage' in project 'Pods'
        ➜ Explicit dependency on target 'blurhash' in project 'Pods'
        ➜ Explicit dependency on target 'libPhoneNumber-iOS' in project 'Pods'
        ➜ Explicit dependency on target 'libwebp' in project 'Pods'
        ➜ Explicit dependency on target 'lottie-ios' in project 'Pods'
    Target 'SignalShareExtension' in project 'Signal'
        ➜ Explicit dependency on target 'SignalServiceKit' in project 'Signal'
        ➜ Explicit dependency on target 'SignalUI' in project 'Signal'
        ➜ Implicit dependency on target 'Pods-SignalShareExtension' in project 'Pods' via file 'Pods_SignalShareExtension.framework' in build phase 'Link Binary'
        ➜ Implicit dependency on target 'AWSAPIGateway' in project 'Pods' via options '-framework AWSAPIGateway' in build setting 'OTHER_LDFLAGS'
        ➜ Implicit dependency on target 'AWSCore' in project 'Pods' via options '-framework AWSCore' in build setting 'OTHER_LDFLAGS'
        ➜ Implicit dependency on target 'AWSDynamoDB' in project 'Pods' via options '-framework AWSDynamoDB' in build setting 'OTHER_LDFLAGS'
        ➜ Implicit dependency on target 'AWSLambda' in project 'Pods' via options '-framework AWSLambda' in build setting 'OTHER_LDFLAGS'
        ➜ Implicit dependency on target 'AWSS3' in project 'Pods' via options '-framework AWSS3' in build setting 'OTHER_LDFLAGS'
        ➜ Implicit dependency on target 'BonMot' in project 'Pods' via options '-framework BonMot' in build setting 'OTHER_LDFLAGS'
        ➜ Implicit dependency on target 'GRDB.swift' in project 'Pods' via options '-framework GRDB' in build setting 'OTHER_LDFLAGS'
        ➜ Implicit dependency on target 'LibMobileCoin' in project 'Pods' via options '-framework LibMobileCoin' in build setting 'OTHER_LDFLAGS'
        ➜ Implicit dependency on target 'LibSignalClient' in project 'Pods' via options '-framework LibSignalClient' in build setting 'OTHER_LDFLAGS'
        ➜ Implicit dependency on target 'Logging' in project 'Pods' via options '-framework Logging' in build setting 'OTHER_LDFLAGS'
        ➜ Implicit dependency on target 'lottie-ios' in project 'Pods' via options '-framework Lottie' in build setting 'OTHER_LDFLAGS'
        ➜ Implicit dependency on target 'Mantle' in project 'Pods' via options '-framework Mantle' in build setting 'OTHER_LDFLAGS'
        ➜ Implicit dependency on target 'MobileCoin' in project 'Pods' via options '-framework MobileCoin' in build setting 'OTHER_LDFLAGS'
        ➜ Implicit dependency on target 'PureLayout' in project 'Pods' via options '-framework PureLayout' in build setting 'OTHER_LDFLAGS'
        ➜ Implicit dependency on target 'Reachability' in project 'Pods' via options '-framework Reachability' in build setting 'OTHER_LDFLAGS'
        ➜ Implicit dependency on target 'SQLCipher' in project 'Pods' via options '-framework SQLCipher' in build setting 'OTHER_LDFLAGS'
        ➜ Implicit dependency on target 'SignalRingRTC' in project 'Pods' via options '-framework SignalRingRTC' in build setting 'OTHER_LDFLAGS'
        ➜ Implicit dependency on target 'SwiftProtobuf' in project 'Pods' via options '-framework SwiftProtobuf' in build setting 'OTHER_LDFLAGS'
        ➜ Implicit dependency on target 'YYImage' in project 'Pods' via options '-framework YYImage' in build setting 'OTHER_LDFLAGS'
        ➜ Implicit dependency on target 'blurhash' in project 'Pods' via options '-framework blurhash' in build setting 'OTHER_LDFLAGS'
        ➜ Implicit dependency on target 'libPhoneNumber-iOS' in project 'Pods' via options '-framework libPhoneNumber_iOS' in build setting 'OTHER_LDFLAGS'
        ➜ Implicit dependency on target 'libwebp' in project 'Pods' via options '-framework libwebp' in build setting 'OTHER_LDFLAGS'
    Target 'Pods-SignalShareExtension' in project 'Pods'
        ➜ Explicit dependency on target 'AWSAPIGateway' in project 'Pods'
        ➜ Explicit dependency on target 'AWSCore' in project 'Pods'
        ➜ Explicit dependency on target 'AWSDynamoDB' in project 'Pods'
        ➜ Explicit dependency on target 'AWSLambda' in project 'Pods'
        ➜ Explicit dependency on target 'AWSS3' in project 'Pods'
        ➜ Explicit dependency on target 'BonMot' in project 'Pods'
        ➜ Explicit dependency on target 'GRDB.swift' in project 'Pods'
        ➜ Explicit dependency on target 'LibMobileCoin' in project 'Pods'
        ➜ Explicit dependency on target 'LibSignalClient' in project 'Pods'
        ➜ Explicit dependency on target 'Logging' in project 'Pods'
        ➜ Explicit dependency on target 'Mantle' in project 'Pods'
        ➜ Explicit dependency on target 'MobileCoin' in project 'Pods'
        ➜ Explicit dependency on target 'PureLayout' in project 'Pods'
        ➜ Explicit dependency on target 'Reachability' in project 'Pods'
        ➜ Explicit dependency on target 'SQLCipher' in project 'Pods'
        ➜ Explicit dependency on target 'SignalRingRTC' in project 'Pods'
        ➜ Explicit dependency on target 'SwiftProtobuf' in project 'Pods'
        ➜ Explicit dependency on target 'YYImage' in project 'Pods'
        ➜ Explicit dependency on target 'blurhash' in project 'Pods'
        ➜ Explicit dependency on target 'libPhoneNumber-iOS' in project 'Pods'
        ➜ Explicit dependency on target 'libwebp' in project 'Pods'
        ➜ Explicit dependency on target 'lottie-ios' in project 'Pods'
    Target 'SignalUI' in project 'Signal'
        ➜ Explicit dependency on target 'SignalServiceKit' in project 'Signal'
        ➜ Implicit dependency on target 'Pods-SignalUI' in project 'Pods' via file 'Pods_SignalUI.framework' in build phase 'Link Binary'
        ➜ Implicit dependency on target 'AWSAPIGateway' in project 'Pods' via options '-framework AWSAPIGateway' in build setting 'OTHER_LDFLAGS'
        ➜ Implicit dependency on target 'AWSCore' in project 'Pods' via options '-framework AWSCore' in build setting 'OTHER_LDFLAGS'
        ➜ Implicit dependency on target 'AWSDynamoDB' in project 'Pods' via options '-framework AWSDynamoDB' in build setting 'OTHER_LDFLAGS'
        ➜ Implicit dependency on target 'AWSLambda' in project 'Pods' via options '-framework AWSLambda' in build setting 'OTHER_LDFLAGS'
        ➜ Implicit dependency on target 'AWSS3' in project 'Pods' via options '-framework AWSS3' in build setting 'OTHER_LDFLAGS'
        ➜ Implicit dependency on target 'BonMot' in project 'Pods' via options '-framework BonMot' in build setting 'OTHER_LDFLAGS'
        ➜ Implicit dependency on target 'GRDB.swift' in project 'Pods' via options '-framework GRDB' in build setting 'OTHER_LDFLAGS'
        ➜ Implicit dependency on target 'LibMobileCoin' in project 'Pods' via options '-framework LibMobileCoin' in build setting 'OTHER_LDFLAGS'
        ➜ Implicit dependency on target 'LibSignalClient' in project 'Pods' via options '-framework LibSignalClient' in build setting 'OTHER_LDFLAGS'
        ➜ Implicit dependency on target 'Logging' in project 'Pods' via options '-framework Logging' in build setting 'OTHER_LDFLAGS'
        ➜ Implicit dependency on target 'lottie-ios' in project 'Pods' via options '-framework Lottie' in build setting 'OTHER_LDFLAGS'
        ➜ Implicit dependency on target 'Mantle' in project 'Pods' via options '-framework Mantle' in build setting 'OTHER_LDFLAGS'
        ➜ Implicit dependency on target 'MobileCoin' in project 'Pods' via options '-framework MobileCoin' in build setting 'OTHER_LDFLAGS'
        ➜ Implicit dependency on target 'PureLayout' in project 'Pods' via options '-framework PureLayout' in build setting 'OTHER_LDFLAGS'
        ➜ Implicit dependency on target 'Reachability' in project 'Pods' via options '-framework Reachability' in build setting 'OTHER_LDFLAGS'
        ➜ Implicit dependency on target 'SQLCipher' in project 'Pods' via options '-framework SQLCipher' in build setting 'OTHER_LDFLAGS'
        ➜ Implicit dependency on target 'SignalRingRTC' in project 'Pods' via options '-framework SignalRingRTC' in build setting 'OTHER_LDFLAGS'
        ➜ Implicit dependency on target 'SwiftProtobuf' in project 'Pods' via options '-framework SwiftProtobuf' in build setting 'OTHER_LDFLAGS'
        ➜ Implicit dependency on target 'YYImage' in project 'Pods' via options '-framework YYImage' in build setting 'OTHER_LDFLAGS'
        ➜ Implicit dependency on target 'blurhash' in project 'Pods' via options '-framework blurhash' in build setting 'OTHER_LDFLAGS'
        ➜ Implicit dependency on target 'libPhoneNumber-iOS' in project 'Pods' via options '-framework libPhoneNumber_iOS' in build setting 'OTHER_LDFLAGS'
        ➜ Implicit dependency on target 'libwebp' in project 'Pods' via options '-framework libwebp' in build setting 'OTHER_LDFLAGS'
    Target 'Pods-SignalUI' in project 'Pods'
        ➜ Explicit dependency on target 'AWSAPIGateway' in project 'Pods'
        ➜ Explicit dependency on target 'AWSCore' in project 'Pods'
        ➜ Explicit dependency on target 'AWSDynamoDB' in project 'Pods'
        ➜ Explicit dependency on target 'AWSLambda' in project 'Pods'
        ➜ Explicit dependency on target 'AWSS3' in project 'Pods'
        ➜ Explicit dependency on target 'BonMot' in project 'Pods'
        ➜ Explicit dependency on target 'GRDB.swift' in project 'Pods'
        ➜ Explicit dependency on target 'LibMobileCoin' in project 'Pods'
        ➜ Explicit dependency on target 'LibSignalClient' in project 'Pods'
        ➜ Explicit dependency on target 'Logging' in project 'Pods'
        ➜ Explicit dependency on target 'Mantle' in project 'Pods'
        ➜ Explicit dependency on target 'MobileCoin' in project 'Pods'
        ➜ Explicit dependency on target 'PureLayout' in project 'Pods'
        ➜ Explicit dependency on target 'Reachability' in project 'Pods'
        ➜ Explicit dependency on target 'SQLCipher' in project 'Pods'
        ➜ Explicit dependency on target 'SignalRingRTC' in project 'Pods'
        ➜ Explicit dependency on target 'SwiftProtobuf' in project 'Pods'
        ➜ Explicit dependency on target 'YYImage' in project 'Pods'
        ➜ Explicit dependency on target 'blurhash' in project 'Pods'
        ➜ Explicit dependency on target 'libPhoneNumber-iOS' in project 'Pods'
        ➜ Explicit dependency on target 'libwebp' in project 'Pods'
        ➜ Explicit dependency on target 'lottie-ios' in project 'Pods'
    Target 'lottie-ios' in project 'Pods'
        ➜ Explicit dependency on target 'lottie-ios-LottiePrivacyInfo' in project 'Pods'
    Target 'lottie-ios-LottiePrivacyInfo' in project 'Pods' (no dependencies)
    Target 'PureLayout' in project 'Pods' (no dependencies)
    Target 'MobileCoin' in project 'Pods'
        ➜ Explicit dependency on target 'LibMobileCoin' in project 'Pods'
        ➜ Explicit dependency on target 'Logging' in project 'Pods'
    Target 'Logging' in project 'Pods' (no dependencies)
    Target 'LibMobileCoin' in project 'Pods'
        ➜ Explicit dependency on target 'SwiftProtobuf' in project 'Pods'
    Target 'BonMot' in project 'Pods' (no dependencies)
    Target 'SignalServiceKit' in project 'Signal'
        ➜ Implicit dependency on target 'Pods-SignalServiceKit' in project 'Pods' via file 'Pods_SignalServiceKit.framework' in build phase 'Link Binary'
        ➜ Implicit dependency on target 'AWSAPIGateway' in project 'Pods' via options '-framework AWSAPIGateway' in build setting 'OTHER_LDFLAGS'
        ➜ Implicit dependency on target 'AWSCognitoIdentityProvider' in project 'Pods' via options '-framework AWSCognitoIdentityProvider' in build setting 'OTHER_LDFLAGS'
        ➜ Implicit dependency on target 'AWSCognitoIdentityProviderASF' in project 'Pods' via options '-framework AWSCognitoIdentityProviderASF' in build setting 'OTHER_LDFLAGS'
        ➜ Implicit dependency on target 'AWSCore' in project 'Pods' via options '-framework AWSCore' in build setting 'OTHER_LDFLAGS'
        ➜ Implicit dependency on target 'AWSDynamoDB' in project 'Pods' via options '-framework AWSDynamoDB' in build setting 'OTHER_LDFLAGS'
        ➜ Implicit dependency on target 'AWSLambda' in project 'Pods' via options '-framework AWSLambda' in build setting 'OTHER_LDFLAGS'
        ➜ Implicit dependency on target 'AWSS3' in project 'Pods' via options '-framework AWSS3' in build setting 'OTHER_LDFLAGS'
        ➜ Implicit dependency on target 'CocoaLumberjack' in project 'Pods' via options '-framework CocoaLumberjack' in build setting 'OTHER_LDFLAGS'
        ➜ Implicit dependency on target 'GRDB.swift' in project 'Pods' via options '-framework GRDB' in build setting 'OTHER_LDFLAGS'
        ➜ Implicit dependency on target 'LibSignalClient' in project 'Pods' via options '-framework LibSignalClient' in build setting 'OTHER_LDFLAGS'
        ➜ Implicit dependency on target 'Mantle' in project 'Pods' via options '-framework Mantle' in build setting 'OTHER_LDFLAGS'
        ➜ Implicit dependency on target 'Reachability' in project 'Pods' via options '-framework Reachability' in build setting 'OTHER_LDFLAGS'
        ➜ Implicit dependency on target 'SQLCipher' in project 'Pods' via options '-framework SQLCipher' in build setting 'OTHER_LDFLAGS'
        ➜ Implicit dependency on target 'SignalCore' in project 'Pods' via options '-framework SignalCore' in build setting 'OTHER_LDFLAGS'
        ➜ Implicit dependency on target 'SignalRingRTC' in project 'Pods' via options '-framework SignalRingRTC' in build setting 'OTHER_LDFLAGS'
        ➜ Implicit dependency on target 'SwiftProtobuf' in project 'Pods' via options '-framework SwiftProtobuf' in build setting 'OTHER_LDFLAGS'
        ➜ Implicit dependency on target 'YYImage' in project 'Pods' via options '-framework YYImage' in build setting 'OTHER_LDFLAGS'
        ➜ Implicit dependency on target 'blurhash' in project 'Pods' via options '-framework blurhash' in build setting 'OTHER_LDFLAGS'
        ➜ Implicit dependency on target 'libPhoneNumber-iOS' in project 'Pods' via options '-framework libPhoneNumber_iOS' in build setting 'OTHER_LDFLAGS'
        ➜ Implicit dependency on target 'libwebp' in project 'Pods' via options '-framework libwebp' in build setting 'OTHER_LDFLAGS'
    Target 'Pods-SignalServiceKit' in project 'Pods'
        ➜ Explicit dependency on target 'AWSAPIGateway' in project 'Pods'
        ➜ Explicit dependency on target 'AWSCognitoIdentityProvider' in project 'Pods'
        ➜ Explicit dependency on target 'AWSCognitoIdentityProviderASF' in project 'Pods'
        ➜ Explicit dependency on target 'AWSCore' in project 'Pods'
        ➜ Explicit dependency on target 'AWSDynamoDB' in project 'Pods'
        ➜ Explicit dependency on target 'AWSLambda' in project 'Pods'
        ➜ Explicit dependency on target 'AWSS3' in project 'Pods'
        ➜ Explicit dependency on target 'CocoaLumberjack' in project 'Pods'
        ➜ Explicit dependency on target 'GRDB.swift' in project 'Pods'
        ➜ Explicit dependency on target 'LibSignalClient' in project 'Pods'
        ➜ Explicit dependency on target 'Mantle' in project 'Pods'
        ➜ Explicit dependency on target 'Reachability' in project 'Pods'
        ➜ Explicit dependency on target 'SQLCipher' in project 'Pods'
        ➜ Explicit dependency on target 'SignalCore' in project 'Pods'
        ➜ Explicit dependency on target 'SignalRingRTC' in project 'Pods'
        ➜ Explicit dependency on target 'SwiftProtobuf' in project 'Pods'
        ➜ Explicit dependency on target 'YYImage' in project 'Pods'
        ➜ Explicit dependency on target 'blurhash' in project 'Pods'
        ➜ Explicit dependency on target 'libPhoneNumber-iOS' in project 'Pods'
        ➜ Explicit dependency on target 'libwebp' in project 'Pods'
    Target 'libPhoneNumber-iOS' in project 'Pods' (no dependencies)
    Target 'blurhash' in project 'Pods' (no dependencies)
    Target 'YYImage' in project 'Pods'
        ➜ Explicit dependency on target 'libwebp' in project 'Pods'
    Target 'libwebp' in project 'Pods' (no dependencies)
    Target 'SwiftProtobuf' in project 'Pods'
        ➜ Explicit dependency on target 'SwiftProtobuf-SwiftProtobuf' in project 'Pods'
    Target 'SwiftProtobuf-SwiftProtobuf' in project 'Pods' (no dependencies)
    Target 'SignalRingRTC' in project 'Pods' (no dependencies)
    Target 'SignalCore' in project 'Pods'
        ➜ Explicit dependency on target 'AWSCore' in project 'Pods'
        ➜ Explicit dependency on target 'AWSDynamoDB' in project 'Pods'
        ➜ Explicit dependency on target 'AWSLambda' in project 'Pods'
        ➜ Explicit dependency on target 'AWSS3' in project 'Pods'
    Target 'Reachability' in project 'Pods'
        ➜ Explicit dependency on target 'Reachability-Reachability_Privacy' in project 'Pods'
    Target 'Reachability-Reachability_Privacy' in project 'Pods' (no dependencies)
    Target 'Mantle' in project 'Pods' (no dependencies)
    Target 'LibSignalClient' in project 'Pods' (no dependencies)
    Target 'GRDB.swift' in project 'Pods'
        ➜ Explicit dependency on target 'SQLCipher' in project 'Pods'
    Target 'SQLCipher' in project 'Pods'
        ➜ Explicit dependency on target 'SQLCipher-SQLCipher' in project 'Pods'
    Target 'SQLCipher-SQLCipher' in project 'Pods' (no dependencies)
    Target 'CocoaLumberjack' in project 'Pods' (no dependencies)
    Target 'AWSS3' in project 'Pods'
        ➜ Explicit dependency on target 'AWSCore' in project 'Pods'
        ➜ Explicit dependency on target 'AWSS3-AWSS3' in project 'Pods'
    Target 'AWSS3-AWSS3' in project 'Pods'
        ➜ Implicit dependency on target 'AWSCore' in project 'Pods' via options '-framework AWSCore' in build setting 'OTHER_LDFLAGS'
    Target 'AWSLambda' in project 'Pods'
        ➜ Explicit dependency on target 'AWSCore' in project 'Pods'
        ➜ Explicit dependency on target 'AWSLambda-AWSLambda' in project 'Pods'
    Target 'AWSLambda-AWSLambda' in project 'Pods'
        ➜ Implicit dependency on target 'AWSCore' in project 'Pods' via options '-framework AWSCore' in build setting 'OTHER_LDFLAGS'
    Target 'AWSDynamoDB' in project 'Pods'
        ➜ Explicit dependency on target 'AWSCore' in project 'Pods'
        ➜ Explicit dependency on target 'AWSDynamoDB-AWSDynamoDB' in project 'Pods'
    Target 'AWSDynamoDB-AWSDynamoDB' in project 'Pods'
        ➜ Implicit dependency on target 'AWSCore' in project 'Pods' via options '-framework AWSCore' in build setting 'OTHER_LDFLAGS'
    Target 'AWSCognitoIdentityProvider' in project 'Pods'
        ➜ Explicit dependency on target 'AWSCognitoIdentityProvider-AWSCognitoIdentityProvider' in project 'Pods'
        ➜ Explicit dependency on target 'AWSCognitoIdentityProviderASF' in project 'Pods'
        ➜ Explicit dependency on target 'AWSCore' in project 'Pods'
    Target 'AWSCognitoIdentityProvider-AWSCognitoIdentityProvider' in project 'Pods'
        ➜ Implicit dependency on target 'AWSCognitoIdentityProviderASF' in project 'Pods' via options '-framework AWSCognitoIdentityProviderASF' in build setting 'OTHER_LDFLAGS'
        ➜ Implicit dependency on target 'AWSCore' in project 'Pods' via options '-framework AWSCore' in build setting 'OTHER_LDFLAGS'
    Target 'AWSCognitoIdentityProviderASF' in project 'Pods'
        ➜ Explicit dependency on target 'AWSCognitoIdentityProviderASF-AWSCognitoIdentityProviderASF' in project 'Pods'
        ➜ Explicit dependency on target 'AWSCore' in project 'Pods'
    Target 'AWSCognitoIdentityProviderASF-AWSCognitoIdentityProviderASF' in project 'Pods'
        ➜ Implicit dependency on target 'AWSCore' in project 'Pods' via options '-framework AWSCore' in build setting 'OTHER_LDFLAGS'
    Target 'AWSAPIGateway' in project 'Pods'
        ➜ Explicit dependency on target 'AWSAPIGateway-AWSAPIGateway' in project 'Pods'
        ➜ Explicit dependency on target 'AWSCore' in project 'Pods'
    Target 'AWSAPIGateway-AWSAPIGateway' in project 'Pods'
        ➜ Implicit dependency on target 'AWSCore' in project 'Pods' via options '-framework AWSCore' in build setting 'OTHER_LDFLAGS'
    Target 'AWSCore' in project 'Pods'
        ➜ Explicit dependency on target 'AWSCore-AWSCore' in project 'Pods'
    Target 'AWSCore-AWSCore' in project 'Pods' (no dependencies)

GatherProvisioningInputs

CreateBuildDescription

ExecuteExternalTool /Applications/Xcode.app/Contents/Developer/Toolchains/XcodeDefault.xctoolchain/usr/bin/clang -v -E -dM -arch arm64 -isysroot /Applications/Xcode.app/Contents/Developer/Platforms/iPhoneSimulator.platform/Developer/SDKs/iPhoneSimulator18.4.sdk -x c -c /dev/null

ExecuteExternalTool /Applications/Xcode.app/Contents/Developer/usr/bin/ibtool --version --output-format xml1

ExecuteExternalTool /Applications/Xcode.app/Contents/Developer/usr/bin/actool --version --output-format xml1

ExecuteExternalTool /Applications/Xcode.app/Contents/Developer/Toolchains/XcodeDefault.xctoolchain/usr/bin/swiftc --version

ExecuteExternalTool /Applications/Xcode.app/Contents/Developer/Toolchains/XcodeDefault.xctoolchain/usr/bin/clang -v -E -dM -isysroot /Applications/Xcode.app/Contents/Developer/Platforms/iPhoneSimulator.platform/Developer/SDKs/iPhoneSimulator18.4.sdk -x c -c /dev/null

ExecuteExternalTool /Applications/Xcode.app/Contents/Developer/usr/bin/actool --print-asset-tag-combinations --output-format xml1 /Users/ibrahimusmani/Documents/Signal2/Signal-iOS/Signal/AppIcon.xcassets /Users/ibrahimusmani/Documents/Signal2/Signal-iOS/Signal/Images.xcassets /Users/ibrahimusmani/Documents/Signal2/Signal-iOS/Signal/Symbols.xcassets

ExecuteExternalTool /Applications/Xcode.app/Contents/Developer/Toolchains/XcodeDefault.xctoolchain/usr/bin/clang -v -E -dM -arch arm64 -isysroot /Applications/Xcode.app/Contents/Developer/Platforms/iPhoneSimulator.platform/Developer/SDKs/iPhoneSimulator18.4.sdk -x objective-c -c /dev/null

ExecuteExternalTool /Applications/Xcode.app/Contents/Developer/Toolchains/XcodeDefault.xctoolchain/usr/bin/ld -version_details

ExecuteExternalTool /Applications/Xcode.app/Contents/Developer/Toolchains/XcodeDefault.xctoolchain/usr/bin/libtool -V

Build description signature: 5143e060a2b15d777b61f7ac7c1a5c1a
Build description path: /Users/ibrahimusmani/Library/Developer/Xcode/DerivedData/Signal-ftyjjpqofcnmqgarxcymapnsxdnn/Build/Intermediates.noindex/XCBuildData/5143e060a2b15d777b61f7ac7c1a5c1a.xcbuilddata
ClangStatCache /Applications/Xcode.app/Contents/Developer/Toolchains/XcodeDefault.xctoolchain/usr/bin/clang-stat-cache /Applications/Xcode.app/Contents/Developer/Platforms/iPhoneSimulator.platform/Developer/SDKs/iPhoneSimulator18.4.sdk /Users/ibrahimusmani/Library/Developer/Xcode/DerivedData/SDKStatCaches.noindex/iphonesimulator18.4-22E235-71825a6d136aa4733edcbe86ece5525b.sdkstatcache
    cd /Users/ibrahimusmani/Documents/Signal2/Signal-iOS
    /Applications/Xcode.app/Contents/Developer/Toolchains/XcodeDefault.xctoolchain/usr/bin/clang-stat-cache /Applications/Xcode.app/Contents/Developer/Platforms/iPhoneSimulator.platform/Developer/SDKs/iPhoneSimulator18.4.sdk -o /Users/ibrahimusmani/Library/Developer/Xcode/DerivedData/SDKStatCaches.noindex/iphonesimulator18.4-22E235-71825a6d136aa4733edcbe86ece5525b.sdkstatcache

ProcessInfoPlistFile /Users/ibrahimusmani/Library/Developer/Xcode/DerivedData/Signal-ftyjjpqofcnmqgarxcymapnsxdnn/Build/Products/Debug-iphonesimulator/libwebp/libwebp.framework/Info.plist /Users/ibrahimusmani/Documents/Signal2/Signal-iOS/Pods/Target\ Support\ Files/libwebp/libwebp-Info.plist (in target 'libwebp' from project 'Pods')
    cd /Users/ibrahimusmani/Documents/Signal2/Signal-iOS/Pods
    builtin-infoPlistUtility /Users/ibrahimusmani/Documents/Signal2/Signal-iOS/Pods/Target\ Support\ Files/libwebp/libwebp-Info.plist -producttype com.apple.product-type.framework -expandbuildsettings -format binary -platform iphonesimulator -o /Users/ibrahimusmani/Library/Developer/Xcode/DerivedData/Signal-ftyjjpqofcnmqgarxcymapnsxdnn/Build/Products/Debug-iphonesimulator/libwebp/libwebp.framework/Info.plist

ProcessInfoPlistFile /Users/ibrahimusmani/Library/Developer/Xcode/DerivedData/Signal-ftyjjpqofcnmqgarxcymapnsxdnn/Build/Products/Debug-iphonesimulator/Mantle/Mantle.framework/Info.plist /Users/ibrahimusmani/Documents/Signal2/Signal-iOS/Pods/Target\ Support\ Files/Mantle/Mantle-Info.plist (in target 'Mantle' from project 'Pods')
    cd /Users/ibrahimusmani/Documents/Signal2/Signal-iOS/Pods
    builtin-infoPlistUtility /Users/ibrahimusmani/Documents/Signal2/Signal-iOS/Pods/Target\ Support\ Files/Mantle/Mantle-Info.plist -producttype com.apple.product-type.framework -expandbuildsettings -format binary -platform iphonesimulator -o /Users/ibrahimusmani/Library/Developer/Xcode/DerivedData/Signal-ftyjjpqofcnmqgarxcymapnsxdnn/Build/Products/Debug-iphonesimulator/Mantle/Mantle.framework/Info.plist

ProcessInfoPlistFile /Users/ibrahimusmani/Library/Developer/Xcode/DerivedData/Signal-ftyjjpqofcnmqgarxcymapnsxdnn/Build/Products/Debug-iphonesimulator/Logging/Logging.framework/Info.plist /Users/ibrahimusmani/Documents/Signal2/Signal-iOS/Pods/Target\ Support\ Files/Logging/Logging-Info.plist (in target 'Logging' from project 'Pods')
    cd /Users/ibrahimusmani/Documents/Signal2/Signal-iOS/Pods
    builtin-infoPlistUtility /Users/ibrahimusmani/Documents/Signal2/Signal-iOS/Pods/Target\ Support\ Files/Logging/Logging-Info.plist -producttype com.apple.product-type.framework -expandbuildsettings -format binary -platform iphonesimulator -o /Users/ibrahimusmani/Library/Developer/Xcode/DerivedData/Signal-ftyjjpqofcnmqgarxcymapnsxdnn/Build/Products/Debug-iphonesimulator/Logging/Logging.framework/Info.plist

ProcessInfoPlistFile /Users/ibrahimusmani/Library/Developer/Xcode/DerivedData/Signal-ftyjjpqofcnmqgarxcymapnsxdnn/Build/Products/Debug-iphonesimulator/LibSignalClient/LibSignalClient.framework/Info.plist /Users/ibrahimusmani/Documents/Signal2/Signal-iOS/Pods/Target\ Support\ Files/LibSignalClient/LibSignalClient-Info.plist (in target 'LibSignalClient' from project 'Pods')
    cd /Users/ibrahimusmani/Documents/Signal2/Signal-iOS/Pods
    builtin-infoPlistUtility /Users/ibrahimusmani/Documents/Signal2/Signal-iOS/Pods/Target\ Support\ Files/LibSignalClient/LibSignalClient-Info.plist -producttype com.apple.product-type.framework -expandbuildsettings -format binary -platform iphonesimulator -o /Users/ibrahimusmani/Library/Developer/Xcode/DerivedData/Signal-ftyjjpqofcnmqgarxcymapnsxdnn/Build/Products/Debug-iphonesimulator/LibSignalClient/LibSignalClient.framework/Info.plist

ProcessInfoPlistFile /Users/ibrahimusmani/Library/Developer/Xcode/DerivedData/Signal-ftyjjpqofcnmqgarxcymapnsxdnn/Build/Products/Debug-iphonesimulator/SQLCipher/SQLCipher.bundle/Info.plist /Users/ibrahimusmani/Documents/Signal2/Signal-iOS/Pods/Target\ Support\ Files/SQLCipher/ResourceBundle-SQLCipher-SQLCipher-Info.plist (in target 'SQLCipher-SQLCipher' from project 'Pods')
    cd /Users/ibrahimusmani/Documents/Signal2/Signal-iOS/Pods
    builtin-infoPlistUtility /Users/ibrahimusmani/Documents/Signal2/Signal-iOS/Pods/Target\ Support\ Files/SQLCipher/ResourceBundle-SQLCipher-SQLCipher-Info.plist -producttype com.apple.product-type.bundle -expandbuildsettings -format binary -platform iphonesimulator -o /Users/ibrahimusmani/Library/Developer/Xcode/DerivedData/Signal-ftyjjpqofcnmqgarxcymapnsxdnn/Build/Products/Debug-iphonesimulator/SQLCipher/SQLCipher.bundle/Info.plist

ProcessInfoPlistFile /Users/ibrahimusmani/Library/Developer/Xcode/DerivedData/Signal-ftyjjpqofcnmqgarxcymapnsxdnn/Build/Products/Debug-iphonesimulator/Reachability/Reachability_Privacy.bundle/Info.plist /Users/ibrahimusmani/Documents/Signal2/Signal-iOS/Pods/Target\ Support\ Files/Reachability/ResourceBundle-Reachability_Privacy-Reachability-Info.plist (in target 'Reachability-Reachability_Privacy' from project 'Pods')
    cd /Users/ibrahimusmani/Documents/Signal2/Signal-iOS/Pods
    builtin-infoPlistUtility /Users/ibrahimusmani/Documents/Signal2/Signal-iOS/Pods/Target\ Support\ Files/Reachability/ResourceBundle-Reachability_Privacy-Reachability-Info.plist -producttype com.apple.product-type.bundle -expandbuildsettings -format binary -platform iphonesimulator -o /Users/ibrahimusmani/Library/Developer/Xcode/DerivedData/Signal-ftyjjpqofcnmqgarxcymapnsxdnn/Build/Products/Debug-iphonesimulator/Reachability/Reachability_Privacy.bundle/Info.plist

ProcessInfoPlistFile /Users/ibrahimusmani/Library/Developer/Xcode/DerivedData/Signal-ftyjjpqofcnmqgarxcymapnsxdnn/Build/Products/Debug-iphonesimulator/lottie-ios/LottiePrivacyInfo.bundle/Info.plist /Users/ibrahimusmani/Documents/Signal2/Signal-iOS/Pods/Target\ Support\ Files/lottie-ios/ResourceBundle-LottiePrivacyInfo-lottie-ios-Info.plist (in target 'lottie-ios-LottiePrivacyInfo' from project 'Pods')
    cd /Users/ibrahimusmani/Documents/Signal2/Signal-iOS/Pods
    builtin-infoPlistUtility /Users/ibrahimusmani/Documents/Signal2/Signal-iOS/Pods/Target\ Support\ Files/lottie-ios/ResourceBundle-LottiePrivacyInfo-lottie-ios-Info.plist -producttype com.apple.product-type.bundle -expandbuildsettings -format binary -platform iphonesimulator -o /Users/ibrahimusmani/Library/Developer/Xcode/DerivedData/Signal-ftyjjpqofcnmqgarxcymapnsxdnn/Build/Products/Debug-iphonesimulator/lottie-ios/LottiePrivacyInfo.bundle/Info.plist

PhaseScriptExecution [CP-User]\ Check\ prebuild /Users/ibrahimusmani/Library/Developer/Xcode/DerivedData/Signal-ftyjjpqofcnmqgarxcymapnsxdnn/Build/Intermediates.noindex/Pods.build/Debug-iphonesimulator/SignalRingRTC.build/Script-AE5F557F6B2F4F2867A7B0DAD81AC9AE.sh (in target 'SignalRingRTC' from project 'Pods')
    cd /Users/ibrahimusmani/Documents/Signal2/Signal-iOS/Pods
    export ACTION\=build
    export AD_HOC_CODE_SIGNING_ALLOWED\=YES
    export ALLOW_BUILD_REQUEST_OVERRIDES\=NO
    export ALLOW_TARGET_PLATFORM_SPECIALIZATION\=NO
    export ALTERNATE_GROUP\=staff
    export ALTERNATE_MODE\=u+w,go-w,a+rX
    export ALTERNATE_OWNER\=ibrahimusmani
    export ALTERNATIVE_DISTRIBUTION_WEB\=NO
    export ALWAYS_EMBED_SWIFT_STANDARD_LIBRARIES\=NO
    export ALWAYS_SEARCH_USER_PATHS\=NO
    export ALWAYS_USE_SEPARATE_HEADERMAPS\=NO
    export APPLICATION_EXTENSION_API_ONLY\=YES
    export APPLY_RULES_IN_COPY_FILES\=NO
    export APPLY_RULES_IN_COPY_HEADERS\=NO
    export APP_SHORTCUTS_ENABLE_FLEXIBLE_MATCHING\=YES
    export ARCHS\=arm64
    export ARCHS_STANDARD\=arm64\ x86_64
    export ARCHS_STANDARD_32_64_BIT\=arm64\ x86_64
    export ARCHS_STANDARD_64_BIT\=arm64\ x86_64
    export ARCHS_STANDARD_INCLUDING_64_BIT\=arm64\ x86_64
    export ARCHS_UNIVERSAL_IPHONE_OS\=arm64\ x86_64
    export ASSETCATALOG_FILTER_FOR_DEVICE_MODEL\=iPhone17,3
    export ASSETCATALOG_FILTER_FOR_DEVICE_OS_VERSION\=18.4
    export ASSETCATALOG_FILTER_FOR_THINNING_DEVICE_CONFIGURATION\=iPhone17,3
    export AUTOMATICALLY_MERGE_DEPENDENCIES\=NO
    export AVAILABLE_PLATFORMS\=android\ appletvos\ appletvsimulator\ driverkit\ iphoneos\ iphonesimulator\ macosx\ qnx\ watchos\ watchsimulator\ xros\ xrsimulator
    export AppIdentifierPrefix\=6X3MQMNK7C.
    export BITCODE_GENERATION_MODE\=marker
    export BUILD_ACTIVE_RESOURCES_ONLY\=YES
    export BUILD_COMPONENTS\=headers\ build
    export BUILD_DIR\=/Users/ibrahimusmani/Library/Developer/Xcode/DerivedData/Signal-ftyjjpqofcnmqgarxcymapnsxdnn/Build/Products
    export BUILD_LIBRARY_FOR_DISTRIBUTION\=NO
    export BUILD_ROOT\=/Users/ibrahimusmani/Library/Developer/Xcode/DerivedData/Signal-ftyjjpqofcnmqgarxcymapnsxdnn/Build/Products
    export BUILD_STYLE\=
    export BUILD_VARIANTS\=normal
    export BUILT_PRODUCTS_DIR\=/Users/ibrahimusmani/Library/Developer/Xcode/DerivedData/Signal-ftyjjpqofcnmqgarxcymapnsxdnn/Build/Products/Debug-iphonesimulator/SignalRingRTC
    export BUNDLE_CONTENTS_FOLDER_PATH_deep\=Contents/
    export BUNDLE_EXECUTABLE_FOLDER_NAME_deep\=MacOS
    export BUNDLE_EXTENSIONS_FOLDER_PATH\=Extensions
    export BUNDLE_FORMAT\=shallow
    export BUNDLE_FRAMEWORKS_FOLDER_PATH\=Frameworks
    export BUNDLE_PLUGINS_FOLDER_PATH\=PlugIns
    export BUNDLE_PRIVATE_HEADERS_FOLDER_PATH\=PrivateHeaders
    export BUNDLE_PUBLIC_HEADERS_FOLDER_PATH\=Headers
    export CACHE_ROOT\=/var/folders/7k/59vyjx2j1gv527rwq4c59skr0000gn/C/com.apple.DeveloperTools/16.3-16E140/Xcode
    export CARGO_BUILD_TARGET\=x86_64-apple-ios
    export CCHROOT\=/var/folders/7k/59vyjx2j1gv527rwq4c59skr0000gn/C/com.apple.DeveloperTools/16.3-16E140/Xcode
    export CHMOD\=/bin/chmod
    export CHOWN\=/usr/sbin/chown
    export CLANG_ANALYZER_LOCALIZABILITY_NONLOCALIZED\=YES
    export CLANG_ANALYZER_NONNULL\=YES
    export CLANG_ANALYZER_NUMBER_OBJECT_CONVERSION\=YES_AGGRESSIVE
    export CLANG_CACHE_FINE_GRAINED_OUTPUTS\=YES
    export CLANG_COVERAGE_MAPPING\=YES
    export CLANG_CXX_LANGUAGE_STANDARD\=gnu++14
    export CLANG_CXX_LIBRARY\=libc++
    export CLANG_ENABLE_EXPLICIT_MODULES\=YES
    export CLANG_ENABLE_MODULES\=YES
    export CLANG_ENABLE_OBJC_ARC\=YES
    export CLANG_ENABLE_OBJC_WEAK\=NO
    export CLANG_MODULES_BUILD_SESSION_FILE\=/Users/ibrahimusmani/Library/Developer/Xcode/DerivedData/ModuleCache.noindex/Session.modulevalidation
    export CLANG_PROFILE_DATA_DIRECTORY\=/Users/ibrahimusmani/Library/Developer/Xcode/DerivedData/Signal-ftyjjpqofcnmqgarxcymapnsxdnn/Build/ProfileData
    export CLANG_WARN_BLOCK_CAPTURE_AUTORELEASING\=YES
    export CLANG_WARN_BOOL_CONVERSION\=YES
    export CLANG_WARN_COMMA\=YES
    export CLANG_WARN_CONSTANT_CONVERSION\=YES
    export CLANG_WARN_DEPRECATED_OBJC_IMPLEMENTATIONS\=YES
    export CLANG_WARN_DIRECT_OBJC_ISA_USAGE\=YES_ERROR
    export CLANG_WARN_DOCUMENTATION_COMMENTS\=YES
    export CLANG_WARN_EMPTY_BODY\=YES
    export CLANG_WARN_ENUM_CONVERSION\=YES
    export CLANG_WARN_INFINITE_RECURSION\=YES
    export CLANG_WARN_INT_CONVERSION\=YES
    export CLANG_WARN_NON_LITERAL_NULL_CONVERSION\=YES
    export CLANG_WARN_OBJC_IMPLICIT_RETAIN_SELF\=YES
    export CLANG_WARN_OBJC_LITERAL_CONVERSION\=YES
    export CLANG_WARN_OBJC_ROOT_CLASS\=YES_ERROR
    export CLANG_WARN_QUOTED_INCLUDE_IN_FRAMEWORK_HEADER\=NO
    export CLANG_WARN_RANGE_LOOP_ANALYSIS\=YES
    export CLANG_WARN_STRICT_PROTOTYPES\=YES
    export CLANG_WARN_SUSPICIOUS_MOVE\=YES
    export CLANG_WARN_UNGUARDED_AVAILABILITY\=YES_AGGRESSIVE
    export CLANG_WARN_UNREACHABLE_CODE\=YES
    export CLANG_WARN__DUPLICATE_METHOD_MATCH\=YES
    export CLASS_FILE_DIR\=/Users/ibrahimusmani/Library/Developer/Xcode/DerivedData/Signal-ftyjjpqofcnmqgarxcymapnsxdnn/Build/Intermediates.noindex/Pods.build/Debug-iphonesimulator/SignalRingRTC.build/JavaClasses
    export CLEAN_PRECOMPS\=YES
    export CLONE_HEADERS\=NO
    export CODESIGNING_FOLDER_PATH\=/Users/ibrahimusmani/Library/Developer/Xcode/DerivedData/Signal-ftyjjpqofcnmqgarxcymapnsxdnn/Build/Products/Debug-iphonesimulator/SignalRingRTC/SignalRingRTC.framework
    export CODE_SIGNING_ALLOWED\=YES
    export CODE_SIGNING_REQUIRED\=NO
    export CODE_SIGNING_REQUIRES_TEAM\=YES
    export CODE_SIGN_CONTEXT_CLASS\=XCiPhoneSimulatorCodeSignContext
    export CODE_SIGN_IDENTITY\=-
    export CODE_SIGN_INJECT_BASE_ENTITLEMENTS\=YES
    export COLOR_DIAGNOSTICS\=NO
    export COMBINE_HIDPI_IMAGES\=NO
    export COMPILATION_CACHE_CAS_PATH\=/Users/ibrahimusmani/Library/Developer/Xcode/DerivedData/CompilationCache.noindex
    export COMPILATION_CACHE_KEEP_CAS_DIRECTORY\=YES
    export COMPILER_INDEX_STORE_ENABLE\=Default
    export COMPOSITE_SDK_DIRS\=/Users/ibrahimusmani/Library/Developer/Xcode/DerivedData/Signal-ftyjjpqofcnmqgarxcymapnsxdnn/Build/Intermediates.noindex/CompositeSDKs
    export COMPRESS_PNG_FILES\=YES
    export CONFIGURATION\=Debug
    export CONFIGURATION_BUILD_DIR\=/Users/ibrahimusmani/Library/Developer/Xcode/DerivedData/Signal-ftyjjpqofcnmqgarxcymapnsxdnn/Build/Products/Debug-iphonesimulator/SignalRingRTC
    export CONFIGURATION_TEMP_DIR\=/Users/ibrahimusmani/Library/Developer/Xcode/DerivedData/Signal-ftyjjpqofcnmqgarxcymapnsxdnn/Build/Intermediates.noindex/Pods.build/Debug-iphonesimulator
    export CONTENTS_FOLDER_PATH\=SignalRingRTC.framework
    export CONTENTS_FOLDER_PATH_SHALLOW_BUNDLE_NO\=SignalRingRTC.framework/A
    export CONTENTS_FOLDER_PATH_SHALLOW_BUNDLE_YES\=SignalRingRTC.framework
    export COPYING_PRESERVES_HFS_DATA\=NO
    export COPY_HEADERS_RUN_UNIFDEF\=NO
    export COPY_PHASE_STRIP\=NO
    export CORRESPONDING_DEVICE_PLATFORM_DIR\=/Applications/Xcode.app/Contents/Developer/Platforms/iPhoneOS.platform
    export CORRESPONDING_DEVICE_PLATFORM_NAME\=iphoneos
    export CORRESPONDING_DEVICE_SDK_DIR\=/Applications/Xcode.app/Contents/Developer/Platforms/iPhoneOS.platform/Developer/SDKs/iPhoneOS18.4.sdk
    export CORRESPONDING_DEVICE_SDK_NAME\=iphoneos18.4
    export CP\=/bin/cp
    export CREATE_INFOPLIST_SECTION_IN_BINARY\=NO
    export CURRENT_ARCH\=undefined_arch
    export CURRENT_PROJECT_VERSION\=1
    export CURRENT_VARIANT\=normal
    export CURRENT_VERSION\=Current
    export DEAD_CODE_STRIPPING\=YES
    export DEBUGGING_SYMBOLS\=YES
    export DEBUG_INFORMATION_FORMAT\=dwarf
    export DEBUG_INFORMATION_VERSION\=compiler-default
    export DEFAULT_COMPILER\=com.apple.compilers.llvm.clang.1_0
    export DEFAULT_DEXT_INSTALL_PATH\=/System/Library/DriverExtensions
    export DEFAULT_KEXT_INSTALL_PATH\=/System/Library/Extensions
    export DEFINES_MODULE\=YES
    export DEPLOYMENT_LOCATION\=NO
    export DEPLOYMENT_POSTPROCESSING\=NO
    export DEPLOYMENT_TARGET_SETTING_NAME\=IPHONEOS_DEPLOYMENT_TARGET
    export DEPLOYMENT_TARGET_SUGGESTED_VALUES\=12.0\ 12.1\ 12.2\ 12.3\ 12.4\ 13.0\ 13.1\ 13.2\ 13.3\ 13.4\ 13.5\ 13.6\ 14.0\ 14.1\ 14.2\ 14.3\ 14.4\ 14.5\ 14.6\ 14.7\ 15.0\ 15.1\ 15.2\ 15.3\ 15.4\ 15.5\ 15.6\ 16.0\ 16.1\ 16.2\ 16.3\ 16.4\ 16.5\ 16.6\ 17.0\ 17.1\ 17.2\ 17.3\ 17.4\ 17.5\ 17.6\ 18.0\ 18.1\ 18.2\ 18.3\ 18.4
    export DERIVED_FILES_DIR\=/Users/ibrahimusmani/Library/Developer/Xcode/DerivedData/Signal-ftyjjpqofcnmqgarxcymapnsxdnn/Build/Intermediates.noindex/Pods.build/Debug-iphonesimulator/SignalRingRTC.build/DerivedSources
    export DERIVED_FILE_DIR\=/Users/ibrahimusmani/Library/Developer/Xcode/DerivedData/Signal-ftyjjpqofcnmqgarxcymapnsxdnn/Build/Intermediates.noindex/Pods.build/Debug-iphonesimulator/SignalRingRTC.build/DerivedSources
    export DERIVED_SOURCES_DIR\=/Users/ibrahimusmani/Library/Developer/Xcode/DerivedData/Signal-ftyjjpqofcnmqgarxcymapnsxdnn/Build/Intermediates.noindex/Pods.build/Debug-iphonesimulator/SignalRingRTC.build/DerivedSources
    export DEVELOPER_APPLICATIONS_DIR\=/Applications/Xcode.app/Contents/Developer/Applications
    export DEVELOPER_BIN_DIR\=/Applications/Xcode.app/Contents/Developer/usr/bin
    export DEVELOPER_DIR\=/Applications/Xcode.app/Contents/Developer
    export DEVELOPER_FRAMEWORKS_DIR\=/Applications/Xcode.app/Contents/Developer/Library/Frameworks
    export DEVELOPER_FRAMEWORKS_DIR_QUOTED\=/Applications/Xcode.app/Contents/Developer/Library/Frameworks
    export DEVELOPER_LIBRARY_DIR\=/Applications/Xcode.app/Contents/Developer/Library
    export DEVELOPER_SDK_DIR\=/Applications/Xcode.app/Contents/Developer/Platforms/MacOSX.platform/Developer/SDKs
    export DEVELOPER_TOOLS_DIR\=/Applications/Xcode.app/Contents/Developer/Tools
    export DEVELOPER_USR_DIR\=/Applications/Xcode.app/Contents/Developer/usr
    export DEVELOPMENT_LANGUAGE\=en
    export DIAGNOSE_MISSING_TARGET_DEPENDENCIES\=YES
    export DIFF\=/usr/bin/diff
    export DOCUMENTATION_FOLDER_PATH\=SignalRingRTC.framework/en.lproj/Documentation
    export DONT_GENERATE_INFOPLIST_FILE\=NO
    export DSTROOT\=/tmp/Pods.dst
    export DT_TOOLCHAIN_DIR\=/Applications/Xcode.app/Contents/Developer/Toolchains/XcodeDefault.xctoolchain
    export DWARF_DSYM_FILE_NAME\=SignalRingRTC.framework.dSYM
    export DWARF_DSYM_FILE_SHOULD_ACCOMPANY_PRODUCT\=NO
    export DWARF_DSYM_FOLDER_PATH\=/Users/ibrahimusmani/Library/Developer/Xcode/DerivedData/Signal-ftyjjpqofcnmqgarxcymapnsxdnn/Build/Products/Debug-iphonesimulator/SignalRingRTC
    export DYLIB_COMPATIBILITY_VERSION\=1
    export DYLIB_CURRENT_VERSION\=1
    export DYLIB_INSTALL_NAME_BASE\=@rpath
    export DYNAMIC_LIBRARY_EXTENSION\=dylib
    export EAGER_COMPILATION_ALLOW_SCRIPTS\=NO
    export EAGER_LINKING\=NO
    export EFFECTIVE_PLATFORM_NAME\=-iphonesimulator
    export EMBEDDED_CONTENT_CONTAINS_SWIFT\=NO
    export EMBED_ASSET_PACKS_IN_PRODUCT_BUNDLE\=NO
    export ENABLE_APP_SANDBOX\=NO
    export ENABLE_BITCODE\=NO
    export ENABLE_CODE_COVERAGE\=YES
    export ENABLE_DEFAULT_HEADER_SEARCH_PATHS\=YES
    export ENABLE_DEFAULT_SEARCH_PATHS\=YES
    export ENABLE_HARDENED_RUNTIME\=NO
    export ENABLE_HEADER_DEPENDENCIES\=YES
    export ENABLE_INCOMING_NETWORK_CONNECTIONS\=NO
    export ENABLE_ON_DEMAND_RESOURCES\=NO
    export ENABLE_OUTGOING_NETWORK_CONNECTIONS\=NO
    export ENABLE_PREVIEWS\=NO
    export ENABLE_RESOURCE_ACCESS_AUDIO_INPUT\=NO
    export ENABLE_RESOURCE_ACCESS_BLUETOOTH\=NO
    export ENABLE_RESOURCE_ACCESS_CALENDARS\=NO
    export ENABLE_RESOURCE_ACCESS_CAMERA\=NO
    export ENABLE_RESOURCE_ACCESS_CONTACTS\=NO
    export ENABLE_RESOURCE_ACCESS_LOCATION\=NO
    export ENABLE_RESOURCE_ACCESS_PRINTING\=NO
    export ENABLE_RESOURCE_ACCESS_USB\=NO
    export ENABLE_SDK_IMPORTS\=NO
    export ENABLE_STRICT_OBJC_MSGSEND\=YES
    export ENABLE_TESTABILITY\=YES
    export ENABLE_TESTING_SEARCH_PATHS\=NO
    export ENABLE_USER_SCRIPT_SANDBOXING\=NO
    export ENABLE_XOJIT_PREVIEWS\=YES
    export ENFORCE_VALID_ARCHS\=YES
    export ENTITLEMENTS_DESTINATION\=__entitlements
    export ENTITLEMENTS_REQUIRED\=NO
    export EXCLUDED_ARCHS\=armv7
    export EXCLUDED_INSTALLSRC_SUBDIRECTORY_PATTERNS\=.DS_Store\ .svn\ .git\ .hg\ CVS
    export EXCLUDED_RECURSIVE_SEARCH_PATH_SUBDIRECTORIES\=\*.nib\ \*.lproj\ \*.framework\ \*.gch\ \*.xcode\*\ \*.xcassets\ \(\*\)\ .DS_Store\ CVS\ .svn\ .git\ .hg\ \*.pbproj\ \*.pbxproj
    export EXECUTABLES_FOLDER_PATH\=SignalRingRTC.framework/en.lproj
    export EXECUTABLE_FOLDER_PATH\=SignalRingRTC.framework
    export EXECUTABLE_FOLDER_PATH_SHALLOW_BUNDLE_NO\=SignalRingRTC.framework
    export EXECUTABLE_FOLDER_PATH_SHALLOW_BUNDLE_YES\=SignalRingRTC.framework
    export EXECUTABLE_NAME\=SignalRingRTC
    export EXECUTABLE_PATH\=SignalRingRTC.framework/SignalRingRTC
    export EXPANDED_CODE_SIGN_IDENTITY\=-
    export EXPANDED_CODE_SIGN_IDENTITY_NAME\=Sign\ to\ Run\ Locally
    export EXTENSIONS_FOLDER_PATH\=SignalRingRTC.framework/Extensions
    export FILE_LIST\=/Users/ibrahimusmani/Library/Developer/Xcode/DerivedData/Signal-ftyjjpqofcnmqgarxcymapnsxdnn/Build/Intermediates.noindex/Pods.build/Debug-iphonesimulator/SignalRingRTC.build/Objects/LinkFileList
    export FIXED_FILES_DIR\=/Users/ibrahimusmani/Library/Developer/Xcode/DerivedData/Signal-ftyjjpqofcnmqgarxcymapnsxdnn/Build/Intermediates.noindex/Pods.build/Debug-iphonesimulator/SignalRingRTC.build/FixedFiles
    export FRAMEWORKS_FOLDER_PATH\=SignalRingRTC.framework/Frameworks
    export FRAMEWORK_FLAG_PREFIX\=-framework
    export FRAMEWORK_SEARCH_PATHS\=/Users/ibrahimusmani/Library/Developer/Xcode/DerivedData/Signal-ftyjjpqofcnmqgarxcymapnsxdnn/Build/Products/Debug-iphonesimulator/SignalRingRTC\ \ \"/Users/ibrahimusmani/Documents/Signal2/Signal-iOS/Pods/SignalRingRTC/out/release\"\ \"/Users/ibrahimusmani/Library/Developer/Xcode/DerivedData/Signal-ftyjjpqofcnmqgarxcymapnsxdnn/Build/Products/Debug-iphonesimulator/XCFrameworkIntermediates/SignalRingRTC/WebRTC\"
    export FRAMEWORK_VERSION\=A
    export FULL_PRODUCT_NAME\=SignalRingRTC.framework
    export FUSE_BUILD_PHASES\=YES
    export FUSE_BUILD_SCRIPT_PHASES\=NO
    export GCC3_VERSION\=3.3
    export GCC_C_LANGUAGE_STANDARD\=gnu11
    export GCC_DYNAMIC_NO_PIC\=NO
    export GCC_INLINES_ARE_PRIVATE_EXTERN\=YES
    export GCC_NO_COMMON_BLOCKS\=YES
    export GCC_OBJC_LEGACY_DISPATCH\=YES
    export GCC_OPTIMIZATION_LEVEL\=0
    export GCC_PFE_FILE_C_DIALECTS\=c\ objective-c\ c++\ objective-c++
    export GCC_PREFIX_HEADER\=Target\ Support\ Files/SignalRingRTC/SignalRingRTC-prefix.pch
    export GCC_PREPROCESSOR_DEFINITIONS\=POD_CONFIGURATION_DEBUG\=1\ DEBUG\=1\ \ COCOAPODS\=1
    export GCC_TREAT_WARNINGS_AS_ERRORS\=NO
    export GCC_VERSION\=com.apple.compilers.llvm.clang.1_0
    export GCC_VERSION_IDENTIFIER\=com_apple_compilers_llvm_clang_1_0
    export GCC_WARN_64_TO_32_BIT_CONVERSION\=YES
    export GCC_WARN_ABOUT_RETURN_TYPE\=YES_ERROR
    export GCC_WARN_INHIBIT_ALL_WARNINGS\=YES
    export GCC_WARN_UNDECLARED_SELECTOR\=YES
    export GCC_WARN_UNINITIALIZED_AUTOS\=YES_AGGRESSIVE
    export GCC_WARN_UNUSED_FUNCTION\=YES
    export GCC_WARN_UNUSED_VARIABLE\=YES
    export GENERATED_MODULEMAP_DIR\=/Users/ibrahimusmani/Library/Developer/Xcode/DerivedData/Signal-ftyjjpqofcnmqgarxcymapnsxdnn/Build/Intermediates.noindex/GeneratedModuleMaps-iphonesimulator
    export GENERATE_INFOPLIST_FILE\=NO
    export GENERATE_INTERMEDIATE_TEXT_BASED_STUBS\=YES
    export GENERATE_MASTER_OBJECT_FILE\=NO
    export GENERATE_PKGINFO_FILE\=NO
    export GENERATE_PROFILING_CODE\=NO
    export GENERATE_TEXT_BASED_STUBS\=NO
    export GID\=20
    export GROUP\=staff
    export HEADERMAP_INCLUDES_FLAT_ENTRIES_FOR_TARGET_BEING_BUILT\=YES
    export HEADERMAP_INCLUDES_FRAMEWORK_ENTRIES_FOR_ALL_PRODUCT_TYPES\=YES
    export HEADERMAP_INCLUDES_FRAMEWORK_ENTRIES_FOR_TARGETS_NOT_BEING_BUILT\=YES
    export HEADERMAP_INCLUDES_NONPUBLIC_NONPRIVATE_HEADERS\=YES
    export HEADERMAP_INCLUDES_PROJECT_HEADERS\=YES
    export HEADERMAP_USES_FRAMEWORK_PREFIX_ENTRIES\=YES
    export HEADERMAP_USES_VFS\=YES
    export HEADER_SEARCH_PATHS\=/Users/ibrahimusmani/Library/Developer/Xcode/DerivedData/Signal-ftyjjpqofcnmqgarxcymapnsxdnn/Build/Products/Debug-iphonesimulator/SignalRingRTC/include\ 
    export HIDE_BITCODE_SYMBOLS\=YES
    export HOME\=/Users/ibrahimusmani
    export HOST_ARCH\=arm64
    export HOST_PLATFORM\=macosx
    export ICONV\=/usr/bin/iconv
    export IMPLICIT_DEPENDENCY_DOMAIN\=default
    export INFOPLIST_ENABLE_CFBUNDLEICONS_MERGE\=YES
    export INFOPLIST_EXPAND_BUILD_SETTINGS\=YES
    export INFOPLIST_FILE\=Target\ Support\ Files/SignalRingRTC/SignalRingRTC-Info.plist
    export INFOPLIST_OUTPUT_FORMAT\=binary
    export INFOPLIST_PATH\=SignalRingRTC.framework/Info.plist
    export INFOPLIST_PREPROCESS\=NO
    export INFOSTRINGS_PATH\=SignalRingRTC.framework/en.lproj/InfoPlist.strings
    export INLINE_PRIVATE_FRAMEWORKS\=NO
    export INSTALLAPI_IGNORE_SKIP_INSTALL\=YES
    export INSTALLHDRS_COPY_PHASE\=NO
    export INSTALLHDRS_SCRIPT_PHASE\=NO
    export INSTALL_DIR\=/tmp/Pods.dst/Library/Frameworks
    export INSTALL_GROUP\=staff
    export INSTALL_MODE_FLAG\=u+w,go-w,a+rX
    export INSTALL_OWNER\=ibrahimusmani
    export INSTALL_PATH\=/Library/Frameworks
    export INSTALL_ROOT\=/tmp/Pods.dst
    export IPHONEOS_DEPLOYMENT_TARGET\=15.0
    export IS_UNOPTIMIZED_BUILD\=YES
    export JAVAC_DEFAULT_FLAGS\=-J-Xms64m\ -J-XX:NewSize\=4M\ -J-Dfile.encoding\=UTF8
    export JAVA_APP_STUB\=/System/Library/Frameworks/JavaVM.framework/Resources/MacOS/JavaApplicationStub
    export JAVA_ARCHIVE_CLASSES\=YES
    export JAVA_ARCHIVE_TYPE\=JAR
    export JAVA_COMPILER\=/usr/bin/javac
    export JAVA_FOLDER_PATH\=SignalRingRTC.framework/Java
    export JAVA_FRAMEWORK_RESOURCES_DIRS\=Resources
    export JAVA_JAR_FLAGS\=cv
    export JAVA_SOURCE_SUBDIR\=.
    export JAVA_USE_DEPENDENCIES\=YES
    export JAVA_ZIP_FLAGS\=-urg
    export JIKES_DEFAULT_FLAGS\=+E\ +OLDCSO
    export KEEP_PRIVATE_EXTERNS\=NO
    export LD_DEPENDENCY_INFO_FILE\=/Users/ibrahimusmani/Library/Developer/Xcode/DerivedData/Signal-ftyjjpqofcnmqgarxcymapnsxdnn/Build/Intermediates.noindex/Pods.build/Debug-iphonesimulator/SignalRingRTC.build/Objects-normal/undefined_arch/SignalRingRTC_dependency_info.dat
    export LD_DYLIB_INSTALL_NAME\=@rpath/SignalRingRTC.framework/SignalRingRTC
    export LD_EXPORT_SYMBOLS\=YES
    export LD_GENERATE_MAP_FILE\=NO
    export LD_MAP_FILE_PATH\=/Users/ibrahimusmani/Library/Developer/Xcode/DerivedData/Signal-ftyjjpqofcnmqgarxcymapnsxdnn/Build/Intermediates.noindex/Pods.build/Debug-iphonesimulator/SignalRingRTC.build/SignalRingRTC-LinkMap-normal-undefined_arch.txt
    export LD_NO_PIE\=NO
    export LD_QUOTE_LINKER_ARGUMENTS_FOR_COMPILER_DRIVER\=YES
    export LD_RUNPATH_SEARCH_PATHS\=\ @executable_path/Frameworks\ @loader_path/Frameworks
    export LD_SHARED_CACHE_ELIGIBLE\=Automatic
    export LD_WARN_DUPLICATE_LIBRARIES\=NO
    export LD_WARN_UNUSED_DYLIBS\=NO
    export LEGACY_DEVELOPER_DIR\=/Applications/Xcode.app/Contents/PlugIns/Xcode3Core.ideplugin/Contents/SharedSupport/Developer
    export LEX\=lex
    export LIBRARY_DEXT_INSTALL_PATH\=/Library/DriverExtensions
    export LIBRARY_FLAG_NOSPACE\=YES
    export LIBRARY_FLAG_PREFIX\=-l
    export LIBRARY_KEXT_INSTALL_PATH\=/Library/Extensions
    export LIBRARY_SEARCH_PATHS\=/Users/ibrahimusmani/Library/Developer/Xcode/DerivedData/Signal-ftyjjpqofcnmqgarxcymapnsxdnn/Build/Products/Debug-iphonesimulator/SignalRingRTC\ /Applications/Xcode.app/Contents/Developer/Toolchains/XcodeDefault.xctoolchain/usr/lib/swift/iphonesimulator\ /Applications/Xcode.app/Contents/Developer/Platforms/iPhoneSimulator.platform/Developer/SDKs/iPhoneSimulator18.4.sdk/usr/lib/swift
    export LIBRINGRTC_IF_NEEDED\=/Users/ibrahimusmani/Documents/Signal2/Signal-iOS/Pods/SignalRingRTC/out/release/libringrtc/x86_64-apple-ios/libringrtc.a
    export LINKER_DISPLAYS_MANGLED_NAMES\=NO
    export LINK_FILE_LIST_normal_arm64\=/Users/ibrahimusmani/Library/Developer/Xcode/DerivedData/Signal-ftyjjpqofcnmqgarxcymapnsxdnn/Build/Intermediates.noindex/Pods.build/Debug-iphonesimulator/SignalRingRTC.build/Objects-normal/arm64/SignalRingRTC.LinkFileList
    export LINK_OBJC_RUNTIME\=YES
    export LINK_WITH_STANDARD_LIBRARIES\=YES
    export LLVM_TARGET_TRIPLE_OS_VERSION\=ios15.0
    export LLVM_TARGET_TRIPLE_SUFFIX\=-simulator
    export LLVM_TARGET_TRIPLE_VENDOR\=apple
    export LM_AUX_CONST_METADATA_LIST_PATH_normal_arm64\=/Users/ibrahimusmani/Library/Developer/Xcode/DerivedData/Signal-ftyjjpqofcnmqgarxcymapnsxdnn/Build/Intermediates.noindex/Pods.build/Debug-iphonesimulator/SignalRingRTC.build/Objects-normal/arm64/SignalRingRTC.SwiftConstValuesFileList
    export LOCALIZATION_EXPORT_SUPPORTED\=YES
    export LOCALIZATION_PREFERS_STRING_CATALOGS\=NO
    export LOCALIZED_RESOURCES_FOLDER_PATH\=SignalRingRTC.framework/en.lproj
    export LOCALIZED_STRING_MACRO_NAMES\=NSLocalizedString\ CFCopyLocalizedString
    export LOCALIZED_STRING_SWIFTUI_SUPPORT\=YES
    export LOCAL_ADMIN_APPS_DIR\=/Applications/Utilities
    export LOCAL_APPS_DIR\=/Applications
    export LOCAL_DEVELOPER_DIR\=/Library/Developer
    export LOCAL_LIBRARY_DIR\=/Library
    export LOCROOT\=/Users/ibrahimusmani/Documents/Signal2/Signal-iOS/Pods
    export LOCSYMROOT\=/Users/ibrahimusmani/Documents/Signal2/Signal-iOS/Pods
    export MACH_O_TYPE\=mh_dylib
    export MAC_OS_X_PRODUCT_BUILD_VERSION\=24E263
    export MAC_OS_X_VERSION_ACTUAL\=150401
    export MAC_OS_X_VERSION_MAJOR\=150000
    export MAC_OS_X_VERSION_MINOR\=150400
    export MAKE_MERGEABLE\=NO
    export MERGEABLE_LIBRARY\=NO
    export MERGED_BINARY_TYPE\=none
    export MERGE_LINKED_LIBRARIES\=NO
    export METAL_LIBRARY_FILE_BASE\=default
    export METAL_LIBRARY_OUTPUT_DIR\=/Users/ibrahimusmani/Library/Developer/Xcode/DerivedData/Signal-ftyjjpqofcnmqgarxcymapnsxdnn/Build/Products/Debug-iphonesimulator/SignalRingRTC/SignalRingRTC.framework
    export MODULEMAP_FILE\=Target\ Support\ Files/SignalRingRTC/SignalRingRTC.modulemap
    export MODULES_FOLDER_PATH\=SignalRingRTC.framework/Modules
    export MODULE_CACHE_DIR\=/Users/ibrahimusmani/Library/Developer/Xcode/DerivedData/ModuleCache.noindex
    export MTL_ENABLE_DEBUG_INFO\=INCLUDE_SOURCE
    export MTL_FAST_MATH\=YES
    export NATIVE_ARCH\=arm64
    export NATIVE_ARCH_32_BIT\=arm
    export NATIVE_ARCH_64_BIT\=arm64
    export NATIVE_ARCH_ACTUAL\=arm64
    export NO_COMMON\=YES
    export OBJC_ABI_VERSION\=2
    export OBJECT_FILE_DIR\=/Users/ibrahimusmani/Library/Developer/Xcode/DerivedData/Signal-ftyjjpqofcnmqgarxcymapnsxdnn/Build/Intermediates.noindex/Pods.build/Debug-iphonesimulator/SignalRingRTC.build/Objects
    export OBJECT_FILE_DIR_normal\=/Users/ibrahimusmani/Library/Developer/Xcode/DerivedData/Signal-ftyjjpqofcnmqgarxcymapnsxdnn/Build/Intermediates.noindex/Pods.build/Debug-iphonesimulator/SignalRingRTC.build/Objects-normal
    export OBJROOT\=/Users/ibrahimusmani/Library/Developer/Xcode/DerivedData/Signal-ftyjjpqofcnmqgarxcymapnsxdnn/Build/Intermediates.noindex
    export ONLY_ACTIVE_ARCH\=YES
    export OS\=MACOS
    export OSAC\=/usr/bin/osacompile
    export OTHER_LDFLAGS\=/Users/ibrahimusmani/Documents/Signal2/Signal-iOS/Pods/SignalRingRTC/out/release/libringrtc/x86_64-apple-ios/libringrtc.a\ 
    export OTHER_SWIFT_FLAGS\=\ -D\ COCOAPODS\ -suppress-warnings\ -suppress-warnings
    export PACKAGE_TYPE\=com.apple.package-type.wrapper.framework
    export PASCAL_STRINGS\=YES
    export PATH\=/Applications/Xcode.app/Contents/SharedFrameworks/SwiftBuild.framework/Versions/A/PlugIns/SWBBuildService.bundle/Contents/PlugIns/SWBUniversalPlatformPlugin.bundle/Contents/Frameworks/SWBUniversalPlatform.framework/Resources:/Applications/Xcode.app/Contents/Developer/Toolchains/XcodeDefault.xctoolchain/usr/bin:/Applications/Xcode.app/Contents/Developer/Toolchains/XcodeDefault.xctoolchain/usr/local/bin:/Applications/Xcode.app/Contents/Developer/Toolchains/XcodeDefault.xctoolchain/usr/libexec:/Applications/Xcode.app/Contents/Developer/Platforms/iPhoneSimulator.platform/usr/bin:/Applications/Xcode.app/Contents/Developer/Platforms/iPhoneSimulator.platform/usr/local/bin:/Applications/Xcode.app/Contents/Developer/Platforms/iPhoneSimulator.platform/Developer/usr/bin:/Applications/Xcode.app/Contents/Developer/Platforms/iPhoneSimulator.platform/Developer/usr/local/bin:/Applications/Xcode.app/Contents/Developer/usr/bin:/Applications/Xcode.app/Contents/Developer/usr/local/bin:/Users/ibrahimusmani/.nvm/versions/node/v20.18.3/bin:/Users/ibrahimusmani/.bun/bin:/opt/homebrew/opt/ruby/bin:/Users/ibrahimusmani/.pyenv/shims:/usr/local/bin:/Users/ibrahimusmani/opt/anaconda3/bin:/Users/ibrahimusmani/Library/Android/sdk/cmdline-tools/latest/bin:/Users/ibrahimusmani/Library/Android/sdk/platform-tools:/Users/ibrahimusmani/Library/Android/sdk/emulator:/Users/ibrahimusmani/.pyenv/bin:/opt/homebrew/bin:/opt/homebrew/sbin:/System/Cryptexes/App/usr/bin:/usr/bin:/bin:/usr/sbin:/sbin:/var/run/com.apple.security.cryptexd/codex.system/bootstrap/usr/local/bin:/var/run/com.apple.security.cryptexd/codex.system/bootstrap/usr/bin:/var/run/com.apple.security.cryptexd/codex.system/bootstrap/usr/appleinternal/bin:/Library/Apple/usr/bin:/Applications/VMware\ Fusion.app/Contents/Public:/Users/ibrahimusmani/Library/pnpm:/cmdline-tools/latest/bin:/Users/ibrahimusmani/.cargo/bin
    export PATH_PREFIXES_EXCLUDED_FROM_HEADER_DEPENDENCIES\=/usr/include\ /usr/local/include\ /System/Library/Frameworks\ /System/Library/PrivateFrameworks\ /Applications/Xcode.app/Contents/Developer/Headers\ /Applications/Xcode.app/Contents/Developer/SDKs\ /Applications/Xcode.app/Contents/Developer/Platforms
    export PBDEVELOPMENTPLIST_PATH\=SignalRingRTC.framework/pbdevelopment.plist
    export PER_ARCH_MODULE_FILE_DIR\=/Users/ibrahimusmani/Library/Developer/Xcode/DerivedData/Signal-ftyjjpqofcnmqgarxcymapnsxdnn/Build/Intermediates.noindex/Pods.build/Debug-iphonesimulator/SignalRingRTC.build/Objects-normal/undefined_arch
    export PER_ARCH_OBJECT_FILE_DIR\=/Users/ibrahimusmani/Library/Developer/Xcode/DerivedData/Signal-ftyjjpqofcnmqgarxcymapnsxdnn/Build/Intermediates.noindex/Pods.build/Debug-iphonesimulator/SignalRingRTC.build/Objects-normal/undefined_arch
    export PER_VARIANT_OBJECT_FILE_DIR\=/Users/ibrahimusmani/Library/Developer/Xcode/DerivedData/Signal-ftyjjpqofcnmqgarxcymapnsxdnn/Build/Intermediates.noindex/Pods.build/Debug-iphonesimulator/SignalRingRTC.build/Objects-normal
    export PKGINFO_FILE_PATH\=/Users/ibrahimusmani/Library/Developer/Xcode/DerivedData/Signal-ftyjjpqofcnmqgarxcymapnsxdnn/Build/Intermediates.noindex/Pods.build/Debug-iphonesimulator/SignalRingRTC.build/PkgInfo
    export PKGINFO_PATH\=SignalRingRTC.framework/PkgInfo
    export PLATFORM_DEVELOPER_APPLICATIONS_DIR\=/Applications/Xcode.app/Contents/Developer/Platforms/iPhoneSimulator.platform/Developer/Applications
    export PLATFORM_DEVELOPER_BIN_DIR\=/Applications/Xcode.app/Contents/Developer/Platforms/iPhoneSimulator.platform/Developer/usr/bin
    export PLATFORM_DEVELOPER_LIBRARY_DIR\=/Applications/Xcode.app/Contents/Developer/Platforms/iPhoneSimulator.platform/Developer/Library
    export PLATFORM_DEVELOPER_SDK_DIR\=/Applications/Xcode.app/Contents/Developer/Platforms/iPhoneSimulator.platform/Developer/SDKs
    export PLATFORM_DEVELOPER_TOOLS_DIR\=/Applications/Xcode.app/Contents/Developer/Platforms/iPhoneSimulator.platform/Developer/Tools
    export PLATFORM_DEVELOPER_USR_DIR\=/Applications/Xcode.app/Contents/Developer/Platforms/iPhoneSimulator.platform/Developer/usr
    export PLATFORM_DIR\=/Applications/Xcode.app/Contents/Developer/Platforms/iPhoneSimulator.platform
    export PLATFORM_DISPLAY_NAME\=iOS\ Simulator
    export PLATFORM_FAMILY_NAME\=iOS
    export PLATFORM_NAME\=iphonesimulator
    export PLATFORM_PREFERRED_ARCH\=x86_64
    export PLATFORM_PRODUCT_BUILD_VERSION\=22E235
    export PLATFORM_REQUIRES_SWIFT_AUTOLINK_EXTRACT\=NO
    export PLATFORM_REQUIRES_SWIFT_MODULEWRAP\=NO
    export PLIST_FILE_OUTPUT_FORMAT\=binary
    export PLUGINS_FOLDER_PATH\=SignalRingRTC.framework/PlugIns
    export PODS_BUILD_DIR\=/Users/ibrahimusmani/Library/Developer/Xcode/DerivedData/Signal-ftyjjpqofcnmqgarxcymapnsxdnn/Build/Products
    export PODS_CONFIGURATION_BUILD_DIR\=/Users/ibrahimusmani/Library/Developer/Xcode/DerivedData/Signal-ftyjjpqofcnmqgarxcymapnsxdnn/Build/Products/Debug-iphonesimulator
    export PODS_DEVELOPMENT_LANGUAGE\=en
    export PODS_ROOT\=/Users/ibrahimusmani/Documents/Signal2/Signal-iOS/Pods
    export PODS_TARGET_SRCROOT\=/Users/ibrahimusmani/Documents/Signal2/Signal-iOS/Pods/SignalRingRTC
    export PODS_XCFRAMEWORKS_BUILD_DIR\=/Users/ibrahimusmani/Library/Developer/Xcode/DerivedData/Signal-ftyjjpqofcnmqgarxcymapnsxdnn/Build/Products/Debug-iphonesimulator/XCFrameworkIntermediates
    export PRECOMPS_INCLUDE_HEADERS_FROM_BUILT_PRODUCTS_DIR\=YES
    export PRECOMP_DESTINATION_DIR\=/Users/ibrahimusmani/Library/Developer/Xcode/DerivedData/Signal-ftyjjpqofcnmqgarxcymapnsxdnn/Build/Intermediates.noindex/Pods.build/Debug-iphonesimulator/SignalRingRTC.build/PrefixHeaders
    export PRIVATE_HEADERS_FOLDER_PATH\=SignalRingRTC.framework/PrivateHeaders
    export PROCESSED_INFOPLIST_PATH\=/Users/ibrahimusmani/Library/Developer/Xcode/DerivedData/Signal-ftyjjpqofcnmqgarxcymapnsxdnn/Build/Intermediates.noindex/Pods.build/Debug-iphonesimulator/SignalRingRTC.build/Objects-normal/undefined_arch/Processed-Info.plist
    export PRODUCT_BUNDLE_IDENTIFIER\=org.cocoapods.SignalRingRTC
    export PRODUCT_BUNDLE_PACKAGE_TYPE\=FMWK
    export PRODUCT_MODULE_NAME\=SignalRingRTC
    export PRODUCT_NAME\=SignalRingRTC
    export PRODUCT_SETTINGS_PATH\=/Users/ibrahimusmani/Documents/Signal2/Signal-iOS/Pods/Target\ Support\ Files/SignalRingRTC/SignalRingRTC-Info.plist
    export PRODUCT_TYPE\=com.apple.product-type.framework
    export PROFILING_CODE\=NO
    export PROJECT\=Pods
    export PROJECT_DERIVED_FILE_DIR\=/Users/ibrahimusmani/Library/Developer/Xcode/DerivedData/Signal-ftyjjpqofcnmqgarxcymapnsxdnn/Build/Intermediates.noindex/Pods.build/DerivedSources
    export PROJECT_DIR\=/Users/ibrahimusmani/Documents/Signal2/Signal-iOS/Pods
    export PROJECT_FILE_PATH\=/Users/ibrahimusmani/Documents/Signal2/Signal-iOS/Pods/Pods.xcodeproj
    export PROJECT_GUID\=8699adb1dd336b26511df848a716bd42
    export PROJECT_NAME\=Pods
    export PROJECT_TEMP_DIR\=/Users/ibrahimusmani/Library/Developer/Xcode/DerivedData/Signal-ftyjjpqofcnmqgarxcymapnsxdnn/Build/Intermediates.noindex/Pods.build
    export PROJECT_TEMP_ROOT\=/Users/ibrahimusmani/Library/Developer/Xcode/DerivedData/Signal-ftyjjpqofcnmqgarxcymapnsxdnn/Build/Intermediates.noindex
    export PUBLIC_HEADERS_FOLDER_PATH\=SignalRingRTC.framework/Headers
    export RECOMMENDED_IPHONEOS_DEPLOYMENT_TARGET\=15.0
    export RECURSIVE_SEARCH_PATHS_FOLLOW_SYMLINKS\=YES
    export REMOVE_CVS_FROM_RESOURCES\=YES
    export REMOVE_GIT_FROM_RESOURCES\=YES
    export REMOVE_HEADERS_FROM_EMBEDDED_BUNDLES\=YES
    export REMOVE_HG_FROM_RESOURCES\=YES
    export REMOVE_STATIC_EXECUTABLES_FROM_EMBEDDED_BUNDLES\=YES
    export REMOVE_SVN_FROM_RESOURCES\=YES
    export RESCHEDULE_INDEPENDENT_HEADERS_PHASES\=YES
    export REZ_COLLECTOR_DIR\=/Users/ibrahimusmani/Library/Developer/Xcode/DerivedData/Signal-ftyjjpqofcnmqgarxcymapnsxdnn/Build/Intermediates.noindex/Pods.build/Debug-iphonesimulator/SignalRingRTC.build/ResourceManagerResources
    export REZ_OBJECTS_DIR\=/Users/ibrahimusmani/Library/Developer/Xcode/DerivedData/Signal-ftyjjpqofcnmqgarxcymapnsxdnn/Build/Intermediates.noindex/Pods.build/Debug-iphonesimulator/SignalRingRTC.build/ResourceManagerResources/Objects
    export REZ_SEARCH_PATHS\=/Users/ibrahimusmani/Library/Developer/Xcode/DerivedData/Signal-ftyjjpqofcnmqgarxcymapnsxdnn/Build/Products/Debug-iphonesimulator/SignalRingRTC\ 
    export RINGRTC_PREBUILD_DIR\=/Users/ibrahimusmani/Library/Caches/org.signal.ringrtc/prebuild-2.50.3
    export SCAN_ALL_SOURCE_FILES_FOR_INCLUDES\=NO
    export SCRIPTS_FOLDER_PATH\=SignalRingRTC.framework/Scripts
    export SCRIPT_INPUT_FILE_0\=/Users/ibrahimusmani/Documents/Signal2/Signal-iOS/Pods/SignalRingRTC/prebuild-checksum
    export SCRIPT_INPUT_FILE_1\=/Users/ibrahimusmani/Library/Caches/org.signal.ringrtc/prebuild-2.50.3/prebuild-checksum
    export SCRIPT_INPUT_FILE_COUNT\=2
    export SCRIPT_INPUT_FILE_LIST_COUNT\=0
    export SCRIPT_OUTPUT_FILE_0\=/Users/ibrahimusmani/Library/Developer/Xcode/DerivedData/Signal-ftyjjpqofcnmqgarxcymapnsxdnn/Build/Intermediates.noindex/Pods.build/Debug-iphonesimulator/SignalRingRTC.build/DerivedSources/prebuild-checksum
    export SCRIPT_OUTPUT_FILE_COUNT\=1
    export SCRIPT_OUTPUT_FILE_LIST_COUNT\=0
    export SDKROOT\=/Applications/Xcode.app/Contents/Developer/Platforms/iPhoneSimulator.platform/Developer/SDKs/iPhoneSimulator18.4.sdk
    export SDK_DIR\=/Applications/Xcode.app/Contents/Developer/Platforms/iPhoneSimulator.platform/Developer/SDKs/iPhoneSimulator18.4.sdk
    export SDK_DIR_iphonesimulator\=/Applications/Xcode.app/Contents/Developer/Platforms/iPhoneSimulator.platform/Developer/SDKs/iPhoneSimulator18.4.sdk
    export SDK_DIR_iphonesimulator18_4\=/Applications/Xcode.app/Contents/Developer/Platforms/iPhoneSimulator.platform/Developer/SDKs/iPhoneSimulator18.4.sdk
    export SDK_NAME\=iphonesimulator18.4
    export SDK_NAMES\=iphonesimulator18.4
    export SDK_PRODUCT_BUILD_VERSION\=22E235
    export SDK_STAT_CACHE_DIR\=/Users/ibrahimusmani/Library/Developer/Xcode/DerivedData
    export SDK_STAT_CACHE_ENABLE\=YES
    export SDK_STAT_CACHE_PATH\=/Users/ibrahimusmani/Library/Developer/Xcode/DerivedData/SDKStatCaches.noindex/iphonesimulator18.4-22E235-71825a6d136aa4733edcbe86ece5525b.sdkstatcache
    export SDK_VERSION\=18.4
    export SDK_VERSION_ACTUAL\=180400
    export SDK_VERSION_MAJOR\=180000
    export SDK_VERSION_MINOR\=180400
    export SED\=/usr/bin/sed
    export SEPARATE_STRIP\=NO
    export SEPARATE_SYMBOL_EDIT\=NO
    export SET_DIR_MODE_OWNER_GROUP\=YES
    export SET_FILE_MODE_OWNER_GROUP\=NO
    export SHALLOW_BUNDLE\=YES
    export SHALLOW_BUNDLE_TRIPLE\=ios-simulator
    export SHALLOW_BUNDLE_ios_macabi\=NO
    export SHALLOW_BUNDLE_macos\=NO
    export SHARED_DERIVED_FILE_DIR\=/Users/ibrahimusmani/Library/Developer/Xcode/DerivedData/Signal-ftyjjpqofcnmqgarxcymapnsxdnn/Build/Products/Debug-iphonesimulator/SignalRingRTC/DerivedSources
    export SHARED_FRAMEWORKS_FOLDER_PATH\=SignalRingRTC.framework/SharedFrameworks
    export SHARED_PRECOMPS_DIR\=/Users/ibrahimusmani/Library/Developer/Xcode/DerivedData/Signal-ftyjjpqofcnmqgarxcymapnsxdnn/Build/Intermediates.noindex/PrecompiledHeaders
    export SHARED_SUPPORT_FOLDER_PATH\=SignalRingRTC.framework
    export SKIP_INSTALL\=YES
    export SOURCE_ROOT\=/Users/ibrahimusmani/Documents/Signal2/Signal-iOS/Pods
    export SRCROOT\=/Users/ibrahimusmani/Documents/Signal2/Signal-iOS/Pods
    export STRINGSDATA_DIR\=/Users/ibrahimusmani/Library/Developer/Xcode/DerivedData/Signal-ftyjjpqofcnmqgarxcymapnsxdnn/Build/Intermediates.noindex/Pods.build/Debug-iphonesimulator/SignalRingRTC.build/Objects-normal/undefined_arch
    export STRINGSDATA_ROOT\=/Users/ibrahimusmani/Library/Developer/Xcode/DerivedData/Signal-ftyjjpqofcnmqgarxcymapnsxdnn/Build/Intermediates.noindex/Pods.build/Debug-iphonesimulator/SignalRingRTC.build
    export STRINGS_FILE_INFOPLIST_RENAME\=YES
    export STRINGS_FILE_OUTPUT_ENCODING\=binary
    export STRIP_BITCODE_FROM_COPIED_FILES\=NO
    export STRIP_INSTALLED_PRODUCT\=NO
    export STRIP_STYLE\=debugging
    export STRIP_SWIFT_SYMBOLS\=YES
    export SUPPORTED_DEVICE_FAMILIES\=1,2
    export SUPPORTED_PLATFORMS\=iphoneos\ iphonesimulator
    export SUPPORTS_TEXT_BASED_API\=NO
    export SUPPRESS_WARNINGS\=NO
    export SWIFT_ACTIVE_COMPILATION_CONDITIONS\=DEBUG\ 
    export SWIFT_EMIT_LOC_STRINGS\=NO
    export SWIFT_INSTALL_MODULE_FOR_DEPLOYMENT\=YES
    export SWIFT_OPTIMIZATION_LEVEL\=-Onone
    export SWIFT_PLATFORM_TARGET_PREFIX\=ios
    export SWIFT_RESPONSE_FILE_PATH_normal_arm64\=/Users/ibrahimusmani/Library/Developer/Xcode/DerivedData/Signal-ftyjjpqofcnmqgarxcymapnsxdnn/Build/Intermediates.noindex/Pods.build/Debug-iphonesimulator/SignalRingRTC.build/Objects-normal/arm64/SignalRingRTC.SwiftFileList
    export SWIFT_VERSION\=5
    export SYMROOT\=/Users/ibrahimusmani/Library/Developer/Xcode/DerivedData/Signal-ftyjjpqofcnmqgarxcymapnsxdnn/Build/Products
    export SYSTEM_ADMIN_APPS_DIR\=/Applications/Utilities
    export SYSTEM_APPS_DIR\=/Applications
    export SYSTEM_CORE_SERVICES_DIR\=/System/Library/CoreServices
    export SYSTEM_DEMOS_DIR\=/Applications/Extras
    export SYSTEM_DEVELOPER_APPS_DIR\=/Applications/Xcode.app/Contents/Developer/Applications
    export SYSTEM_DEVELOPER_BIN_DIR\=/Applications/Xcode.app/Contents/Developer/usr/bin
    export SYSTEM_DEVELOPER_DEMOS_DIR\=/Applications/Xcode.app/Contents/Developer/Applications/Utilities/Built\ Examples
    export SYSTEM_DEVELOPER_DIR\=/Applications/Xcode.app/Contents/Developer
    export SYSTEM_DEVELOPER_DOC_DIR\=/Applications/Xcode.app/Contents/Developer/ADC\ Reference\ Library
    export SYSTEM_DEVELOPER_GRAPHICS_TOOLS_DIR\=/Applications/Xcode.app/Contents/Developer/Applications/Graphics\ Tools
    export SYSTEM_DEVELOPER_JAVA_TOOLS_DIR\=/Applications/Xcode.app/Contents/Developer/Applications/Java\ Tools
    export SYSTEM_DEVELOPER_PERFORMANCE_TOOLS_DIR\=/Applications/Xcode.app/Contents/Developer/Applications/Performance\ Tools
    export SYSTEM_DEVELOPER_RELEASENOTES_DIR\=/Applications/Xcode.app/Contents/Developer/ADC\ Reference\ Library/releasenotes
    export SYSTEM_DEVELOPER_TOOLS\=/Applications/Xcode.app/Contents/Developer/Tools
    export SYSTEM_DEVELOPER_TOOLS_DOC_DIR\=/Applications/Xcode.app/Contents/Developer/ADC\ Reference\ Library/documentation/DeveloperTools
    export SYSTEM_DEVELOPER_TOOLS_RELEASENOTES_DIR\=/Applications/Xcode.app/Contents/Developer/ADC\ Reference\ Library/releasenotes/DeveloperTools
    export SYSTEM_DEVELOPER_USR_DIR\=/Applications/Xcode.app/Contents/Developer/usr
    export SYSTEM_DEVELOPER_UTILITIES_DIR\=/Applications/Xcode.app/Contents/Developer/Applications/Utilities
    export SYSTEM_DEXT_INSTALL_PATH\=/System/Library/DriverExtensions
    export SYSTEM_DOCUMENTATION_DIR\=/Library/Documentation
    export SYSTEM_EXTENSIONS_FOLDER_PATH\=SignalRingRTC.framework/SystemExtensions
    export SYSTEM_EXTENSIONS_FOLDER_PATH_SHALLOW_BUNDLE_NO\=SignalRingRTC.framework/Library/SystemExtensions
    export SYSTEM_EXTENSIONS_FOLDER_PATH_SHALLOW_BUNDLE_YES\=SignalRingRTC.framework/SystemExtensions
    export SYSTEM_KEXT_INSTALL_PATH\=/System/Library/Extensions
    export SYSTEM_LIBRARY_DIR\=/System/Library
    export TAPI_DEMANGLE\=YES
    export TAPI_ENABLE_PROJECT_HEADERS\=NO
    export TAPI_LANGUAGE\=objective-c
    export TAPI_LANGUAGE_STANDARD\=compiler-default
    export TAPI_USE_SRCROOT\=YES
    export TAPI_VERIFY_MODE\=Pedantic
    export TARGETED_DEVICE_FAMILY\=1,2
    export TARGETNAME\=SignalRingRTC
    export TARGET_BUILD_DIR\=/Users/ibrahimusmani/Library/Developer/Xcode/DerivedData/Signal-ftyjjpqofcnmqgarxcymapnsxdnn/Build/Products/Debug-iphonesimulator/SignalRingRTC
    export TARGET_DEVICE_IDENTIFIER\=7AE53A7E-8F0D-482E-BB5F-8176A1CA9630
    export TARGET_DEVICE_MODEL\=iPhone17,3
    export TARGET_DEVICE_OS_VERSION\=18.4
    export TARGET_DEVICE_PLATFORM_NAME\=iphonesimulator
    export TARGET_NAME\=SignalRingRTC
    export TARGET_TEMP_DIR\=/Users/ibrahimusmani/Library/Developer/Xcode/DerivedData/Signal-ftyjjpqofcnmqgarxcymapnsxdnn/Build/Intermediates.noindex/Pods.build/Debug-iphonesimulator/SignalRingRTC.build
    export TEMP_DIR\=/Users/ibrahimusmani/Library/Developer/Xcode/DerivedData/Signal-ftyjjpqofcnmqgarxcymapnsxdnn/Build/Intermediates.noindex/Pods.build/Debug-iphonesimulator/SignalRingRTC.build
    export TEMP_FILES_DIR\=/Users/ibrahimusmani/Library/Developer/Xcode/DerivedData/Signal-ftyjjpqofcnmqgarxcymapnsxdnn/Build/Intermediates.noindex/Pods.build/Debug-iphonesimulator/SignalRingRTC.build
    export TEMP_FILE_DIR\=/Users/ibrahimusmani/Library/Developer/Xcode/DerivedData/Signal-ftyjjpqofcnmqgarxcymapnsxdnn/Build/Intermediates.noindex/Pods.build/Debug-iphonesimulator/SignalRingRTC.build
    export TEMP_ROOT\=/Users/ibrahimusmani/Library/Developer/Xcode/DerivedData/Signal-ftyjjpqofcnmqgarxcymapnsxdnn/Build/Intermediates.noindex
    export TEMP_SANDBOX_DIR\=/Users/ibrahimusmani/Library/Developer/Xcode/DerivedData/Signal-ftyjjpqofcnmqgarxcymapnsxdnn/Build/Intermediates.noindex/TemporaryTaskSandboxes
    export TEST_FRAMEWORK_SEARCH_PATHS\=\ /Applications/Xcode.app/Contents/Developer/Platforms/iPhoneSimulator.platform/Developer/Library/Frameworks\ /Applications/Xcode.app/Contents/Developer/Platforms/iPhoneSimulator.platform/Developer/SDKs/iPhoneSimulator18.4.sdk/Developer/Library/Frameworks
    export TEST_LIBRARY_SEARCH_PATHS\=\ /Applications/Xcode.app/Contents/Developer/Platforms/iPhoneSimulator.platform/Developer/usr/lib
    export TOOLCHAINS\=com.apple.dt.toolchain.XcodeDefault
    export TOOLCHAIN_DIR\=/Applications/Xcode.app/Contents/Developer/Toolchains/XcodeDefault.xctoolchain
    export TREAT_MISSING_BASELINES_AS_TEST_FAILURES\=NO
    export TREAT_MISSING_SCRIPT_PHASE_OUTPUTS_AS_ERRORS\=NO
    export TeamIdentifierPrefix\=6X3MQMNK7C.
    export UID\=501
    export UNINSTALLED_PRODUCTS_DIR\=/Users/ibrahimusmani/Library/Developer/Xcode/DerivedData/Signal-ftyjjpqofcnmqgarxcymapnsxdnn/Build/Intermediates.noindex/UninstalledProducts
    export UNLOCALIZED_RESOURCES_FOLDER_PATH\=SignalRingRTC.framework
    export UNLOCALIZED_RESOURCES_FOLDER_PATH_SHALLOW_BUNDLE_NO\=SignalRingRTC.framework/Resources
    export UNLOCALIZED_RESOURCES_FOLDER_PATH_SHALLOW_BUNDLE_YES\=SignalRingRTC.framework
    export UNSTRIPPED_PRODUCT\=NO
    export USER\=ibrahimusmani
    export USER_APPS_DIR\=/Users/ibrahimusmani/Applications
    export USER_LIBRARY_DIR\=/Users/ibrahimusmani/Library
    export USE_DYNAMIC_NO_PIC\=YES
    export USE_HEADERMAP\=YES
    export USE_HEADER_SYMLINKS\=NO
    export USE_RECURSIVE_SCRIPT_INPUTS_IN_SCRIPT_PHASES\=YES
    export VALIDATE_DEVELOPMENT_ASSET_PATHS\=YES_ERROR
    export VALIDATE_PRODUCT\=NO
    export VALID_ARCHS\=arm64\ arm64e\ x86_64
    export VERBOSE_PBXCP\=NO
    export VERSIONING_SYSTEM\=apple-generic
    export VERSIONPLIST_PATH\=SignalRingRTC.framework/version.plist
    export VERSIONS_FOLDER_PATH\=SignalRingRTC.framework
    export VERSIONS_FOLDER_PATH_SHALLOW_BUNDLE_NO\=SignalRingRTC.framework/Versions
    export VERSIONS_FOLDER_PATH_SHALLOW_BUNDLE_YES\=SignalRingRTC.framework
    export VERSION_INFO_BUILDER\=ibrahimusmani
    export VERSION_INFO_FILE\=SignalRingRTC_vers.c
    export VERSION_INFO_STRING\=\"@\(\#\)PROGRAM:SignalRingRTC\ \ PROJECT:Pods-1\"
    export WARNING_CFLAGS\=\ -Werror\=incompatible-pointer-types\ -Werror\=protocol\ -Werror\=incomplete-implementation\ -Werror\=objc-literal-conversion\ -Werror\=objc-property-synthesis\ -Werror\=objc-protocol-property-synthesis
    export WORKSPACE_DIR\=/Users/ibrahimusmani/Documents/Signal2/Signal-iOS
    export WRAPPER_EXTENSION\=framework
    export WRAPPER_NAME\=SignalRingRTC.framework
    export WRAPPER_SUFFIX\=.framework
    export WRAP_ASSET_PACKS_IN_SEPARATE_DIRECTORIES\=NO
    export XCODE_APP_SUPPORT_DIR\=/Applications/Xcode.app/Contents/Developer/Library/Xcode
    export XCODE_PRODUCT_BUILD_VERSION\=16E140
    export XCODE_VERSION_ACTUAL\=1630
    export XCODE_VERSION_MAJOR\=1600
    export XCODE_VERSION_MINOR\=1630
    export XPCSERVICES_FOLDER_PATH\=SignalRingRTC.framework/XPCServices
    export YACC\=yacc
    export _DISCOVER_COMMAND_LINE_LINKER_INPUTS\=YES
    export _DISCOVER_COMMAND_LINE_LINKER_INPUTS_INCLUDE_WL\=YES
    export _WRAPPER_CONTENTS_DIR_SHALLOW_BUNDLE_NO\=/Contents
    export _WRAPPER_PARENT_PATH_SHALLOW_BUNDLE_NO\=/..
    export _WRAPPER_RESOURCES_DIR_SHALLOW_BUNDLE_NO\=/Resources
    export __DIAGNOSE_DEPRECATED_ARCHS\=YES
    export arch\=undefined_arch
    export variant\=normal
    /bin/sh -c /Users/ibrahimusmani/Library/Developer/Xcode/DerivedData/Signal-ftyjjpqofcnmqgarxcymapnsxdnn/Build/Intermediates.noindex/Pods.build/Debug-iphonesimulator/SignalRingRTC.build/Script-AE5F557F6B2F4F2867A7B0DAD81AC9AE.sh

ProcessInfoPlistFile /Users/ibrahimusmani/Library/Developer/Xcode/DerivedData/Signal-ftyjjpqofcnmqgarxcymapnsxdnn/Build/Products/Debug-iphonesimulator/libPhoneNumber-iOS/libPhoneNumber_iOS.framework/Info.plist /Users/ibrahimusmani/Documents/Signal2/Signal-iOS/Pods/Target\ Support\ Files/libPhoneNumber-iOS/libPhoneNumber-iOS-Info.plist (in target 'libPhoneNumber-iOS' from project 'Pods')
    cd /Users/ibrahimusmani/Documents/Signal2/Signal-iOS/Pods
    builtin-infoPlistUtility /Users/ibrahimusmani/Documents/Signal2/Signal-iOS/Pods/Target\ Support\ Files/libPhoneNumber-iOS/libPhoneNumber-iOS-Info.plist -producttype com.apple.product-type.framework -expandbuildsettings -format binary -platform iphonesimulator -o /Users/ibrahimusmani/Library/Developer/Xcode/DerivedData/Signal-ftyjjpqofcnmqgarxcymapnsxdnn/Build/Products/Debug-iphonesimulator/libPhoneNumber-iOS/libPhoneNumber_iOS.framework/Info.plist

ProcessInfoPlistFile /Users/ibrahimusmani/Library/Developer/Xcode/DerivedData/Signal-ftyjjpqofcnmqgarxcymapnsxdnn/Build/Products/Debug-iphonesimulator/blurhash/blurhash.framework/Info.plist /Users/ibrahimusmani/Documents/Signal2/Signal-iOS/Pods/Target\ Support\ Files/blurhash/blurhash-Info.plist (in target 'blurhash' from project 'Pods')
    cd /Users/ibrahimusmani/Documents/Signal2/Signal-iOS/Pods
    builtin-infoPlistUtility /Users/ibrahimusmani/Documents/Signal2/Signal-iOS/Pods/Target\ Support\ Files/blurhash/blurhash-Info.plist -producttype com.apple.product-type.framework -expandbuildsettings -format binary -platform iphonesimulator -o /Users/ibrahimusmani/Library/Developer/Xcode/DerivedData/Signal-ftyjjpqofcnmqgarxcymapnsxdnn/Build/Products/Debug-iphonesimulator/blurhash/blurhash.framework/Info.plist

ProcessInfoPlistFile /Users/ibrahimusmani/Library/Developer/Xcode/DerivedData/Signal-ftyjjpqofcnmqgarxcymapnsxdnn/Build/Products/Debug-iphonesimulator/SwiftProtobuf/SwiftProtobuf.bundle/Info.plist /Users/ibrahimusmani/Documents/Signal2/Signal-iOS/Pods/Target\ Support\ Files/SwiftProtobuf/ResourceBundle-SwiftProtobuf-SwiftProtobuf-Info.plist (in target 'SwiftProtobuf-SwiftProtobuf' from project 'Pods')
    cd /Users/ibrahimusmani/Documents/Signal2/Signal-iOS/Pods
    builtin-infoPlistUtility /Users/ibrahimusmani/Documents/Signal2/Signal-iOS/Pods/Target\ Support\ Files/SwiftProtobuf/ResourceBundle-SwiftProtobuf-SwiftProtobuf-Info.plist -producttype com.apple.product-type.bundle -expandbuildsettings -format binary -platform iphonesimulator -o /Users/ibrahimusmani/Library/Developer/Xcode/DerivedData/Signal-ftyjjpqofcnmqgarxcymapnsxdnn/Build/Products/Debug-iphonesimulator/SwiftProtobuf/SwiftProtobuf.bundle/Info.plist

ProcessInfoPlistFile /Users/ibrahimusmani/Library/Developer/Xcode/DerivedData/Signal-ftyjjpqofcnmqgarxcymapnsxdnn/Build/Products/Debug-iphonesimulator/SignalRingRTC/SignalRingRTC.framework/Info.plist /Users/ibrahimusmani/Documents/Signal2/Signal-iOS/Pods/Target\ Support\ Files/SignalRingRTC/SignalRingRTC-Info.plist (in target 'SignalRingRTC' from project 'Pods')
    cd /Users/ibrahimusmani/Documents/Signal2/Signal-iOS/Pods
    builtin-infoPlistUtility /Users/ibrahimusmani/Documents/Signal2/Signal-iOS/Pods/Target\ Support\ Files/SignalRingRTC/SignalRingRTC-Info.plist -producttype com.apple.product-type.framework -expandbuildsettings -format binary -platform iphonesimulator -o /Users/ibrahimusmani/Library/Developer/Xcode/DerivedData/Signal-ftyjjpqofcnmqgarxcymapnsxdnn/Build/Products/Debug-iphonesimulator/SignalRingRTC/SignalRingRTC.framework/Info.plist

ProcessInfoPlistFile /Users/ibrahimusmani/Library/Developer/Xcode/DerivedData/Signal-ftyjjpqofcnmqgarxcymapnsxdnn/Build/Products/Debug-iphonesimulator/PureLayout/PureLayout.framework/Info.plist /Users/ibrahimusmani/Documents/Signal2/Signal-iOS/Pods/Target\ Support\ Files/PureLayout/PureLayout-Info.plist (in target 'PureLayout' from project 'Pods')
    cd /Users/ibrahimusmani/Documents/Signal2/Signal-iOS/Pods
    builtin-infoPlistUtility /Users/ibrahimusmani/Documents/Signal2/Signal-iOS/Pods/Target\ Support\ Files/PureLayout/PureLayout-Info.plist -producttype com.apple.product-type.framework -expandbuildsettings -format binary -platform iphonesimulator -o /Users/ibrahimusmani/Library/Developer/Xcode/DerivedData/Signal-ftyjjpqofcnmqgarxcymapnsxdnn/Build/Products/Debug-iphonesimulator/PureLayout/PureLayout.framework/Info.plist

ProcessInfoPlistFile /Users/ibrahimusmani/Library/Developer/Xcode/DerivedData/Signal-ftyjjpqofcnmqgarxcymapnsxdnn/Build/Products/Debug-iphonesimulator/CocoaLumberjack/CocoaLumberjack.framework/Info.plist /Users/ibrahimusmani/Documents/Signal2/Signal-iOS/Pods/Target\ Support\ Files/CocoaLumberjack/CocoaLumberjack-Info.plist (in target 'CocoaLumberjack' from project 'Pods')
    cd /Users/ibrahimusmani/Documents/Signal2/Signal-iOS/Pods
    builtin-infoPlistUtility /Users/ibrahimusmani/Documents/Signal2/Signal-iOS/Pods/Target\ Support\ Files/CocoaLumberjack/CocoaLumberjack-Info.plist -producttype com.apple.product-type.framework -expandbuildsettings -format binary -platform iphonesimulator -o /Users/ibrahimusmani/Library/Developer/Xcode/DerivedData/Signal-ftyjjpqofcnmqgarxcymapnsxdnn/Build/Products/Debug-iphonesimulator/CocoaLumberjack/CocoaLumberjack.framework/Info.plist

PhaseScriptExecution [CP-User]\ Download\ libsignal-ffi\ if\ not\ in\ cache /Users/ibrahimusmani/Library/Developer/Xcode/DerivedData/Signal-ftyjjpqofcnmqgarxcymapnsxdnn/Build/Intermediates.noindex/Pods.build/Debug-iphonesimulator/LibSignalClient.build/Script-569E525A82EC0FC23D9771DA72939FF3.sh (in target 'LibSignalClient' from project 'Pods')
    cd /Users/ibrahimusmani/Documents/Signal2/Signal-iOS/Pods
    export ACTION\=build
    export AD_HOC_CODE_SIGNING_ALLOWED\=YES
    export ALLOW_BUILD_REQUEST_OVERRIDES\=NO
    export ALLOW_TARGET_PLATFORM_SPECIALIZATION\=NO
    export ALTERNATE_GROUP\=staff
    export ALTERNATE_MODE\=u+w,go-w,a+rX
    export ALTERNATE_OWNER\=ibrahimusmani
    export ALTERNATIVE_DISTRIBUTION_WEB\=NO
    export ALWAYS_EMBED_SWIFT_STANDARD_LIBRARIES\=NO
    export ALWAYS_SEARCH_USER_PATHS\=NO
    export ALWAYS_USE_SEPARATE_HEADERMAPS\=NO
    export APPLICATION_EXTENSION_API_ONLY\=YES
    export APPLY_RULES_IN_COPY_FILES\=NO
    export APPLY_RULES_IN_COPY_HEADERS\=NO
    export APP_SHORTCUTS_ENABLE_FLEXIBLE_MATCHING\=YES
    export ARCHS\=arm64
    export ARCHS_STANDARD\=arm64\ x86_64
    export ARCHS_STANDARD_32_64_BIT\=arm64\ x86_64
    export ARCHS_STANDARD_64_BIT\=arm64\ x86_64
    export ARCHS_STANDARD_INCLUDING_64_BIT\=arm64\ x86_64
    export ARCHS_UNIVERSAL_IPHONE_OS\=arm64\ x86_64
    export ASSETCATALOG_FILTER_FOR_DEVICE_MODEL\=iPhone17,3
    export ASSETCATALOG_FILTER_FOR_DEVICE_OS_VERSION\=18.4
    export ASSETCATALOG_FILTER_FOR_THINNING_DEVICE_CONFIGURATION\=iPhone17,3
    export AUTOMATICALLY_MERGE_DEPENDENCIES\=NO
    export AVAILABLE_PLATFORMS\=android\ appletvos\ appletvsimulator\ driverkit\ iphoneos\ iphonesimulator\ macosx\ qnx\ watchos\ watchsimulator\ xros\ xrsimulator
    export AppIdentifierPrefix\=6X3MQMNK7C.
    export BITCODE_GENERATION_MODE\=marker
    export BUILD_ACTIVE_RESOURCES_ONLY\=YES
    export BUILD_COMPONENTS\=headers\ build
    export BUILD_DIR\=/Users/ibrahimusmani/Library/Developer/Xcode/DerivedData/Signal-ftyjjpqofcnmqgarxcymapnsxdnn/Build/Products
    export BUILD_LIBRARY_FOR_DISTRIBUTION\=NO
    export BUILD_ROOT\=/Users/ibrahimusmani/Library/Developer/Xcode/DerivedData/Signal-ftyjjpqofcnmqgarxcymapnsxdnn/Build/Products
    export BUILD_STYLE\=
    export BUILD_VARIANTS\=normal
    export BUILT_PRODUCTS_DIR\=/Users/ibrahimusmani/Library/Developer/Xcode/DerivedData/Signal-ftyjjpqofcnmqgarxcymapnsxdnn/Build/Products/Debug-iphonesimulator/LibSignalClient
    export BUNDLE_CONTENTS_FOLDER_PATH_deep\=Contents/
    export BUNDLE_EXECUTABLE_FOLDER_NAME_deep\=MacOS
    export BUNDLE_EXTENSIONS_FOLDER_PATH\=Extensions
    export BUNDLE_FORMAT\=shallow
    export BUNDLE_FRAMEWORKS_FOLDER_PATH\=Frameworks
    export BUNDLE_PLUGINS_FOLDER_PATH\=PlugIns
    export BUNDLE_PRIVATE_HEADERS_FOLDER_PATH\=PrivateHeaders
    export BUNDLE_PUBLIC_HEADERS_FOLDER_PATH\=Headers
    export CACHE_ROOT\=/var/folders/7k/59vyjx2j1gv527rwq4c59skr0000gn/C/com.apple.DeveloperTools/16.3-16E140/Xcode
    export CARGO_BUILD_TARGET\=x86_64-apple-ios
    export CARGO_BUILD_TARGET_MAC_CATALYST_ARM_\=aarch64-apple-darwin
    export CARGO_BUILD_TARGET_MAC_CATALYST_ARM_YES\=aarch64-apple-ios-macabi
    export CARGO_BUILD_TARGET_MAC_CATALYST_X86_\=x86_64-apple-darwin
    export CARGO_BUILD_TARGET_MAC_CATALYST_X86_YES\=x86_64-apple-ios-macabi
    export CCHROOT\=/var/folders/7k/59vyjx2j1gv527rwq4c59skr0000gn/C/com.apple.DeveloperTools/16.3-16E140/Xcode
    export CHMOD\=/bin/chmod
    export CHOWN\=/usr/sbin/chown
    export CLANG_ANALYZER_LOCALIZABILITY_NONLOCALIZED\=YES
    export CLANG_ANALYZER_NONNULL\=YES
    export CLANG_ANALYZER_NUMBER_OBJECT_CONVERSION\=YES_AGGRESSIVE
    export CLANG_CACHE_FINE_GRAINED_OUTPUTS\=YES
    export CLANG_COVERAGE_MAPPING\=YES
    export CLANG_CXX_LANGUAGE_STANDARD\=gnu++14
    export CLANG_CXX_LIBRARY\=libc++
    export CLANG_ENABLE_EXPLICIT_MODULES\=YES
    export CLANG_ENABLE_MODULES\=YES
    export CLANG_ENABLE_OBJC_ARC\=YES
    export CLANG_ENABLE_OBJC_WEAK\=NO
    export CLANG_MODULES_BUILD_SESSION_FILE\=/Users/ibrahimusmani/Library/Developer/Xcode/DerivedData/ModuleCache.noindex/Session.modulevalidation
    export CLANG_PROFILE_DATA_DIRECTORY\=/Users/ibrahimusmani/Library/Developer/Xcode/DerivedData/Signal-ftyjjpqofcnmqgarxcymapnsxdnn/Build/ProfileData
    export CLANG_WARN_BLOCK_CAPTURE_AUTORELEASING\=YES
    export CLANG_WARN_BOOL_CONVERSION\=YES
    export CLANG_WARN_COMMA\=YES
    export CLANG_WARN_CONSTANT_CONVERSION\=YES
    export CLANG_WARN_DEPRECATED_OBJC_IMPLEMENTATIONS\=YES
    export CLANG_WARN_DIRECT_OBJC_ISA_USAGE\=YES_ERROR
    export CLANG_WARN_DOCUMENTATION_COMMENTS\=YES
    export CLANG_WARN_EMPTY_BODY\=YES
    export CLANG_WARN_ENUM_CONVERSION\=YES
    export CLANG_WARN_INFINITE_RECURSION\=YES
    export CLANG_WARN_INT_CONVERSION\=YES
    export CLANG_WARN_NON_LITERAL_NULL_CONVERSION\=YES
    export CLANG_WARN_OBJC_IMPLICIT_RETAIN_SELF\=YES
    export CLANG_WARN_OBJC_LITERAL_CONVERSION\=YES
    export CLANG_WARN_OBJC_ROOT_CLASS\=YES_ERROR
    export CLANG_WARN_QUOTED_INCLUDE_IN_FRAMEWORK_HEADER\=NO
    export CLANG_WARN_RANGE_LOOP_ANALYSIS\=YES
    export CLANG_WARN_STRICT_PROTOTYPES\=YES
    export CLANG_WARN_SUSPICIOUS_MOVE\=YES
    export CLANG_WARN_UNGUARDED_AVAILABILITY\=YES_AGGRESSIVE
    export CLANG_WARN_UNREACHABLE_CODE\=YES
    export CLANG_WARN__DUPLICATE_METHOD_MATCH\=YES
    export CLASS_FILE_DIR\=/Users/ibrahimusmani/Library/Developer/Xcode/DerivedData/Signal-ftyjjpqofcnmqgarxcymapnsxdnn/Build/Intermediates.noindex/Pods.build/Debug-iphonesimulator/LibSignalClient.build/JavaClasses
    export CLEAN_PRECOMPS\=YES
    export CLONE_HEADERS\=NO
    export CODESIGNING_FOLDER_PATH\=/Users/ibrahimusmani/Library/Developer/Xcode/DerivedData/Signal-ftyjjpqofcnmqgarxcymapnsxdnn/Build/Products/Debug-iphonesimulator/LibSignalClient/LibSignalClient.framework
    export CODE_SIGNING_ALLOWED\=YES
    export CODE_SIGNING_REQUIRED\=NO
    export CODE_SIGNING_REQUIRES_TEAM\=YES
    export CODE_SIGN_CONTEXT_CLASS\=XCiPhoneSimulatorCodeSignContext
    export CODE_SIGN_IDENTITY\=-
    export CODE_SIGN_INJECT_BASE_ENTITLEMENTS\=YES
    export COLOR_DIAGNOSTICS\=NO
    export COMBINE_HIDPI_IMAGES\=NO
    export COMPILATION_CACHE_CAS_PATH\=/Users/ibrahimusmani/Library/Developer/Xcode/DerivedData/CompilationCache.noindex
    export COMPILATION_CACHE_KEEP_CAS_DIRECTORY\=YES
    export COMPILER_INDEX_STORE_ENABLE\=Default
    export COMPOSITE_SDK_DIRS\=/Users/ibrahimusmani/Library/Developer/Xcode/DerivedData/Signal-ftyjjpqofcnmqgarxcymapnsxdnn/Build/Intermediates.noindex/CompositeSDKs
    export COMPRESS_PNG_FILES\=YES
    export CONFIGURATION\=Debug
    export CONFIGURATION_BUILD_DIR\=/Users/ibrahimusmani/Library/Developer/Xcode/DerivedData/Signal-ftyjjpqofcnmqgarxcymapnsxdnn/Build/Products/Debug-iphonesimulator/LibSignalClient
    export CONFIGURATION_TEMP_DIR\=/Users/ibrahimusmani/Library/Developer/Xcode/DerivedData/Signal-ftyjjpqofcnmqgarxcymapnsxdnn/Build/Intermediates.noindex/Pods.build/Debug-iphonesimulator
    export CONTENTS_FOLDER_PATH\=LibSignalClient.framework
    export CONTENTS_FOLDER_PATH_SHALLOW_BUNDLE_NO\=LibSignalClient.framework/A
    export CONTENTS_FOLDER_PATH_SHALLOW_BUNDLE_YES\=LibSignalClient.framework
    export COPYING_PRESERVES_HFS_DATA\=NO
    export COPY_HEADERS_RUN_UNIFDEF\=NO
    export COPY_PHASE_STRIP\=NO
    export CORRESPONDING_DEVICE_PLATFORM_DIR\=/Applications/Xcode.app/Contents/Developer/Platforms/iPhoneOS.platform
    export CORRESPONDING_DEVICE_PLATFORM_NAME\=iphoneos
    export CORRESPONDING_DEVICE_SDK_DIR\=/Applications/Xcode.app/Contents/Developer/Platforms/iPhoneOS.platform/Developer/SDKs/iPhoneOS18.4.sdk
    export CORRESPONDING_DEVICE_SDK_NAME\=iphoneos18.4
    export CP\=/bin/cp
    export CREATE_INFOPLIST_SECTION_IN_BINARY\=NO
    export CURRENT_ARCH\=undefined_arch
    export CURRENT_PROJECT_VERSION\=1
    export CURRENT_VARIANT\=normal
    export CURRENT_VERSION\=Current
    export DEAD_CODE_STRIPPING\=YES
    export DEBUGGING_SYMBOLS\=YES
    export DEBUG_INFORMATION_FORMAT\=dwarf
    export DEBUG_INFORMATION_VERSION\=compiler-default
    export DEFAULT_COMPILER\=com.apple.compilers.llvm.clang.1_0
    export DEFAULT_DEXT_INSTALL_PATH\=/System/Library/DriverExtensions
    export DEFAULT_KEXT_INSTALL_PATH\=/System/Library/Extensions
    export DEFINES_MODULE\=YES
    export DEPLOYMENT_LOCATION\=NO
    export DEPLOYMENT_POSTPROCESSING\=NO
    export DEPLOYMENT_TARGET_SETTING_NAME\=IPHONEOS_DEPLOYMENT_TARGET
    export DEPLOYMENT_TARGET_SUGGESTED_VALUES\=12.0\ 12.1\ 12.2\ 12.3\ 12.4\ 13.0\ 13.1\ 13.2\ 13.3\ 13.4\ 13.5\ 13.6\ 14.0\ 14.1\ 14.2\ 14.3\ 14.4\ 14.5\ 14.6\ 14.7\ 15.0\ 15.1\ 15.2\ 15.3\ 15.4\ 15.5\ 15.6\ 16.0\ 16.1\ 16.2\ 16.3\ 16.4\ 16.5\ 16.6\ 17.0\ 17.1\ 17.2\ 17.3\ 17.4\ 17.5\ 17.6\ 18.0\ 18.1\ 18.2\ 18.3\ 18.4
    export DERIVED_FILES_DIR\=/Users/ibrahimusmani/Library/Developer/Xcode/DerivedData/Signal-ftyjjpqofcnmqgarxcymapnsxdnn/Build/Intermediates.noindex/Pods.build/Debug-iphonesimulator/LibSignalClient.build/DerivedSources
    export DERIVED_FILE_DIR\=/Users/ibrahimusmani/Library/Developer/Xcode/DerivedData/Signal-ftyjjpqofcnmqgarxcymapnsxdnn/Build/Intermediates.noindex/Pods.build/Debug-iphonesimulator/LibSignalClient.build/DerivedSources
    export DERIVED_SOURCES_DIR\=/Users/ibrahimusmani/Library/Developer/Xcode/DerivedData/Signal-ftyjjpqofcnmqgarxcymapnsxdnn/Build/Intermediates.noindex/Pods.build/Debug-iphonesimulator/LibSignalClient.build/DerivedSources
    export DEVELOPER_APPLICATIONS_DIR\=/Applications/Xcode.app/Contents/Developer/Applications
    export DEVELOPER_BIN_DIR\=/Applications/Xcode.app/Contents/Developer/usr/bin
    export DEVELOPER_DIR\=/Applications/Xcode.app/Contents/Developer
    export DEVELOPER_FRAMEWORKS_DIR\=/Applications/Xcode.app/Contents/Developer/Library/Frameworks
    export DEVELOPER_FRAMEWORKS_DIR_QUOTED\=/Applications/Xcode.app/Contents/Developer/Library/Frameworks
    export DEVELOPER_LIBRARY_DIR\=/Applications/Xcode.app/Contents/Developer/Library
    export DEVELOPER_SDK_DIR\=/Applications/Xcode.app/Contents/Developer/Platforms/MacOSX.platform/Developer/SDKs
    export DEVELOPER_TOOLS_DIR\=/Applications/Xcode.app/Contents/Developer/Tools
    export DEVELOPER_USR_DIR\=/Applications/Xcode.app/Contents/Developer/usr
    export DEVELOPMENT_LANGUAGE\=en
    export DIAGNOSE_MISSING_TARGET_DEPENDENCIES\=YES
    export DIFF\=/usr/bin/diff
    export DOCUMENTATION_FOLDER_PATH\=LibSignalClient.framework/en.lproj/Documentation
    export DONT_GENERATE_INFOPLIST_FILE\=NO
    export DSTROOT\=/tmp/Pods.dst
    export DT_TOOLCHAIN_DIR\=/Applications/Xcode.app/Contents/Developer/Toolchains/XcodeDefault.xctoolchain
    export DWARF_DSYM_FILE_NAME\=LibSignalClient.framework.dSYM
    export DWARF_DSYM_FILE_SHOULD_ACCOMPANY_PRODUCT\=NO
    export DWARF_DSYM_FOLDER_PATH\=/Users/ibrahimusmani/Library/Developer/Xcode/DerivedData/Signal-ftyjjpqofcnmqgarxcymapnsxdnn/Build/Products/Debug-iphonesimulator/LibSignalClient
    export DYLIB_COMPATIBILITY_VERSION\=1
    export DYLIB_CURRENT_VERSION\=1
    export DYLIB_INSTALL_NAME_BASE\=@rpath
    export DYNAMIC_LIBRARY_EXTENSION\=dylib
    export EAGER_COMPILATION_ALLOW_SCRIPTS\=NO
    export EAGER_LINKING\=NO
    export EFFECTIVE_PLATFORM_NAME\=-iphonesimulator
    export EMBEDDED_CONTENT_CONTAINS_SWIFT\=NO
    export EMBED_ASSET_PACKS_IN_PRODUCT_BUNDLE\=NO
    export ENABLE_APP_SANDBOX\=NO
    export ENABLE_BITCODE\=NO
    export ENABLE_CODE_COVERAGE\=YES
    export ENABLE_DEFAULT_HEADER_SEARCH_PATHS\=YES
    export ENABLE_DEFAULT_SEARCH_PATHS\=YES
    export ENABLE_HARDENED_RUNTIME\=NO
    export ENABLE_HEADER_DEPENDENCIES\=YES
    export ENABLE_INCOMING_NETWORK_CONNECTIONS\=NO
    export ENABLE_ON_DEMAND_RESOURCES\=NO
    export ENABLE_OUTGOING_NETWORK_CONNECTIONS\=NO
    export ENABLE_PREVIEWS\=NO
    export ENABLE_RESOURCE_ACCESS_AUDIO_INPUT\=NO
    export ENABLE_RESOURCE_ACCESS_BLUETOOTH\=NO
    export ENABLE_RESOURCE_ACCESS_CALENDARS\=NO
    export ENABLE_RESOURCE_ACCESS_CAMERA\=NO
    export ENABLE_RESOURCE_ACCESS_CONTACTS\=NO
    export ENABLE_RESOURCE_ACCESS_LOCATION\=NO
    export ENABLE_RESOURCE_ACCESS_PRINTING\=NO
    export ENABLE_RESOURCE_ACCESS_USB\=NO
    export ENABLE_SDK_IMPORTS\=NO
    export ENABLE_STRICT_OBJC_MSGSEND\=YES
    export ENABLE_TESTABILITY\=YES
    export ENABLE_TESTING_SEARCH_PATHS\=NO
    export ENABLE_USER_SCRIPT_SANDBOXING\=NO
    export ENABLE_XOJIT_PREVIEWS\=YES
    export ENFORCE_VALID_ARCHS\=YES
    export ENTITLEMENTS_DESTINATION\=__entitlements
    export ENTITLEMENTS_REQUIRED\=NO
    export EXCLUDED_ARCHS\=armv7
    export EXCLUDED_INSTALLSRC_SUBDIRECTORY_PATTERNS\=.DS_Store\ .svn\ .git\ .hg\ CVS
    export EXCLUDED_RECURSIVE_SEARCH_PATH_SUBDIRECTORIES\=\*.nib\ \*.lproj\ \*.framework\ \*.gch\ \*.xcode\*\ \*.xcassets\ \(\*\)\ .DS_Store\ CVS\ .svn\ .git\ .hg\ \*.pbproj\ \*.pbxproj
    export EXECUTABLES_FOLDER_PATH\=LibSignalClient.framework/en.lproj
    export EXECUTABLE_FOLDER_PATH\=LibSignalClient.framework
    export EXECUTABLE_FOLDER_PATH_SHALLOW_BUNDLE_NO\=LibSignalClient.framework
    export EXECUTABLE_FOLDER_PATH_SHALLOW_BUNDLE_YES\=LibSignalClient.framework
    export EXECUTABLE_NAME\=LibSignalClient
    export EXECUTABLE_PATH\=LibSignalClient.framework/LibSignalClient
    export EXPANDED_CODE_SIGN_IDENTITY\=-
    export EXPANDED_CODE_SIGN_IDENTITY_NAME\=Sign\ to\ Run\ Locally
    export EXTENSIONS_FOLDER_PATH\=LibSignalClient.framework/Extensions
    export FILE_LIST\=/Users/ibrahimusmani/Library/Developer/Xcode/DerivedData/Signal-ftyjjpqofcnmqgarxcymapnsxdnn/Build/Intermediates.noindex/Pods.build/Debug-iphonesimulator/LibSignalClient.build/Objects/LinkFileList
    export FIXED_FILES_DIR\=/Users/ibrahimusmani/Library/Developer/Xcode/DerivedData/Signal-ftyjjpqofcnmqgarxcymapnsxdnn/Build/Intermediates.noindex/Pods.build/Debug-iphonesimulator/LibSignalClient.build/FixedFiles
    export FRAMEWORKS_FOLDER_PATH\=LibSignalClient.framework/Frameworks
    export FRAMEWORK_FLAG_PREFIX\=-framework
    export FRAMEWORK_SEARCH_PATHS\=/Users/ibrahimusmani/Library/Developer/Xcode/DerivedData/Signal-ftyjjpqofcnmqgarxcymapnsxdnn/Build/Products/Debug-iphonesimulator/LibSignalClient\ 
    export FRAMEWORK_VERSION\=A
    export FULL_PRODUCT_NAME\=LibSignalClient.framework
    export FUSE_BUILD_PHASES\=YES
    export FUSE_BUILD_SCRIPT_PHASES\=NO
    export GCC3_VERSION\=3.3
    export GCC_C_LANGUAGE_STANDARD\=gnu11
    export GCC_DYNAMIC_NO_PIC\=NO
    export GCC_INLINES_ARE_PRIVATE_EXTERN\=YES
    export GCC_NO_COMMON_BLOCKS\=YES
    export GCC_OBJC_LEGACY_DISPATCH\=YES
    export GCC_OPTIMIZATION_LEVEL\=0
    export GCC_PFE_FILE_C_DIALECTS\=c\ objective-c\ c++\ objective-c++
    export GCC_PREFIX_HEADER\=Target\ Support\ Files/LibSignalClient/LibSignalClient-prefix.pch
    export GCC_PREPROCESSOR_DEFINITIONS\=POD_CONFIGURATION_DEBUG\=1\ DEBUG\=1\ \ COCOAPODS\=1
    export GCC_TREAT_WARNINGS_AS_ERRORS\=NO
    export GCC_VERSION\=com.apple.compilers.llvm.clang.1_0
    export GCC_VERSION_IDENTIFIER\=com_apple_compilers_llvm_clang_1_0
    export GCC_WARN_64_TO_32_BIT_CONVERSION\=YES
    export GCC_WARN_ABOUT_RETURN_TYPE\=YES_ERROR
    export GCC_WARN_INHIBIT_ALL_WARNINGS\=YES
    export GCC_WARN_UNDECLARED_SELECTOR\=YES
    export GCC_WARN_UNINITIALIZED_AUTOS\=YES_AGGRESSIVE
    export GCC_WARN_UNUSED_FUNCTION\=YES
    export GCC_WARN_UNUSED_VARIABLE\=YES
    export GENERATED_MODULEMAP_DIR\=/Users/ibrahimusmani/Library/Developer/Xcode/DerivedData/Signal-ftyjjpqofcnmqgarxcymapnsxdnn/Build/Intermediates.noindex/GeneratedModuleMaps-iphonesimulator
    export GENERATE_INFOPLIST_FILE\=NO
    export GENERATE_INTERMEDIATE_TEXT_BASED_STUBS\=YES
    export GENERATE_MASTER_OBJECT_FILE\=NO
    export GENERATE_PKGINFO_FILE\=NO
    export GENERATE_PROFILING_CODE\=NO
    export GENERATE_TEXT_BASED_STUBS\=NO
    export GID\=20
    export GROUP\=staff
    export HEADERMAP_INCLUDES_FLAT_ENTRIES_FOR_TARGET_BEING_BUILT\=YES
    export HEADERMAP_INCLUDES_FRAMEWORK_ENTRIES_FOR_ALL_PRODUCT_TYPES\=YES
    export HEADERMAP_INCLUDES_FRAMEWORK_ENTRIES_FOR_TARGETS_NOT_BEING_BUILT\=YES
    export HEADERMAP_INCLUDES_NONPUBLIC_NONPRIVATE_HEADERS\=YES
    export HEADERMAP_INCLUDES_PROJECT_HEADERS\=YES
    export HEADERMAP_USES_FRAMEWORK_PREFIX_ENTRIES\=YES
    export HEADERMAP_USES_VFS\=YES
    export HEADER_SEARCH_PATHS\=/Users/ibrahimusmani/Library/Developer/Xcode/DerivedData/Signal-ftyjjpqofcnmqgarxcymapnsxdnn/Build/Products/Debug-iphonesimulator/LibSignalClient/include\ \ /Users/ibrahimusmani/Documents/Signal2/Signal-iOS/Pods/LibSignalClient/swift/Sources/SignalFfi
    export HIDE_BITCODE_SYMBOLS\=YES
    export HOME\=/Users/ibrahimusmani
    export HOST_ARCH\=arm64
    export HOST_PLATFORM\=macosx
    export ICONV\=/usr/bin/iconv
    export IMPLICIT_DEPENDENCY_DOMAIN\=default
    export INFOPLIST_ENABLE_CFBUNDLEICONS_MERGE\=YES
    export INFOPLIST_EXPAND_BUILD_SETTINGS\=YES
    export INFOPLIST_FILE\=Target\ Support\ Files/LibSignalClient/LibSignalClient-Info.plist
    export INFOPLIST_OUTPUT_FORMAT\=binary
    export INFOPLIST_PATH\=LibSignalClient.framework/Info.plist
    export INFOPLIST_PREPROCESS\=NO
    export INFOSTRINGS_PATH\=LibSignalClient.framework/en.lproj/InfoPlist.strings
    export INLINE_PRIVATE_FRAMEWORKS\=NO
    export INSTALLAPI_IGNORE_SKIP_INSTALL\=YES
    export INSTALLHDRS_COPY_PHASE\=NO
    export INSTALLHDRS_SCRIPT_PHASE\=NO
    export INSTALL_DIR\=/tmp/Pods.dst/Library/Frameworks
    export INSTALL_GROUP\=staff
    export INSTALL_MODE_FLAG\=u+w,go-w,a+rX
    export INSTALL_OWNER\=ibrahimusmani
    export INSTALL_PATH\=/Library/Frameworks
    export INSTALL_ROOT\=/tmp/Pods.dst
    export IPHONEOS_DEPLOYMENT_TARGET\=15.0
    export IS_UNOPTIMIZED_BUILD\=YES
    export JAVAC_DEFAULT_FLAGS\=-J-Xms64m\ -J-XX:NewSize\=4M\ -J-Dfile.encoding\=UTF8
    export JAVA_APP_STUB\=/System/Library/Frameworks/JavaVM.framework/Resources/MacOS/JavaApplicationStub
    export JAVA_ARCHIVE_CLASSES\=YES
    export JAVA_ARCHIVE_TYPE\=JAR
    export JAVA_COMPILER\=/usr/bin/javac
    export JAVA_FOLDER_PATH\=LibSignalClient.framework/Java
    export JAVA_FRAMEWORK_RESOURCES_DIRS\=Resources
    export JAVA_JAR_FLAGS\=cv
    export JAVA_SOURCE_SUBDIR\=.
    export JAVA_USE_DEPENDENCIES\=YES
    export JAVA_ZIP_FLAGS\=-urg
    export JIKES_DEFAULT_FLAGS\=+E\ +OLDCSO
    export KEEP_PRIVATE_EXTERNS\=NO
    export LD_DEPENDENCY_INFO_FILE\=/Users/ibrahimusmani/Library/Developer/Xcode/DerivedData/Signal-ftyjjpqofcnmqgarxcymapnsxdnn/Build/Intermediates.noindex/Pods.build/Debug-iphonesimulator/LibSignalClient.build/Objects-normal/undefined_arch/LibSignalClient_dependency_info.dat
    export LD_DYLIB_INSTALL_NAME\=@rpath/LibSignalClient.framework/LibSignalClient
    export LD_EXPORT_SYMBOLS\=YES
    export LD_GENERATE_MAP_FILE\=NO
    export LD_MAP_FILE_PATH\=/Users/ibrahimusmani/Library/Developer/Xcode/DerivedData/Signal-ftyjjpqofcnmqgarxcymapnsxdnn/Build/Intermediates.noindex/Pods.build/Debug-iphonesimulator/LibSignalClient.build/LibSignalClient-LinkMap-normal-undefined_arch.txt
    export LD_NO_PIE\=NO
    export LD_QUOTE_LINKER_ARGUMENTS_FOR_COMPILER_DRIVER\=YES
    export LD_RUNPATH_SEARCH_PATHS\=\ @executable_path/Frameworks\ @loader_path/Frameworks
    export LD_SHARED_CACHE_ELIGIBLE\=Automatic
    export LD_WARN_DUPLICATE_LIBRARIES\=NO
    export LD_WARN_UNUSED_DYLIBS\=NO
    export LEGACY_DEVELOPER_DIR\=/Applications/Xcode.app/Contents/PlugIns/Xcode3Core.ideplugin/Contents/SharedSupport/Developer
    export LEX\=lex
    export LIBRARY_DEXT_INSTALL_PATH\=/Library/DriverExtensions
    export LIBRARY_FLAG_NOSPACE\=YES
    export LIBRARY_FLAG_PREFIX\=-l
    export LIBRARY_KEXT_INSTALL_PATH\=/Library/Extensions
    export LIBRARY_SEARCH_PATHS\=/Users/ibrahimusmani/Library/Developer/Xcode/DerivedData/Signal-ftyjjpqofcnmqgarxcymapnsxdnn/Build/Products/Debug-iphonesimulator/LibSignalClient\ /Applications/Xcode.app/Contents/Developer/Toolchains/XcodeDefault.xctoolchain/usr/lib/swift/iphonesimulator\ /Applications/Xcode.app/Contents/Developer/Platforms/iPhoneSimulator.platform/Developer/SDKs/iPhoneSimulator18.4.sdk/usr/lib/swift
    export LIBSIGNAL_FFI_BUILD_PATH\=target/x86_64-apple-ios/release
    export LIBSIGNAL_FFI_LIB_TO_LINK\=/Users/ibrahimusmani/Library/Developer/Xcode/DerivedData/Signal-ftyjjpqofcnmqgarxcymapnsxdnn/Build/Intermediates.noindex/Pods.build/libsignal_ffi/target/x86_64-apple-ios/release/libsignal_ffi.a
    export LIBSIGNAL_FFI_PREBUILD_ARCHIVE\=libsignal-client-ios-build-v0.68.1.tar.gz
    export LIBSIGNAL_FFI_PREBUILD_CHECKSUM\=95ea83f1a17b0d92fa1dcb36a8b40744ee0a803d89db536b5433fafcc3c96868
    export LIBSIGNAL_FFI_TEMP_DIR\=/Users/ibrahimusmani/Library/Developer/Xcode/DerivedData/Signal-ftyjjpqofcnmqgarxcymapnsxdnn/Build/Intermediates.noindex/Pods.build/libsignal_ffi
    export LINKER_DISPLAYS_MANGLED_NAMES\=NO
    export LINK_FILE_LIST_normal_arm64\=/Users/ibrahimusmani/Library/Developer/Xcode/DerivedData/Signal-ftyjjpqofcnmqgarxcymapnsxdnn/Build/Intermediates.noindex/Pods.build/Debug-iphonesimulator/LibSignalClient.build/Objects-normal/arm64/LibSignalClient.LinkFileList
    export LINK_OBJC_RUNTIME\=YES
    export LINK_WITH_STANDARD_LIBRARIES\=YES
    export LLVM_TARGET_TRIPLE_OS_VERSION\=ios15.0
    export LLVM_TARGET_TRIPLE_SUFFIX\=-simulator
    export LLVM_TARGET_TRIPLE_VENDOR\=apple
    export LM_AUX_CONST_METADATA_LIST_PATH_normal_arm64\=/Users/ibrahimusmani/Library/Developer/Xcode/DerivedData/Signal-ftyjjpqofcnmqgarxcymapnsxdnn/Build/Intermediates.noindex/Pods.build/Debug-iphonesimulator/LibSignalClient.build/Objects-normal/arm64/LibSignalClient.SwiftConstValuesFileList
    export LOCALIZATION_EXPORT_SUPPORTED\=YES
    export LOCALIZATION_PREFERS_STRING_CATALOGS\=NO
    export LOCALIZED_RESOURCES_FOLDER_PATH\=LibSignalClient.framework/en.lproj
    export LOCALIZED_STRING_MACRO_NAMES\=NSLocalizedString\ CFCopyLocalizedString
    export LOCALIZED_STRING_SWIFTUI_SUPPORT\=YES
    export LOCAL_ADMIN_APPS_DIR\=/Applications/Utilities
    export LOCAL_APPS_DIR\=/Applications
    export LOCAL_DEVELOPER_DIR\=/Library/Developer
    export LOCAL_LIBRARY_DIR\=/Library
    export LOCROOT\=/Users/ibrahimusmani/Documents/Signal2/Signal-iOS/Pods
    export LOCSYMROOT\=/Users/ibrahimusmani/Documents/Signal2/Signal-iOS/Pods
    export MACH_O_TYPE\=mh_dylib
    export MAC_OS_X_PRODUCT_BUILD_VERSION\=24E263
    export MAC_OS_X_VERSION_ACTUAL\=150401
    export MAC_OS_X_VERSION_MAJOR\=150000
    export MAC_OS_X_VERSION_MINOR\=150400
    export MAKE_MERGEABLE\=NO
    export MERGEABLE_LIBRARY\=NO
    export MERGED_BINARY_TYPE\=none
    export MERGE_LINKED_LIBRARIES\=NO
    export METAL_LIBRARY_FILE_BASE\=default
    export METAL_LIBRARY_OUTPUT_DIR\=/Users/ibrahimusmani/Library/Developer/Xcode/DerivedData/Signal-ftyjjpqofcnmqgarxcymapnsxdnn/Build/Products/Debug-iphonesimulator/LibSignalClient/LibSignalClient.framework
    export MODULEMAP_FILE\=Target\ Support\ Files/LibSignalClient/LibSignalClient.modulemap
    export MODULES_FOLDER_PATH\=LibSignalClient.framework/Modules
    export MODULE_CACHE_DIR\=/Users/ibrahimusmani/Library/Developer/Xcode/DerivedData/ModuleCache.noindex
    export MTL_ENABLE_DEBUG_INFO\=INCLUDE_SOURCE
    export MTL_FAST_MATH\=YES
    export NATIVE_ARCH\=arm64
    export NATIVE_ARCH_32_BIT\=arm
    export NATIVE_ARCH_64_BIT\=arm64
    export NATIVE_ARCH_ACTUAL\=arm64
    export NO_COMMON\=YES
    export OBJC_ABI_VERSION\=2
    export OBJECT_FILE_DIR\=/Users/ibrahimusmani/Library/Developer/Xcode/DerivedData/Signal-ftyjjpqofcnmqgarxcymapnsxdnn/Build/Intermediates.noindex/Pods.build/Debug-iphonesimulator/LibSignalClient.build/Objects
    export OBJECT_FILE_DIR_normal\=/Users/ibrahimusmani/Library/Developer/Xcode/DerivedData/Signal-ftyjjpqofcnmqgarxcymapnsxdnn/Build/Intermediates.noindex/Pods.build/Debug-iphonesimulator/LibSignalClient.build/Objects-normal
    export OBJROOT\=/Users/ibrahimusmani/Library/Developer/Xcode/DerivedData/Signal-ftyjjpqofcnmqgarxcymapnsxdnn/Build/Intermediates.noindex
    export ONLY_ACTIVE_ARCH\=YES
    export OS\=MACOS
    export OSAC\=/usr/bin/osacompile
    export OTHER_LDFLAGS\=/Users/ibrahimusmani/Library/Developer/Xcode/DerivedData/Signal-ftyjjpqofcnmqgarxcymapnsxdnn/Build/Intermediates.noindex/Pods.build/libsignal_ffi/target/x86_64-apple-ios/release/libsignal_ffi.a\ 
    export OTHER_SWIFT_FLAGS\=\ -D\ COCOAPODS\ -suppress-warnings
    export PACKAGE_TYPE\=com.apple.package-type.wrapper.framework
    export PASCAL_STRINGS\=YES
    export PATH\=/Applications/Xcode.app/Contents/SharedFrameworks/SwiftBuild.framework/Versions/A/PlugIns/SWBBuildService.bundle/Contents/PlugIns/SWBUniversalPlatformPlugin.bundle/Contents/Frameworks/SWBUniversalPlatform.framework/Resources:/Applications/Xcode.app/Contents/Developer/Toolchains/XcodeDefault.xctoolchain/usr/bin:/Applications/Xcode.app/Contents/Developer/Toolchains/XcodeDefault.xctoolchain/usr/local/bin:/Applications/Xcode.app/Contents/Developer/Toolchains/XcodeDefault.xctoolchain/usr/libexec:/Applications/Xcode.app/Contents/Developer/Platforms/iPhoneSimulator.platform/usr/bin:/Applications/Xcode.app/Contents/Developer/Platforms/iPhoneSimulator.platform/usr/local/bin:/Applications/Xcode.app/Contents/Developer/Platforms/iPhoneSimulator.platform/Developer/usr/bin:/Applications/Xcode.app/Contents/Developer/Platforms/iPhoneSimulator.platform/Developer/usr/local/bin:/Applications/Xcode.app/Contents/Developer/usr/bin:/Applications/Xcode.app/Contents/Developer/usr/local/bin:/Users/ibrahimusmani/.nvm/versions/node/v20.18.3/bin:/Users/ibrahimusmani/.bun/bin:/opt/homebrew/opt/ruby/bin:/Users/ibrahimusmani/.pyenv/shims:/usr/local/bin:/Users/ibrahimusmani/opt/anaconda3/bin:/Users/ibrahimusmani/Library/Android/sdk/cmdline-tools/latest/bin:/Users/ibrahimusmani/Library/Android/sdk/platform-tools:/Users/ibrahimusmani/Library/Android/sdk/emulator:/Users/ibrahimusmani/.pyenv/bin:/opt/homebrew/bin:/opt/homebrew/sbin:/System/Cryptexes/App/usr/bin:/usr/bin:/bin:/usr/sbin:/sbin:/var/run/com.apple.security.cryptexd/codex.system/bootstrap/usr/local/bin:/var/run/com.apple.security.cryptexd/codex.system/bootstrap/usr/bin:/var/run/com.apple.security.cryptexd/codex.system/bootstrap/usr/appleinternal/bin:/Library/Apple/usr/bin:/Applications/VMware\ Fusion.app/Contents/Public:/Users/ibrahimusmani/Library/pnpm:/cmdline-tools/latest/bin:/Users/ibrahimusmani/.cargo/bin
    export PATH_PREFIXES_EXCLUDED_FROM_HEADER_DEPENDENCIES\=/usr/include\ /usr/local/include\ /System/Library/Frameworks\ /System/Library/PrivateFrameworks\ /Applications/Xcode.app/Contents/Developer/Headers\ /Applications/Xcode.app/Contents/Developer/SDKs\ /Applications/Xcode.app/Contents/Developer/Platforms
    export PBDEVELOPMENTPLIST_PATH\=LibSignalClient.framework/pbdevelopment.plist
    export PER_ARCH_MODULE_FILE_DIR\=/Users/ibrahimusmani/Library/Developer/Xcode/DerivedData/Signal-ftyjjpqofcnmqgarxcymapnsxdnn/Build/Intermediates.noindex/Pods.build/Debug-iphonesimulator/LibSignalClient.build/Objects-normal/undefined_arch
    export PER_ARCH_OBJECT_FILE_DIR\=/Users/ibrahimusmani/Library/Developer/Xcode/DerivedData/Signal-ftyjjpqofcnmqgarxcymapnsxdnn/Build/Intermediates.noindex/Pods.build/Debug-iphonesimulator/LibSignalClient.build/Objects-normal/undefined_arch
    export PER_VARIANT_OBJECT_FILE_DIR\=/Users/ibrahimusmani/Library/Developer/Xcode/DerivedData/Signal-ftyjjpqofcnmqgarxcymapnsxdnn/Build/Intermediates.noindex/Pods.build/Debug-iphonesimulator/LibSignalClient.build/Objects-normal
    export PKGINFO_FILE_PATH\=/Users/ibrahimusmani/Library/Developer/Xcode/DerivedData/Signal-ftyjjpqofcnmqgarxcymapnsxdnn/Build/Intermediates.noindex/Pods.build/Debug-iphonesimulator/LibSignalClient.build/PkgInfo
    export PKGINFO_PATH\=LibSignalClient.framework/PkgInfo
    export PLATFORM_DEVELOPER_APPLICATIONS_DIR\=/Applications/Xcode.app/Contents/Developer/Platforms/iPhoneSimulator.platform/Developer/Applications
    export PLATFORM_DEVELOPER_BIN_DIR\=/Applications/Xcode.app/Contents/Developer/Platforms/iPhoneSimulator.platform/Developer/usr/bin
    export PLATFORM_DEVELOPER_LIBRARY_DIR\=/Applications/Xcode.app/Contents/Developer/Platforms/iPhoneSimulator.platform/Developer/Library
    export PLATFORM_DEVELOPER_SDK_DIR\=/Applications/Xcode.app/Contents/Developer/Platforms/iPhoneSimulator.platform/Developer/SDKs
    export PLATFORM_DEVELOPER_TOOLS_DIR\=/Applications/Xcode.app/Contents/Developer/Platforms/iPhoneSimulator.platform/Developer/Tools
    export PLATFORM_DEVELOPER_USR_DIR\=/Applications/Xcode.app/Contents/Developer/Platforms/iPhoneSimulator.platform/Developer/usr
    export PLATFORM_DIR\=/Applications/Xcode.app/Contents/Developer/Platforms/iPhoneSimulator.platform
    export PLATFORM_DISPLAY_NAME\=iOS\ Simulator
    export PLATFORM_FAMILY_NAME\=iOS
    export PLATFORM_NAME\=iphonesimulator
    export PLATFORM_PREFERRED_ARCH\=x86_64
    export PLATFORM_PRODUCT_BUILD_VERSION\=22E235
    export PLATFORM_REQUIRES_SWIFT_AUTOLINK_EXTRACT\=NO
    export PLATFORM_REQUIRES_SWIFT_MODULEWRAP\=NO
    export PLIST_FILE_OUTPUT_FORMAT\=binary
    export PLUGINS_FOLDER_PATH\=LibSignalClient.framework/PlugIns
    export PODS_BUILD_DIR\=/Users/ibrahimusmani/Library/Developer/Xcode/DerivedData/Signal-ftyjjpqofcnmqgarxcymapnsxdnn/Build/Products
    export PODS_CONFIGURATION_BUILD_DIR\=/Users/ibrahimusmani/Library/Developer/Xcode/DerivedData/Signal-ftyjjpqofcnmqgarxcymapnsxdnn/Build/Products/Debug-iphonesimulator
    export PODS_DEVELOPMENT_LANGUAGE\=en
    export PODS_ROOT\=/Users/ibrahimusmani/Documents/Signal2/Signal-iOS/Pods
    export PODS_TARGET_SRCROOT\=/Users/ibrahimusmani/Documents/Signal2/Signal-iOS/Pods/LibSignalClient
    export PODS_XCFRAMEWORKS_BUILD_DIR\=/Users/ibrahimusmani/Library/Developer/Xcode/DerivedData/Signal-ftyjjpqofcnmqgarxcymapnsxdnn/Build/Products/Debug-iphonesimulator/XCFrameworkIntermediates
    export PRECOMPS_INCLUDE_HEADERS_FROM_BUILT_PRODUCTS_DIR\=YES
    export PRECOMP_DESTINATION_DIR\=/Users/ibrahimusmani/Library/Developer/Xcode/DerivedData/Signal-ftyjjpqofcnmqgarxcymapnsxdnn/Build/Intermediates.noindex/Pods.build/Debug-iphonesimulator/LibSignalClient.build/PrefixHeaders
    export PRIVATE_HEADERS_FOLDER_PATH\=LibSignalClient.framework/PrivateHeaders
    export PROCESSED_INFOPLIST_PATH\=/Users/ibrahimusmani/Library/Developer/Xcode/DerivedData/Signal-ftyjjpqofcnmqgarxcymapnsxdnn/Build/Intermediates.noindex/Pods.build/Debug-iphonesimulator/LibSignalClient.build/Objects-normal/undefined_arch/Processed-Info.plist
    export PRODUCT_BUNDLE_IDENTIFIER\=org.cocoapods.LibSignalClient
    export PRODUCT_BUNDLE_PACKAGE_TYPE\=FMWK
    export PRODUCT_MODULE_NAME\=LibSignalClient
    export PRODUCT_NAME\=LibSignalClient
    export PRODUCT_SETTINGS_PATH\=/Users/ibrahimusmani/Documents/Signal2/Signal-iOS/Pods/Target\ Support\ Files/LibSignalClient/LibSignalClient-Info.plist
    export PRODUCT_TYPE\=com.apple.product-type.framework
    export PROFILING_CODE\=NO
    export PROJECT\=Pods
    export PROJECT_DERIVED_FILE_DIR\=/Users/ibrahimusmani/Library/Developer/Xcode/DerivedData/Signal-ftyjjpqofcnmqgarxcymapnsxdnn/Build/Intermediates.noindex/Pods.build/DerivedSources
    export PROJECT_DIR\=/Users/ibrahimusmani/Documents/Signal2/Signal-iOS/Pods
    export PROJECT_FILE_PATH\=/Users/ibrahimusmani/Documents/Signal2/Signal-iOS/Pods/Pods.xcodeproj
    export PROJECT_GUID\=8699adb1dd336b26511df848a716bd42
    export PROJECT_NAME\=Pods
    export PROJECT_TEMP_DIR\=/Users/ibrahimusmani/Library/Developer/Xcode/DerivedData/Signal-ftyjjpqofcnmqgarxcymapnsxdnn/Build/Intermediates.noindex/Pods.build
    export PROJECT_TEMP_ROOT\=/Users/ibrahimusmani/Library/Developer/Xcode/DerivedData/Signal-ftyjjpqofcnmqgarxcymapnsxdnn/Build/Intermediates.noindex
    export PUBLIC_HEADERS_FOLDER_PATH\=LibSignalClient.framework/Headers
    export RECOMMENDED_IPHONEOS_DEPLOYMENT_TARGET\=15.0
    export RECURSIVE_SEARCH_PATHS_FOLLOW_SYMLINKS\=YES
    export REMOVE_CVS_FROM_RESOURCES\=YES
    export REMOVE_GIT_FROM_RESOURCES\=YES
    export REMOVE_HEADERS_FROM_EMBEDDED_BUNDLES\=YES
    export REMOVE_HG_FROM_RESOURCES\=YES
    export REMOVE_STATIC_EXECUTABLES_FROM_EMBEDDED_BUNDLES\=YES
    export REMOVE_SVN_FROM_RESOURCES\=YES
    export RESCHEDULE_INDEPENDENT_HEADERS_PHASES\=YES
    export REZ_COLLECTOR_DIR\=/Users/ibrahimusmani/Library/Developer/Xcode/DerivedData/Signal-ftyjjpqofcnmqgarxcymapnsxdnn/Build/Intermediates.noindex/Pods.build/Debug-iphonesimulator/LibSignalClient.build/ResourceManagerResources
    export REZ_OBJECTS_DIR\=/Users/ibrahimusmani/Library/Developer/Xcode/DerivedData/Signal-ftyjjpqofcnmqgarxcymapnsxdnn/Build/Intermediates.noindex/Pods.build/Debug-iphonesimulator/LibSignalClient.build/ResourceManagerResources/Objects
    export REZ_SEARCH_PATHS\=/Users/ibrahimusmani/Library/Developer/Xcode/DerivedData/Signal-ftyjjpqofcnmqgarxcymapnsxdnn/Build/Products/Debug-iphonesimulator/LibSignalClient\ 
    export SCAN_ALL_SOURCE_FILES_FOR_INCLUDES\=NO
    export SCRIPTS_FOLDER_PATH\=LibSignalClient.framework/Scripts
    export SCRIPT_INPUT_FILE_COUNT\=0
    export SCRIPT_INPUT_FILE_LIST_COUNT\=0
    export SCRIPT_OUTPUT_FILE_COUNT\=0
    export SCRIPT_OUTPUT_FILE_LIST_COUNT\=0
    export SDKROOT\=/Applications/Xcode.app/Contents/Developer/Platforms/iPhoneSimulator.platform/Developer/SDKs/iPhoneSimulator18.4.sdk
    export SDK_DIR\=/Applications/Xcode.app/Contents/Developer/Platforms/iPhoneSimulator.platform/Developer/SDKs/iPhoneSimulator18.4.sdk
    export SDK_DIR_iphonesimulator\=/Applications/Xcode.app/Contents/Developer/Platforms/iPhoneSimulator.platform/Developer/SDKs/iPhoneSimulator18.4.sdk
    export SDK_DIR_iphonesimulator18_4\=/Applications/Xcode.app/Contents/Developer/Platforms/iPhoneSimulator.platform/Developer/SDKs/iPhoneSimulator18.4.sdk
    export SDK_NAME\=iphonesimulator18.4
    export SDK_NAMES\=iphonesimulator18.4
    export SDK_PRODUCT_BUILD_VERSION\=22E235
    export SDK_STAT_CACHE_DIR\=/Users/ibrahimusmani/Library/Developer/Xcode/DerivedData
    export SDK_STAT_CACHE_ENABLE\=YES
    export SDK_STAT_CACHE_PATH\=/Users/ibrahimusmani/Library/Developer/Xcode/DerivedData/SDKStatCaches.noindex/iphonesimulator18.4-22E235-71825a6d136aa4733edcbe86ece5525b.sdkstatcache
    export SDK_VERSION\=18.4
    export SDK_VERSION_ACTUAL\=180400
    export SDK_VERSION_MAJOR\=180000
    export SDK_VERSION_MINOR\=180400
    export SED\=/usr/bin/sed
    export SEPARATE_STRIP\=NO
    export SEPARATE_SYMBOL_EDIT\=NO
    export SET_DIR_MODE_OWNER_GROUP\=YES
    export SET_FILE_MODE_OWNER_GROUP\=NO
    export SHALLOW_BUNDLE\=YES
    export SHALLOW_BUNDLE_TRIPLE\=ios-simulator
    export SHALLOW_BUNDLE_ios_macabi\=NO
    export SHALLOW_BUNDLE_macos\=NO
    export SHARED_DERIVED_FILE_DIR\=/Users/ibrahimusmani/Library/Developer/Xcode/DerivedData/Signal-ftyjjpqofcnmqgarxcymapnsxdnn/Build/Products/Debug-iphonesimulator/LibSignalClient/DerivedSources
    export SHARED_FRAMEWORKS_FOLDER_PATH\=LibSignalClient.framework/SharedFrameworks
    export SHARED_PRECOMPS_DIR\=/Users/ibrahimusmani/Library/Developer/Xcode/DerivedData/Signal-ftyjjpqofcnmqgarxcymapnsxdnn/Build/Intermediates.noindex/PrecompiledHeaders
    export SHARED_SUPPORT_FOLDER_PATH\=LibSignalClient.framework
    export SKIP_INSTALL\=YES
    export SOURCE_ROOT\=/Users/ibrahimusmani/Documents/Signal2/Signal-iOS/Pods
    export SRCROOT\=/Users/ibrahimusmani/Documents/Signal2/Signal-iOS/Pods
    export STRINGSDATA_DIR\=/Users/ibrahimusmani/Library/Developer/Xcode/DerivedData/Signal-ftyjjpqofcnmqgarxcymapnsxdnn/Build/Intermediates.noindex/Pods.build/Debug-iphonesimulator/LibSignalClient.build/Objects-normal/undefined_arch
    export STRINGSDATA_ROOT\=/Users/ibrahimusmani/Library/Developer/Xcode/DerivedData/Signal-ftyjjpqofcnmqgarxcymapnsxdnn/Build/Intermediates.noindex/Pods.build/Debug-iphonesimulator/LibSignalClient.build
    export STRINGS_FILE_INFOPLIST_RENAME\=YES
    export STRINGS_FILE_OUTPUT_ENCODING\=binary
    export STRIP_BITCODE_FROM_COPIED_FILES\=NO
    export STRIP_INSTALLED_PRODUCT\=NO
    export STRIP_STYLE\=debugging
    export STRIP_SWIFT_SYMBOLS\=YES
    export SUPPORTED_DEVICE_FAMILIES\=1,2
    export SUPPORTED_PLATFORMS\=iphoneos\ iphonesimulator
    export SUPPORTS_TEXT_BASED_API\=NO
    export SUPPRESS_WARNINGS\=NO
    export SWIFT_ACTIVE_COMPILATION_CONDITIONS\=DEBUG\ 
    export SWIFT_EMIT_LOC_STRINGS\=NO
    export SWIFT_INCLUDE_PATHS\=/Users/ibrahimusmani/Library/Developer/Xcode/DerivedData/Signal-ftyjjpqofcnmqgarxcymapnsxdnn/Build/Products/Debug-iphonesimulator/LibSignalClient\ \ /Users/ibrahimusmani/Library/Developer/Xcode/DerivedData/Signal-ftyjjpqofcnmqgarxcymapnsxdnn/Build/Products/Debug-iphonesimulator/LibSignalClient/include\ \ /Users/ibrahimusmani/Documents/Signal2/Signal-iOS/Pods/LibSignalClient/swift/Sources/SignalFfi
    export SWIFT_INSTALL_MODULE_FOR_DEPLOYMENT\=YES
    export SWIFT_OPTIMIZATION_LEVEL\=-Onone
    export SWIFT_PLATFORM_TARGET_PREFIX\=ios
    export SWIFT_RESPONSE_FILE_PATH_normal_arm64\=/Users/ibrahimusmani/Library/Developer/Xcode/DerivedData/Signal-ftyjjpqofcnmqgarxcymapnsxdnn/Build/Intermediates.noindex/Pods.build/Debug-iphonesimulator/LibSignalClient.build/Objects-normal/arm64/LibSignalClient.SwiftFileList
    export SWIFT_VERSION\=5
    export SYMROOT\=/Users/ibrahimusmani/Library/Developer/Xcode/DerivedData/Signal-ftyjjpqofcnmqgarxcymapnsxdnn/Build/Products
    export SYSTEM_ADMIN_APPS_DIR\=/Applications/Utilities
    export SYSTEM_APPS_DIR\=/Applications
    export SYSTEM_CORE_SERVICES_DIR\=/System/Library/CoreServices
    export SYSTEM_DEMOS_DIR\=/Applications/Extras
    export SYSTEM_DEVELOPER_APPS_DIR\=/Applications/Xcode.app/Contents/Developer/Applications
    export SYSTEM_DEVELOPER_BIN_DIR\=/Applications/Xcode.app/Contents/Developer/usr/bin
    export SYSTEM_DEVELOPER_DEMOS_DIR\=/Applications/Xcode.app/Contents/Developer/Applications/Utilities/Built\ Examples
    export SYSTEM_DEVELOPER_DIR\=/Applications/Xcode.app/Contents/Developer
    export SYSTEM_DEVELOPER_DOC_DIR\=/Applications/Xcode.app/Contents/Developer/ADC\ Reference\ Library
    export SYSTEM_DEVELOPER_GRAPHICS_TOOLS_DIR\=/Applications/Xcode.app/Contents/Developer/Applications/Graphics\ Tools
    export SYSTEM_DEVELOPER_JAVA_TOOLS_DIR\=/Applications/Xcode.app/Contents/Developer/Applications/Java\ Tools
    export SYSTEM_DEVELOPER_PERFORMANCE_TOOLS_DIR\=/Applications/Xcode.app/Contents/Developer/Applications/Performance\ Tools
    export SYSTEM_DEVELOPER_RELEASENOTES_DIR\=/Applications/Xcode.app/Contents/Developer/ADC\ Reference\ Library/releasenotes
    export SYSTEM_DEVELOPER_TOOLS\=/Applications/Xcode.app/Contents/Developer/Tools
    export SYSTEM_DEVELOPER_TOOLS_DOC_DIR\=/Applications/Xcode.app/Contents/Developer/ADC\ Reference\ Library/documentation/DeveloperTools
    export SYSTEM_DEVELOPER_TOOLS_RELEASENOTES_DIR\=/Applications/Xcode.app/Contents/Developer/ADC\ Reference\ Library/releasenotes/DeveloperTools
    export SYSTEM_DEVELOPER_USR_DIR\=/Applications/Xcode.app/Contents/Developer/usr
    export SYSTEM_DEVELOPER_UTILITIES_DIR\=/Applications/Xcode.app/Contents/Developer/Applications/Utilities
    export SYSTEM_DEXT_INSTALL_PATH\=/System/Library/DriverExtensions
    export SYSTEM_DOCUMENTATION_DIR\=/Library/Documentation
    export SYSTEM_EXTENSIONS_FOLDER_PATH\=LibSignalClient.framework/SystemExtensions
    export SYSTEM_EXTENSIONS_FOLDER_PATH_SHALLOW_BUNDLE_NO\=LibSignalClient.framework/Library/SystemExtensions
    export SYSTEM_EXTENSIONS_FOLDER_PATH_SHALLOW_BUNDLE_YES\=LibSignalClient.framework/SystemExtensions
    export SYSTEM_KEXT_INSTALL_PATH\=/System/Library/Extensions
    export SYSTEM_LIBRARY_DIR\=/System/Library
    export TAPI_DEMANGLE\=YES
    export TAPI_ENABLE_PROJECT_HEADERS\=NO
    export TAPI_LANGUAGE\=objective-c
    export TAPI_LANGUAGE_STANDARD\=compiler-default
    export TAPI_USE_SRCROOT\=YES
    export TAPI_VERIFY_MODE\=Pedantic
    export TARGETED_DEVICE_FAMILY\=1,2
    export TARGETNAME\=LibSignalClient
    export TARGET_BUILD_DIR\=/Users/ibrahimusmani/Library/Developer/Xcode/DerivedData/Signal-ftyjjpqofcnmqgarxcymapnsxdnn/Build/Products/Debug-iphonesimulator/LibSignalClient
    export TARGET_DEVICE_IDENTIFIER\=7AE53A7E-8F0D-482E-BB5F-8176A1CA9630
    export TARGET_DEVICE_MODEL\=iPhone17,3
    export TARGET_DEVICE_OS_VERSION\=18.4
    export TARGET_DEVICE_PLATFORM_NAME\=iphonesimulator
    export TARGET_NAME\=LibSignalClient
    export TARGET_TEMP_DIR\=/Users/ibrahimusmani/Library/Developer/Xcode/DerivedData/Signal-ftyjjpqofcnmqgarxcymapnsxdnn/Build/Intermediates.noindex/Pods.build/Debug-iphonesimulator/LibSignalClient.build
    export TEMP_DIR\=/Users/ibrahimusmani/Library/Developer/Xcode/DerivedData/Signal-ftyjjpqofcnmqgarxcymapnsxdnn/Build/Intermediates.noindex/Pods.build/Debug-iphonesimulator/LibSignalClient.build
    export TEMP_FILES_DIR\=/Users/ibrahimusmani/Library/Developer/Xcode/DerivedData/Signal-ftyjjpqofcnmqgarxcymapnsxdnn/Build/Intermediates.noindex/Pods.build/Debug-iphonesimulator/LibSignalClient.build
    export TEMP_FILE_DIR\=/Users/ibrahimusmani/Library/Developer/Xcode/DerivedData/Signal-ftyjjpqofcnmqgarxcymapnsxdnn/Build/Intermediates.noindex/Pods.build/Debug-iphonesimulator/LibSignalClient.build
    export TEMP_ROOT\=/Users/ibrahimusmani/Library/Developer/Xcode/DerivedData/Signal-ftyjjpqofcnmqgarxcymapnsxdnn/Build/Intermediates.noindex
    export TEMP_SANDBOX_DIR\=/Users/ibrahimusmani/Library/Developer/Xcode/DerivedData/Signal-ftyjjpqofcnmqgarxcymapnsxdnn/Build/Intermediates.noindex/TemporaryTaskSandboxes
    export TEST_FRAMEWORK_SEARCH_PATHS\=\ /Applications/Xcode.app/Contents/Developer/Platforms/iPhoneSimulator.platform/Developer/Library/Frameworks\ /Applications/Xcode.app/Contents/Developer/Platforms/iPhoneSimulator.platform/Developer/SDKs/iPhoneSimulator18.4.sdk/Developer/Library/Frameworks
    export TEST_LIBRARY_SEARCH_PATHS\=\ /Applications/Xcode.app/Contents/Developer/Platforms/iPhoneSimulator.platform/Developer/usr/lib
    export TOOLCHAINS\=com.apple.dt.toolchain.XcodeDefault
    export TOOLCHAIN_DIR\=/Applications/Xcode.app/Contents/Developer/Toolchains/XcodeDefault.xctoolchain
    export TREAT_MISSING_BASELINES_AS_TEST_FAILURES\=NO
    export TREAT_MISSING_SCRIPT_PHASE_OUTPUTS_AS_ERRORS\=NO
    export TeamIdentifierPrefix\=6X3MQMNK7C.
    export UID\=501
    export UNINSTALLED_PRODUCTS_DIR\=/Users/ibrahimusmani/Library/Developer/Xcode/DerivedData/Signal-ftyjjpqofcnmqgarxcymapnsxdnn/Build/Intermediates.noindex/UninstalledProducts
    export UNLOCALIZED_RESOURCES_FOLDER_PATH\=LibSignalClient.framework
    export UNLOCALIZED_RESOURCES_FOLDER_PATH_SHALLOW_BUNDLE_NO\=LibSignalClient.framework/Resources
    export UNLOCALIZED_RESOURCES_FOLDER_PATH_SHALLOW_BUNDLE_YES\=LibSignalClient.framework
    export UNSTRIPPED_PRODUCT\=NO
    export USER\=ibrahimusmani
    export USER_APPS_DIR\=/Users/ibrahimusmani/Applications
    export USER_LIBRARY_DIR\=/Users/ibrahimusmani/Library
    export USE_DYNAMIC_NO_PIC\=YES
    export USE_HEADERMAP\=YES
    export USE_HEADER_SYMLINKS\=NO
    export USE_RECURSIVE_SCRIPT_INPUTS_IN_SCRIPT_PHASES\=YES
    export VALIDATE_DEVELOPMENT_ASSET_PATHS\=YES_ERROR
    export VALIDATE_PRODUCT\=NO
    export VALID_ARCHS\=arm64\ arm64e\ x86_64
    export VERBOSE_PBXCP\=NO
    export VERSIONING_SYSTEM\=apple-generic
    export VERSIONPLIST_PATH\=LibSignalClient.framework/version.plist
    export VERSIONS_FOLDER_PATH\=LibSignalClient.framework
    export VERSIONS_FOLDER_PATH_SHALLOW_BUNDLE_NO\=LibSignalClient.framework/Versions
    export VERSIONS_FOLDER_PATH_SHALLOW_BUNDLE_YES\=LibSignalClient.framework
    export VERSION_INFO_BUILDER\=ibrahimusmani
    export VERSION_INFO_FILE\=LibSignalClient_vers.c
    export VERSION_INFO_STRING\=\"@\(\#\)PROGRAM:LibSignalClient\ \ PROJECT:Pods-1\"
    export WARNING_CFLAGS\=\ -Werror\=incompatible-pointer-types\ -Werror\=protocol\ -Werror\=incomplete-implementation\ -Werror\=objc-literal-conversion\ -Werror\=objc-property-synthesis\ -Werror\=objc-protocol-property-synthesis
    export WORKSPACE_DIR\=/Users/ibrahimusmani/Documents/Signal2/Signal-iOS
    export WRAPPER_EXTENSION\=framework
    export WRAPPER_NAME\=LibSignalClient.framework
    export WRAPPER_SUFFIX\=.framework
    export WRAP_ASSET_PACKS_IN_SEPARATE_DIRECTORIES\=NO
    export XCODE_APP_SUPPORT_DIR\=/Applications/Xcode.app/Contents/Developer/Library/Xcode
    export XCODE_PRODUCT_BUILD_VERSION\=16E140
    export XCODE_VERSION_ACTUAL\=1630
    export XCODE_VERSION_MAJOR\=1600
    export XCODE_VERSION_MINOR\=1630
    export XPCSERVICES_FOLDER_PATH\=LibSignalClient.framework/XPCServices
    export YACC\=yacc
    export _DISCOVER_COMMAND_LINE_LINKER_INPUTS\=YES
    export _DISCOVER_COMMAND_LINE_LINKER_INPUTS_INCLUDE_WL\=YES
    export _WRAPPER_CONTENTS_DIR_SHALLOW_BUNDLE_NO\=/Contents
    export _WRAPPER_PARENT_PATH_SHALLOW_BUNDLE_NO\=/..
    export _WRAPPER_RESOURCES_DIR_SHALLOW_BUNDLE_NO\=/Resources
    export __DIAGNOSE_DEPRECATED_ARCHS\=YES
    export arch\=undefined_arch
    export variant\=normal
    /bin/sh -c /Users/ibrahimusmani/Library/Developer/Xcode/DerivedData/Signal-ftyjjpqofcnmqgarxcymapnsxdnn/Build/Intermediates.noindex/Pods.build/Debug-iphonesimulator/LibSignalClient.build/Script-569E525A82EC0FC23D9771DA72939FF3.sh

ProcessInfoPlistFile /Users/ibrahimusmani/Library/Developer/Xcode/DerivedData/Signal-ftyjjpqofcnmqgarxcymapnsxdnn/Build/Products/Debug-iphonesimulator/lottie-ios/Lottie.framework/Info.plist /Users/ibrahimusmani/Documents/Signal2/Signal-iOS/Pods/Target\ Support\ Files/lottie-ios/lottie-ios-Info.plist (in target 'lottie-ios' from project 'Pods')
    cd /Users/ibrahimusmani/Documents/Signal2/Signal-iOS/Pods
    builtin-infoPlistUtility /Users/ibrahimusmani/Documents/Signal2/Signal-iOS/Pods/Target\ Support\ Files/lottie-ios/lottie-ios-Info.plist -producttype com.apple.product-type.framework -expandbuildsettings -format binary -platform iphonesimulator -o /Users/ibrahimusmani/Library/Developer/Xcode/DerivedData/Signal-ftyjjpqofcnmqgarxcymapnsxdnn/Build/Products/Debug-iphonesimulator/lottie-ios/Lottie.framework/Info.plist

ProcessInfoPlistFile /Users/ibrahimusmani/Library/Developer/Xcode/DerivedData/Signal-ftyjjpqofcnmqgarxcymapnsxdnn/Build/Products/Debug-iphonesimulator/SQLCipher/SQLCipher.framework/Info.plist /Users/ibrahimusmani/Documents/Signal2/Signal-iOS/Pods/Target\ Support\ Files/SQLCipher/SQLCipher-Info.plist (in target 'SQLCipher' from project 'Pods')
    cd /Users/ibrahimusmani/Documents/Signal2/Signal-iOS/Pods
    builtin-infoPlistUtility /Users/ibrahimusmani/Documents/Signal2/Signal-iOS/Pods/Target\ Support\ Files/SQLCipher/SQLCipher-Info.plist -producttype com.apple.product-type.framework -expandbuildsettings -format binary -platform iphonesimulator -o /Users/ibrahimusmani/Library/Developer/Xcode/DerivedData/Signal-ftyjjpqofcnmqgarxcymapnsxdnn/Build/Products/Debug-iphonesimulator/SQLCipher/SQLCipher.framework/Info.plist

ProcessInfoPlistFile /Users/ibrahimusmani/Library/Developer/Xcode/DerivedData/Signal-ftyjjpqofcnmqgarxcymapnsxdnn/Build/Products/Debug-iphonesimulator/Reachability/Reachability.framework/Info.plist /Users/ibrahimusmani/Documents/Signal2/Signal-iOS/Pods/Target\ Support\ Files/Reachability/Reachability-Info.plist (in target 'Reachability' from project 'Pods')
    cd /Users/ibrahimusmani/Documents/Signal2/Signal-iOS/Pods
    builtin-infoPlistUtility /Users/ibrahimusmani/Documents/Signal2/Signal-iOS/Pods/Target\ Support\ Files/Reachability/Reachability-Info.plist -producttype com.apple.product-type.framework -expandbuildsettings -format binary -platform iphonesimulator -o /Users/ibrahimusmani/Library/Developer/Xcode/DerivedData/Signal-ftyjjpqofcnmqgarxcymapnsxdnn/Build/Products/Debug-iphonesimulator/Reachability/Reachability.framework/Info.plist

ProcessInfoPlistFile /Users/ibrahimusmani/Library/Developer/Xcode/DerivedData/Signal-ftyjjpqofcnmqgarxcymapnsxdnn/Build/Products/Debug-iphonesimulator/BonMot/BonMot.framework/Info.plist /Users/ibrahimusmani/Documents/Signal2/Signal-iOS/Pods/Target\ Support\ Files/BonMot/BonMot-Info.plist (in target 'BonMot' from project 'Pods')
    cd /Users/ibrahimusmani/Documents/Signal2/Signal-iOS/Pods
    builtin-infoPlistUtility /Users/ibrahimusmani/Documents/Signal2/Signal-iOS/Pods/Target\ Support\ Files/BonMot/BonMot-Info.plist -producttype com.apple.product-type.framework -expandbuildsettings -format binary -platform iphonesimulator -o /Users/ibrahimusmani/Library/Developer/Xcode/DerivedData/Signal-ftyjjpqofcnmqgarxcymapnsxdnn/Build/Products/Debug-iphonesimulator/BonMot/BonMot.framework/Info.plist

ProcessInfoPlistFile /Users/ibrahimusmani/Library/Developer/Xcode/DerivedData/Signal-ftyjjpqofcnmqgarxcymapnsxdnn/Build/Products/Debug-iphonesimulator/AWSCore/AWSCore.bundle/Info.plist /Users/ibrahimusmani/Documents/Signal2/Signal-iOS/Pods/Target\ Support\ Files/AWSCore/ResourceBundle-AWSCore-AWSCore-Info.plist (in target 'AWSCore-AWSCore' from project 'Pods')
    cd /Users/ibrahimusmani/Documents/Signal2/Signal-iOS/Pods
    builtin-infoPlistUtility /Users/ibrahimusmani/Documents/Signal2/Signal-iOS/Pods/Target\ Support\ Files/AWSCore/ResourceBundle-AWSCore-AWSCore-Info.plist -producttype com.apple.product-type.bundle -expandbuildsettings -format binary -platform iphonesimulator -o /Users/ibrahimusmani/Library/Developer/Xcode/DerivedData/Signal-ftyjjpqofcnmqgarxcymapnsxdnn/Build/Products/Debug-iphonesimulator/AWSCore/AWSCore.bundle/Info.plist

ProcessInfoPlistFile /Users/ibrahimusmani/Library/Developer/Xcode/DerivedData/Signal-ftyjjpqofcnmqgarxcymapnsxdnn/Build/Products/Debug-iphonesimulator/YYImage/YYImage.framework/Info.plist /Users/ibrahimusmani/Documents/Signal2/Signal-iOS/Pods/Target\ Support\ Files/YYImage/YYImage-Info.plist (in target 'YYImage' from project 'Pods')
    cd /Users/ibrahimusmani/Documents/Signal2/Signal-iOS/Pods
    builtin-infoPlistUtility /Users/ibrahimusmani/Documents/Signal2/Signal-iOS/Pods/Target\ Support\ Files/YYImage/YYImage-Info.plist -producttype com.apple.product-type.framework -expandbuildsettings -format binary -platform iphonesimulator -o /Users/ibrahimusmani/Library/Developer/Xcode/DerivedData/Signal-ftyjjpqofcnmqgarxcymapnsxdnn/Build/Products/Debug-iphonesimulator/YYImage/YYImage.framework/Info.plist

SwiftDriver SignalCore normal arm64 com.apple.xcode.tools.swift.compiler (in target 'SignalCore' from project 'Pods')
    cd /Users/ibrahimusmani/Documents/Signal2/Signal-iOS/Pods
    builtin-SwiftDriver -- /Applications/Xcode.app/Contents/Developer/Toolchains/XcodeDefault.xctoolchain/usr/bin/swiftc -module-name SignalCore -Onone -enforce-exclusivity\=checked @/Users/ibrahimusmani/Library/Developer/Xcode/DerivedData/Signal-ftyjjpqofcnmqgarxcymapnsxdnn/Build/Intermediates.noindex/Pods.build/Debug-iphonesimulator/SignalCore.build/Objects-normal/arm64/SignalCore.SwiftFileList -DDEBUG -D COCOAPODS -enable-bare-slash-regex -enable-experimental-feature DebugDescriptionMacro -sdk /Applications/Xcode.app/Contents/Developer/Platforms/iPhoneSimulator.platform/Developer/SDKs/iPhoneSimulator18.4.sdk -target arm64-apple-ios15.0-simulator -g -module-cache-path /Users/ibrahimusmani/Library/Developer/Xcode/DerivedData/ModuleCache.noindex -Xfrontend -serialize-debugging-options -application-extension -profile-coverage-mapping -profile-generate -enable-testing -index-store-path /Users/ibrahimusmani/Library/Developer/Xcode/DerivedData/Signal-ftyjjpqofcnmqgarxcymapnsxdnn/Index.noindex/DataStore -swift-version 5 -I /Users/ibrahimusmani/Library/Developer/Xcode/DerivedData/Signal-ftyjjpqofcnmqgarxcymapnsxdnn/Build/Products/Debug-iphonesimulator/SignalCore -F /Users/ibrahimusmani/Library/Developer/Xcode/DerivedData/Signal-ftyjjpqofcnmqgarxcymapnsxdnn/Build/Products/Debug-iphonesimulator/SignalCore -F /Users/ibrahimusmani/Library/Developer/Xcode/DerivedData/Signal-ftyjjpqofcnmqgarxcymapnsxdnn/Build/Products/Debug-iphonesimulator/AWSCore -F /Users/ibrahimusmani/Library/Developer/Xcode/DerivedData/Signal-ftyjjpqofcnmqgarxcymapnsxdnn/Build/Products/Debug-iphonesimulator/AWSDynamoDB -F /Users/ibrahimusmani/Library/Developer/Xcode/DerivedData/Signal-ftyjjpqofcnmqgarxcymapnsxdnn/Build/Products/Debug-iphonesimulator/AWSLambda -F /Users/ibrahimusmani/Library/Developer/Xcode/DerivedData/Signal-ftyjjpqofcnmqgarxcymapnsxdnn/Build/Products/Debug-iphonesimulator/AWSS3 -c -j8 -enable-batch-mode -incremental -Xcc -ivfsstatcache -Xcc /Users/ibrahimusmani/Library/Developer/Xcode/DerivedData/SDKStatCaches.noindex/iphonesimulator18.4-22E235-71825a6d136aa4733edcbe86ece5525b.sdkstatcache -output-file-map /Users/ibrahimusmani/Library/Developer/Xcode/DerivedData/Signal-ftyjjpqofcnmqgarxcymapnsxdnn/Build/Intermediates.noindex/Pods.build/Debug-iphonesimulator/SignalCore.build/Objects-normal/arm64/SignalCore-OutputFileMap.json -use-frontend-parseable-output -save-temps -no-color-diagnostics -serialize-diagnostics -emit-dependencies -emit-module -emit-module-path /Users/ibrahimusmani/Library/Developer/Xcode/DerivedData/Signal-ftyjjpqofcnmqgarxcymapnsxdnn/Build/Intermediates.noindex/Pods.build/Debug-iphonesimulator/SignalCore.build/Objects-normal/arm64/SignalCore.swiftmodule -validate-clang-modules-once -clang-build-session-file /Users/ibrahimusmani/Library/Developer/Xcode/DerivedData/ModuleCache.noindex/Session.modulevalidation -Xcc -I/Users/ibrahimusmani/Library/Developer/Xcode/DerivedData/Signal-ftyjjpqofcnmqgarxcymapnsxdnn/Build/Intermediates.noindex/Pods.build/Debug-iphonesimulator/SignalCore.build/swift-overrides.hmap -emit-const-values -Xfrontend -const-gather-protocols-file -Xfrontend /Users/ibrahimusmani/Library/Developer/Xcode/DerivedData/Signal-ftyjjpqofcnmqgarxcymapnsxdnn/Build/Intermediates.noindex/Pods.build/Debug-iphonesimulator/SignalCore.build/Objects-normal/arm64/SignalCore_const_extract_protocols.json -Xcc -iquote -Xcc /Users/ibrahimusmani/Library/Developer/Xcode/DerivedData/Signal-ftyjjpqofcnmqgarxcymapnsxdnn/Build/Intermediates.noindex/Pods.build/Debug-iphonesimulator/SignalCore.build/SignalCore-generated-files.hmap -Xcc -I/Users/ibrahimusmani/Library/Developer/Xcode/DerivedData/Signal-ftyjjpqofcnmqgarxcymapnsxdnn/Build/Intermediates.noindex/Pods.build/Debug-iphonesimulator/SignalCore.build/SignalCore-own-target-headers.hmap -Xcc -I/Users/ibrahimusmani/Library/Developer/Xcode/DerivedData/Signal-ftyjjpqofcnmqgarxcymapnsxdnn/Build/Intermediates.noindex/Pods.build/Debug-iphonesimulator/SignalCore.build/SignalCore-all-non-framework-target-headers.hmap -Xcc -ivfsoverlay -Xcc /Users/ibrahimusmani/Library/Developer/Xcode/DerivedData/Signal-ftyjjpqofcnmqgarxcymapnsxdnn/Build/Intermediates.noindex/Pods.build/Debug-iphonesimulator/Pods-8699adb1dd336b26511df848a716bd42-VFS-iphonesimulator/all-product-headers.yaml -Xcc -iquote -Xcc /Users/ibrahimusmani/Library/Developer/Xcode/DerivedData/Signal-ftyjjpqofcnmqgarxcymapnsxdnn/Build/Intermediates.noindex/Pods.build/Debug-iphonesimulator/SignalCore.build/SignalCore-project-headers.hmap -Xcc -I/Users/ibrahimusmani/Library/Developer/Xcode/DerivedData/Signal-ftyjjpqofcnmqgarxcymapnsxdnn/Build/Products/Debug-iphonesimulator/SignalCore/include -Xcc -I/Users/ibrahimusmani/Library/Developer/Xcode/DerivedData/Signal-ftyjjpqofcnmqgarxcymapnsxdnn/Build/Intermediates.noindex/Pods.build/Debug-iphonesimulator/SignalCore.build/DerivedSources-normal/arm64 -Xcc -I/Users/ibrahimusmani/Library/Developer/Xcode/DerivedData/Signal-ftyjjpqofcnmqgarxcymapnsxdnn/Build/Intermediates.noindex/Pods.build/Debug-iphonesimulator/SignalCore.build/DerivedSources/arm64 -Xcc -I/Users/ibrahimusmani/Library/Developer/Xcode/DerivedData/Signal-ftyjjpqofcnmqgarxcymapnsxdnn/Build/Intermediates.noindex/Pods.build/Debug-iphonesimulator/SignalCore.build/DerivedSources -Xcc -DPOD_CONFIGURATION_DEBUG\=1 -Xcc -DDEBUG\=1 -Xcc -DCOCOAPODS\=1 -emit-objc-header -emit-objc-header-path /Users/ibrahimusmani/Library/Developer/Xcode/DerivedData/Signal-ftyjjpqofcnmqgarxcymapnsxdnn/Build/Intermediates.noindex/Pods.build/Debug-iphonesimulator/SignalCore.build/Objects-normal/arm64/SignalCore-Swift.h -import-underlying-module -Xcc -ivfsoverlay -Xcc /Users/ibrahimusmani/Library/Developer/Xcode/DerivedData/Signal-ftyjjpqofcnmqgarxcymapnsxdnn/Build/Intermediates.noindex/Pods.build/Debug-iphonesimulator/SignalCore.build/unextended-module-overlay.yaml -working-directory /Users/ibrahimusmani/Documents/Signal2/Signal-iOS/Pods -experimental-emit-module-separately -disable-cmo

ScanDependencies /Users/ibrahimusmani/Library/Developer/Xcode/DerivedData/Signal-ftyjjpqofcnmqgarxcymapnsxdnn/Build/Intermediates.noindex/Pods.build/Debug-iphonesimulator/AWSCognitoIdentityProvider.build/Objects-normal/arm64/AWSCognitoIdentityProviderResources.o /Users/ibrahimusmani/Documents/Signal2/Signal-iOS/Pods/AWSCognitoIdentityProvider/AWSCognitoIdentityProvider/AWSCognitoIdentityProviderResources.m normal arm64 objective-c com.apple.compilers.llvm.clang.1_0.compiler (in target 'AWSCognitoIdentityProvider' from project 'Pods')
    cd /Users/ibrahimusmani/Documents/Signal2/Signal-iOS/Pods
    
    Using response file: /Users/ibrahimusmani/Library/Developer/Xcode/DerivedData/Signal-ftyjjpqofcnmqgarxcymapnsxdnn/Build/Intermediates.noindex/Pods.build/Debug-iphonesimulator/AWSCognitoIdentityProvider.build/Objects-normal/arm64/e6072d4f65d7061329687fe24e3d63a7-common-args.resp
    
    builtin-ScanDependencies -o /Users/ibrahimusmani/Library/Developer/Xcode/DerivedData/Signal-ftyjjpqofcnmqgarxcymapnsxdnn/Build/Intermediates.noindex/Pods.build/Debug-iphonesimulator/AWSCognitoIdentityProvider.build/Objects-normal/arm64/AWSCognitoIdentityProviderResources.o.scan -- /Applications/Xcode.app/Contents/Developer/Toolchains/XcodeDefault.xctoolchain/usr/bin/clang -x objective-c -ivfsstatcache /Users/ibrahimusmani/Library/Developer/Xcode/DerivedData/SDKStatCaches.noindex/iphonesimulator18.4-22E235-71825a6d136aa4733edcbe86ece5525b.sdkstatcache -fmessage-length\=0 -fdiagnostics-show-note-include-stack -fmacro-backtrace-limit\=0 -fno-color-diagnostics -fmodules-prune-interval\=86400 -fmodules-prune-after\=345600 -fbuild-session-file\=/Users/ibrahimusmani/Library/Developer/Xcode/DerivedData/ModuleCache.noindex/Session.modulevalidation -fmodules-validate-once-per-build-session -Wnon-modular-include-in-framework-module -Werror\=non-modular-include-in-framework-module -Wno-trigraphs -Wno-missing-field-initializers -Wno-missing-prototypes -Werror\=return-type -Wdocumentation -Wunreachable-code -Wno-implicit-atomic-properties -Werror\=deprecated-objc-isa-usage -Wno-objc-interface-ivars -Werror\=objc-root-class -Wno-arc-repeated-use-of-weak -Wimplicit-retain-self -Wduplicate-method-match -Wno-missing-braces -Wparentheses -Wswitch -Wunused-function -Wno-unused-label -Wno-unused-parameter -Wunused-variable -Wunused-value -Wempty-body -Wuninitialized -Wconditional-uninitialized -Wno-unknown-pragmas -w -Wno-shadow -Wno-four-char-constants -Wno-conversion -Wconstant-conversion -Wint-conversion -Wbool-conversion -Wenum-conversion -Wno-float-conversion -Wnon-literal-null-conversion -Wobjc-literal-conversion -Wshorten-64-to-32 -Wpointer-sign -Wno-newline-eof -Wno-selector -Wno-strict-selector-match -Wundeclared-selector -Wdeprecated-implementations -Wno-implicit-fallthrough -fstrict-aliasing -Wprotocol -Wdeprecated-declarations -Wno-sign-conversion -Winfinite-recursion -Wcomma -Wblock-capture-autoreleasing -Wstrict-prototypes -Wno-semicolon-before-method-body -Wunguarded-availability -index-store-path /Users/ibrahimusmani/Library/Developer/Xcode/DerivedData/Signal-ftyjjpqofcnmqgarxcymapnsxdnn/Index.noindex/DataStore -Werror\=incompatible-pointer-types -Werror\=protocol -Werror\=incomplete-implementation -Werror\=objc-literal-conversion -Werror\=objc-property-synthesis -Werror\=objc-protocol-property-synthesis @/Users/ibrahimusmani/Library/Developer/Xcode/DerivedData/Signal-ftyjjpqofcnmqgarxcymapnsxdnn/Build/Intermediates.noindex/Pods.build/Debug-iphonesimulator/AWSCognitoIdentityProvider.build/Objects-normal/arm64/e6072d4f65d7061329687fe24e3d63a7-common-args.resp -include /Users/ibrahimusmani/Documents/Signal2/Signal-iOS/Pods/Target\ Support\ Files/AWSCognitoIdentityProvider/AWSCognitoIdentityProvider-prefix.pch -MMD -MT dependencies -MF /Users/ibrahimusmani/Library/Developer/Xcode/DerivedData/Signal-ftyjjpqofcnmqgarxcymapnsxdnn/Build/Intermediates.noindex/Pods.build/Debug-iphonesimulator/AWSCognitoIdentityProvider.build/Objects-normal/arm64/AWSCognitoIdentityProviderResources.d --serialize-diagnostics /Users/ibrahimusmani/Library/Developer/Xcode/DerivedData/Signal-ftyjjpqofcnmqgarxcymapnsxdnn/Build/Intermediates.noindex/Pods.build/Debug-iphonesimulator/AWSCognitoIdentityProvider.build/Objects-normal/arm64/AWSCognitoIdentityProviderResources.dia -c /Users/ibrahimusmani/Documents/Signal2/Signal-iOS/Pods/AWSCognitoIdentityProvider/AWSCognitoIdentityProvider/AWSCognitoIdentityProviderResources.m -o /Users/ibrahimusmani/Library/Developer/Xcode/DerivedData/Signal-ftyjjpqofcnmqgarxcymapnsxdnn/Build/Intermediates.noindex/Pods.build/Debug-iphonesimulator/AWSCognitoIdentityProvider.build/Objects-normal/arm64/AWSCognitoIdentityProviderResources.o -index-unit-output-path /Pods.build/Debug-iphonesimulator/AWSCognitoIdentityProvider.build/Objects-normal/arm64/AWSCognitoIdentityProviderResources.o

ScanDependencies /Users/ibrahimusmani/Library/Developer/Xcode/DerivedData/Signal-ftyjjpqofcnmqgarxcymapnsxdnn/Build/Intermediates.noindex/Pods.build/Debug-iphonesimulator/AWSCognitoIdentityProvider.build/Objects-normal/arm64/AWSCognitoIdentityProviderSrpHelper.o /Users/ibrahimusmani/Documents/Signal2/Signal-iOS/Pods/AWSCognitoIdentityProvider/AWSCognitoIdentityProvider/Internal/AWSCognitoIdentityProviderSrpHelper.m normal arm64 objective-c com.apple.compilers.llvm.clang.1_0.compiler (in target 'AWSCognitoIdentityProvider' from project 'Pods')
    cd /Users/ibrahimusmani/Documents/Signal2/Signal-iOS/Pods
    
    Using response file: /Users/ibrahimusmani/Library/Developer/Xcode/DerivedData/Signal-ftyjjpqofcnmqgarxcymapnsxdnn/Build/Intermediates.noindex/Pods.build/Debug-iphonesimulator/AWSCognitoIdentityProvider.build/Objects-normal/arm64/e6072d4f65d7061329687fe24e3d63a7-common-args.resp
    
    builtin-ScanDependencies -o /Users/ibrahimusmani/Library/Developer/Xcode/DerivedData/Signal-ftyjjpqofcnmqgarxcymapnsxdnn/Build/Intermediates.noindex/Pods.build/Debug-iphonesimulator/AWSCognitoIdentityProvider.build/Objects-normal/arm64/AWSCognitoIdentityProviderSrpHelper.o.scan -- /Applications/Xcode.app/Contents/Developer/Toolchains/XcodeDefault.xctoolchain/usr/bin/clang -x objective-c -ivfsstatcache /Users/ibrahimusmani/Library/Developer/Xcode/DerivedData/SDKStatCaches.noindex/iphonesimulator18.4-22E235-71825a6d136aa4733edcbe86ece5525b.sdkstatcache -fmessage-length\=0 -fdiagnostics-show-note-include-stack -fmacro-backtrace-limit\=0 -fno-color-diagnostics -fmodules-prune-interval\=86400 -fmodules-prune-after\=345600 -fbuild-session-file\=/Users/ibrahimusmani/Library/Developer/Xcode/DerivedData/ModuleCache.noindex/Session.modulevalidation -fmodules-validate-once-per-build-session -Wnon-modular-include-in-framework-module -Werror\=non-modular-include-in-framework-module -Wno-trigraphs -Wno-missing-field-initializers -Wno-missing-prototypes -Werror\=return-type -Wdocumentation -Wunreachable-code -Wno-implicit-atomic-properties -Werror\=deprecated-objc-isa-usage -Wno-objc-interface-ivars -Werror\=objc-root-class -Wno-arc-repeated-use-of-weak -Wimplicit-retain-self -Wduplicate-method-match -Wno-missing-braces -Wparentheses -Wswitch -Wunused-function -Wno-unused-label -Wno-unused-parameter -Wunused-variable -Wunused-value -Wempty-body -Wuninitialized -Wconditional-uninitialized -Wno-unknown-pragmas -w -Wno-shadow -Wno-four-char-constants -Wno-conversion -Wconstant-conversion -Wint-conversion -Wbool-conversion -Wenum-conversion -Wno-float-conversion -Wnon-literal-null-conversion -Wobjc-literal-conversion -Wshorten-64-to-32 -Wpointer-sign -Wno-newline-eof -Wno-selector -Wno-strict-selector-match -Wundeclared-selector -Wdeprecated-implementations -Wno-implicit-fallthrough -fstrict-aliasing -Wprotocol -Wdeprecated-declarations -Wno-sign-conversion -Winfinite-recursion -Wcomma -Wblock-capture-autoreleasing -Wstrict-prototypes -Wno-semicolon-before-method-body -Wunguarded-availability -index-store-path /Users/ibrahimusmani/Library/Developer/Xcode/DerivedData/Signal-ftyjjpqofcnmqgarxcymapnsxdnn/Index.noindex/DataStore -Werror\=incompatible-pointer-types -Werror\=protocol -Werror\=incomplete-implementation -Werror\=objc-literal-conversion -Werror\=objc-property-synthesis -Werror\=objc-protocol-property-synthesis @/Users/ibrahimusmani/Library/Developer/Xcode/DerivedData/Signal-ftyjjpqofcnmqgarxcymapnsxdnn/Build/Intermediates.noindex/Pods.build/Debug-iphonesimulator/AWSCognitoIdentityProvider.build/Objects-normal/arm64/e6072d4f65d7061329687fe24e3d63a7-common-args.resp -include /Users/ibrahimusmani/Documents/Signal2/Signal-iOS/Pods/Target\ Support\ Files/AWSCognitoIdentityProvider/AWSCognitoIdentityProvider-prefix.pch -MMD -MT dependencies -MF /Users/ibrahimusmani/Library/Developer/Xcode/DerivedData/Signal-ftyjjpqofcnmqgarxcymapnsxdnn/Build/Intermediates.noindex/Pods.build/Debug-iphonesimulator/AWSCognitoIdentityProvider.build/Objects-normal/arm64/AWSCognitoIdentityProviderSrpHelper.d --serialize-diagnostics /Users/ibrahimusmani/Library/Developer/Xcode/DerivedData/Signal-ftyjjpqofcnmqgarxcymapnsxdnn/Build/Intermediates.noindex/Pods.build/Debug-iphonesimulator/AWSCognitoIdentityProvider.build/Objects-normal/arm64/AWSCognitoIdentityProviderSrpHelper.dia -c /Users/ibrahimusmani/Documents/Signal2/Signal-iOS/Pods/AWSCognitoIdentityProvider/AWSCognitoIdentityProvider/Internal/AWSCognitoIdentityProviderSrpHelper.m -o /Users/ibrahimusmani/Library/Developer/Xcode/DerivedData/Signal-ftyjjpqofcnmqgarxcymapnsxdnn/Build/Intermediates.noindex/Pods.build/Debug-iphonesimulator/AWSCognitoIdentityProvider.build/Objects-normal/arm64/AWSCognitoIdentityProviderSrpHelper.o -index-unit-output-path /Pods.build/Debug-iphonesimulator/AWSCognitoIdentityProvider.build/Objects-normal/arm64/AWSCognitoIdentityProviderSrpHelper.o

ScanDependencies /Users/ibrahimusmani/Library/Developer/Xcode/DerivedData/Signal-ftyjjpqofcnmqgarxcymapnsxdnn/Build/Intermediates.noindex/Pods.build/Debug-iphonesimulator/AWSCognitoIdentityProvider.build/Objects-normal/arm64/AWSCognitoIdentityProviderService.o /Users/ibrahimusmani/Documents/Signal2/Signal-iOS/Pods/AWSCognitoIdentityProvider/AWSCognitoIdentityProvider/AWSCognitoIdentityProviderService.m normal arm64 objective-c com.apple.compilers.llvm.clang.1_0.compiler (in target 'AWSCognitoIdentityProvider' from project 'Pods')
    cd /Users/ibrahimusmani/Documents/Signal2/Signal-iOS/Pods
    
    Using response file: /Users/ibrahimusmani/Library/Developer/Xcode/DerivedData/Signal-ftyjjpqofcnmqgarxcymapnsxdnn/Build/Intermediates.noindex/Pods.build/Debug-iphonesimulator/AWSCognitoIdentityProvider.build/Objects-normal/arm64/e6072d4f65d7061329687fe24e3d63a7-common-args.resp
    
    builtin-ScanDependencies -o /Users/ibrahimusmani/Library/Developer/Xcode/DerivedData/Signal-ftyjjpqofcnmqgarxcymapnsxdnn/Build/Intermediates.noindex/Pods.build/Debug-iphonesimulator/AWSCognitoIdentityProvider.build/Objects-normal/arm64/AWSCognitoIdentityProviderService.o.scan -- /Applications/Xcode.app/Contents/Developer/Toolchains/XcodeDefault.xctoolchain/usr/bin/clang -x objective-c -ivfsstatcache /Users/ibrahimusmani/Library/Developer/Xcode/DerivedData/SDKStatCaches.noindex/iphonesimulator18.4-22E235-71825a6d136aa4733edcbe86ece5525b.sdkstatcache -fmessage-length\=0 -fdiagnostics-show-note-include-stack -fmacro-backtrace-limit\=0 -fno-color-diagnostics -fmodules-prune-interval\=86400 -fmodules-prune-after\=345600 -fbuild-session-file\=/Users/ibrahimusmani/Library/Developer/Xcode/DerivedData/ModuleCache.noindex/Session.modulevalidation -fmodules-validate-once-per-build-session -Wnon-modular-include-in-framework-module -Werror\=non-modular-include-in-framework-module -Wno-trigraphs -Wno-missing-field-initializers -Wno-missing-prototypes -Werror\=return-type -Wdocumentation -Wunreachable-code -Wno-implicit-atomic-properties -Werror\=deprecated-objc-isa-usage -Wno-objc-interface-ivars -Werror\=objc-root-class -Wno-arc-repeated-use-of-weak -Wimplicit-retain-self -Wduplicate-method-match -Wno-missing-braces -Wparentheses -Wswitch -Wunused-function -Wno-unused-label -Wno-unused-parameter -Wunused-variable -Wunused-value -Wempty-body -Wuninitialized -Wconditional-uninitialized -Wno-unknown-pragmas -w -Wno-shadow -Wno-four-char-constants -Wno-conversion -Wconstant-conversion -Wint-conversion -Wbool-conversion -Wenum-conversion -Wno-float-conversion -Wnon-literal-null-conversion -Wobjc-literal-conversion -Wshorten-64-to-32 -Wpointer-sign -Wno-newline-eof -Wno-selector -Wno-strict-selector-match -Wundeclared-selector -Wdeprecated-implementations -Wno-implicit-fallthrough -fstrict-aliasing -Wprotocol -Wdeprecated-declarations -Wno-sign-conversion -Winfinite-recursion -Wcomma -Wblock-capture-autoreleasing -Wstrict-prototypes -Wno-semicolon-before-method-body -Wunguarded-availability -index-store-path /Users/ibrahimusmani/Library/Developer/Xcode/DerivedData/Signal-ftyjjpqofcnmqgarxcymapnsxdnn/Index.noindex/DataStore -Werror\=incompatible-pointer-types -Werror\=protocol -Werror\=incomplete-implementation -Werror\=objc-literal-conversion -Werror\=objc-property-synthesis -Werror\=objc-protocol-property-synthesis @/Users/ibrahimusmani/Library/Developer/Xcode/DerivedData/Signal-ftyjjpqofcnmqgarxcymapnsxdnn/Build/Intermediates.noindex/Pods.build/Debug-iphonesimulator/AWSCognitoIdentityProvider.build/Objects-normal/arm64/e6072d4f65d7061329687fe24e3d63a7-common-args.resp -include /Users/ibrahimusmani/Documents/Signal2/Signal-iOS/Pods/Target\ Support\ Files/AWSCognitoIdentityProvider/AWSCognitoIdentityProvider-prefix.pch -MMD -MT dependencies -MF /Users/ibrahimusmani/Library/Developer/Xcode/DerivedData/Signal-ftyjjpqofcnmqgarxcymapnsxdnn/Build/Intermediates.noindex/Pods.build/Debug-iphonesimulator/AWSCognitoIdentityProvider.build/Objects-normal/arm64/AWSCognitoIdentityProviderService.d --serialize-diagnostics /Users/ibrahimusmani/Library/Developer/Xcode/DerivedData/Signal-ftyjjpqofcnmqgarxcymapnsxdnn/Build/Intermediates.noindex/Pods.build/Debug-iphonesimulator/AWSCognitoIdentityProvider.build/Objects-normal/arm64/AWSCognitoIdentityProviderService.dia -c /Users/ibrahimusmani/Documents/Signal2/Signal-iOS/Pods/AWSCognitoIdentityProvider/AWSCognitoIdentityProvider/AWSCognitoIdentityProviderService.m -o /Users/ibrahimusmani/Library/Developer/Xcode/DerivedData/Signal-ftyjjpqofcnmqgarxcymapnsxdnn/Build/Intermediates.noindex/Pods.build/Debug-iphonesimulator/AWSCognitoIdentityProvider.build/Objects-normal/arm64/AWSCognitoIdentityProviderService.o -index-unit-output-path /Pods.build/Debug-iphonesimulator/AWSCognitoIdentityProvider.build/Objects-normal/arm64/AWSCognitoIdentityProviderService.o

ScanDependencies /Users/ibrahimusmani/Library/Developer/Xcode/DerivedData/Signal-ftyjjpqofcnmqgarxcymapnsxdnn/Build/Intermediates.noindex/Pods.build/Debug-iphonesimulator/AWSAPIGateway.build/Objects-normal/arm64/AWSAPIGatewayModel.o /Users/ibrahimusmani/Documents/Signal2/Signal-iOS/Pods/AWSAPIGateway/AWSAPIGateway/AWSAPIGatewayModel.m normal arm64 objective-c com.apple.compilers.llvm.clang.1_0.compiler (in target 'AWSAPIGateway' from project 'Pods')
    cd /Users/ibrahimusmani/Documents/Signal2/Signal-iOS/Pods
    
    Using response file: /Users/ibrahimusmani/Library/Developer/Xcode/DerivedData/Signal-ftyjjpqofcnmqgarxcymapnsxdnn/Build/Intermediates.noindex/Pods.build/Debug-iphonesimulator/AWSAPIGateway.build/Objects-normal/arm64/e6072d4f65d7061329687fe24e3d63a7-common-args.resp
    
    builtin-ScanDependencies -o /Users/ibrahimusmani/Library/Developer/Xcode/DerivedData/Signal-ftyjjpqofcnmqgarxcymapnsxdnn/Build/Intermediates.noindex/Pods.build/Debug-iphonesimulator/AWSAPIGateway.build/Objects-normal/arm64/AWSAPIGatewayModel.o.scan -- /Applications/Xcode.app/Contents/Developer/Toolchains/XcodeDefault.xctoolchain/usr/bin/clang -x objective-c -ivfsstatcache /Users/ibrahimusmani/Library/Developer/Xcode/DerivedData/SDKStatCaches.noindex/iphonesimulator18.4-22E235-71825a6d136aa4733edcbe86ece5525b.sdkstatcache -fmessage-length\=0 -fdiagnostics-show-note-include-stack -fmacro-backtrace-limit\=0 -fno-color-diagnostics -fmodules-prune-interval\=86400 -fmodules-prune-after\=345600 -fbuild-session-file\=/Users/ibrahimusmani/Library/Developer/Xcode/DerivedData/ModuleCache.noindex/Session.modulevalidation -fmodules-validate-once-per-build-session -Wnon-modular-include-in-framework-module -Werror\=non-modular-include-in-framework-module -Wno-trigraphs -Wno-missing-field-initializers -Wno-missing-prototypes -Werror\=return-type -Wdocumentation -Wunreachable-code -Wno-implicit-atomic-properties -Werror\=deprecated-objc-isa-usage -Wno-objc-interface-ivars -Werror\=objc-root-class -Wno-arc-repeated-use-of-weak -Wimplicit-retain-self -Wduplicate-method-match -Wno-missing-braces -Wparentheses -Wswitch -Wunused-function -Wno-unused-label -Wno-unused-parameter -Wunused-variable -Wunused-value -Wempty-body -Wuninitialized -Wconditional-uninitialized -Wno-unknown-pragmas -w -Wno-shadow -Wno-four-char-constants -Wno-conversion -Wconstant-conversion -Wint-conversion -Wbool-conversion -Wenum-conversion -Wno-float-conversion -Wnon-literal-null-conversion -Wobjc-literal-conversion -Wshorten-64-to-32 -Wpointer-sign -Wno-newline-eof -Wno-selector -Wno-strict-selector-match -Wundeclared-selector -Wdeprecated-implementations -Wno-implicit-fallthrough -fstrict-aliasing -Wprotocol -Wdeprecated-declarations -Wno-sign-conversion -Winfinite-recursion -Wcomma -Wblock-capture-autoreleasing -Wstrict-prototypes -Wno-semicolon-before-method-body -Wunguarded-availability -index-store-path /Users/ibrahimusmani/Library/Developer/Xcode/DerivedData/Signal-ftyjjpqofcnmqgarxcymapnsxdnn/Index.noindex/DataStore -Werror\=incompatible-pointer-types -Werror\=protocol -Werror\=incomplete-implementation -Werror\=objc-literal-conversion -Werror\=objc-property-synthesis -Werror\=objc-protocol-property-synthesis @/Users/ibrahimusmani/Library/Developer/Xcode/DerivedData/Signal-ftyjjpqofcnmqgarxcymapnsxdnn/Build/Intermediates.noindex/Pods.build/Debug-iphonesimulator/AWSAPIGateway.build/Objects-normal/arm64/e6072d4f65d7061329687fe24e3d63a7-common-args.resp -include /Users/ibrahimusmani/Documents/Signal2/Signal-iOS/Pods/Target\ Support\ Files/AWSAPIGateway/AWSAPIGateway-prefix.pch -MMD -MT dependencies -MF /Users/ibrahimusmani/Library/Developer/Xcode/DerivedData/Signal-ftyjjpqofcnmqgarxcymapnsxdnn/Build/Intermediates.noindex/Pods.build/Debug-iphonesimulator/AWSAPIGateway.build/Objects-normal/arm64/AWSAPIGatewayModel.d --serialize-diagnostics /Users/ibrahimusmani/Library/Developer/Xcode/DerivedData/Signal-ftyjjpqofcnmqgarxcymapnsxdnn/Build/Intermediates.noindex/Pods.build/Debug-iphonesimulator/AWSAPIGateway.build/Objects-normal/arm64/AWSAPIGatewayModel.dia -c /Users/ibrahimusmani/Documents/Signal2/Signal-iOS/Pods/AWSAPIGateway/AWSAPIGateway/AWSAPIGatewayModel.m -o /Users/ibrahimusmani/Library/Developer/Xcode/DerivedData/Signal-ftyjjpqofcnmqgarxcymapnsxdnn/Build/Intermediates.noindex/Pods.build/Debug-iphonesimulator/AWSAPIGateway.build/Objects-normal/arm64/AWSAPIGatewayModel.o -index-unit-output-path /Pods.build/Debug-iphonesimulator/AWSAPIGateway.build/Objects-normal/arm64/AWSAPIGatewayModel.o

ProcessInfoPlistFile /Users/ibrahimusmani/Library/Developer/Xcode/DerivedData/Signal-ftyjjpqofcnmqgarxcymapnsxdnn/Build/Products/Debug-iphonesimulator/GRDB.swift/GRDB.framework/Info.plist /Users/ibrahimusmani/Documents/Signal2/Signal-iOS/Pods/Target\ Support\ Files/GRDB.swift/GRDB.swift-Info.plist (in target 'GRDB.swift' from project 'Pods')
    cd /Users/ibrahimusmani/Documents/Signal2/Signal-iOS/Pods
    builtin-infoPlistUtility /Users/ibrahimusmani/Documents/Signal2/Signal-iOS/Pods/Target\ Support\ Files/GRDB.swift/GRDB.swift-Info.plist -producttype com.apple.product-type.framework -expandbuildsettings -format binary -platform iphonesimulator -o /Users/ibrahimusmani/Library/Developer/Xcode/DerivedData/Signal-ftyjjpqofcnmqgarxcymapnsxdnn/Build/Products/Debug-iphonesimulator/GRDB.swift/GRDB.framework/Info.plist

ProcessInfoPlistFile /Users/ibrahimusmani/Library/Developer/Xcode/DerivedData/Signal-ftyjjpqofcnmqgarxcymapnsxdnn/Build/Products/Debug-iphonesimulator/SwiftProtobuf/SwiftProtobuf.framework/Info.plist /Users/ibrahimusmani/Documents/Signal2/Signal-iOS/Pods/Target\ Support\ Files/SwiftProtobuf/SwiftProtobuf-Info.plist (in target 'SwiftProtobuf' from project 'Pods')
    cd /Users/ibrahimusmani/Documents/Signal2/Signal-iOS/Pods
    builtin-infoPlistUtility /Users/ibrahimusmani/Documents/Signal2/Signal-iOS/Pods/Target\ Support\ Files/SwiftProtobuf/SwiftProtobuf-Info.plist -producttype com.apple.product-type.framework -expandbuildsettings -format binary -platform iphonesimulator -o /Users/ibrahimusmani/Library/Developer/Xcode/DerivedData/Signal-ftyjjpqofcnmqgarxcymapnsxdnn/Build/Products/Debug-iphonesimulator/SwiftProtobuf/SwiftProtobuf.framework/Info.plist

ScanDependencies /Users/ibrahimusmani/Library/Developer/Xcode/DerivedData/Signal-ftyjjpqofcnmqgarxcymapnsxdnn/Build/Intermediates.noindex/Pods.build/Debug-iphonesimulator/AWSLambda.build/Objects-normal/arm64/AWSLambdaRequestRetryHandler.o /Users/ibrahimusmani/Documents/Signal2/Signal-iOS/Pods/AWSLambda/AWSLambda/AWSLambdaRequestRetryHandler.m normal arm64 objective-c com.apple.compilers.llvm.clang.1_0.compiler (in target 'AWSLambda' from project 'Pods')
    cd /Users/ibrahimusmani/Documents/Signal2/Signal-iOS/Pods
    
    Using response file: /Users/ibrahimusmani/Library/Developer/Xcode/DerivedData/Signal-ftyjjpqofcnmqgarxcymapnsxdnn/Build/Intermediates.noindex/Pods.build/Debug-iphonesimulator/AWSLambda.build/Objects-normal/arm64/e6072d4f65d7061329687fe24e3d63a7-common-args.resp
    
    builtin-ScanDependencies -o /Users/ibrahimusmani/Library/Developer/Xcode/DerivedData/Signal-ftyjjpqofcnmqgarxcymapnsxdnn/Build/Intermediates.noindex/Pods.build/Debug-iphonesimulator/AWSLambda.build/Objects-normal/arm64/AWSLambdaRequestRetryHandler.o.scan -- /Applications/Xcode.app/Contents/Developer/Toolchains/XcodeDefault.xctoolchain/usr/bin/clang -x objective-c -ivfsstatcache /Users/ibrahimusmani/Library/Developer/Xcode/DerivedData/SDKStatCaches.noindex/iphonesimulator18.4-22E235-71825a6d136aa4733edcbe86ece5525b.sdkstatcache -fmessage-length\=0 -fdiagnostics-show-note-include-stack -fmacro-backtrace-limit\=0 -fno-color-diagnostics -fmodules-prune-interval\=86400 -fmodules-prune-after\=345600 -fbuild-session-file\=/Users/ibrahimusmani/Library/Developer/Xcode/DerivedData/ModuleCache.noindex/Session.modulevalidation -fmodules-validate-once-per-build-session -Wnon-modular-include-in-framework-module -Werror\=non-modular-include-in-framework-module -Wno-trigraphs -Wno-missing-field-initializers -Wno-missing-prototypes -Werror\=return-type -Wdocumentation -Wunreachable-code -Wno-implicit-atomic-properties -Werror\=deprecated-objc-isa-usage -Wno-objc-interface-ivars -Werror\=objc-root-class -Wno-arc-repeated-use-of-weak -Wimplicit-retain-self -Wduplicate-method-match -Wno-missing-braces -Wparentheses -Wswitch -Wunused-function -Wno-unused-label -Wno-unused-parameter -Wunused-variable -Wunused-value -Wempty-body -Wuninitialized -Wconditional-uninitialized -Wno-unknown-pragmas -w -Wno-shadow -Wno-four-char-constants -Wno-conversion -Wconstant-conversion -Wint-conversion -Wbool-conversion -Wenum-conversion -Wno-float-conversion -Wnon-literal-null-conversion -Wobjc-literal-conversion -Wshorten-64-to-32 -Wpointer-sign -Wno-newline-eof -Wno-selector -Wno-strict-selector-match -Wundeclared-selector -Wdeprecated-implementations -Wno-implicit-fallthrough -fstrict-aliasing -Wprotocol -Wdeprecated-declarations -Wno-sign-conversion -Winfinite-recursion -Wcomma -Wblock-capture-autoreleasing -Wstrict-prototypes -Wno-semicolon-before-method-body -Wunguarded-availability -index-store-path /Users/ibrahimusmani/Library/Developer/Xcode/DerivedData/Signal-ftyjjpqofcnmqgarxcymapnsxdnn/Index.noindex/DataStore -Werror\=incompatible-pointer-types -Werror\=protocol -Werror\=incomplete-implementation -Werror\=objc-literal-conversion -Werror\=objc-property-synthesis -Werror\=objc-protocol-property-synthesis @/Users/ibrahimusmani/Library/Developer/Xcode/DerivedData/Signal-ftyjjpqofcnmqgarxcymapnsxdnn/Build/Intermediates.noindex/Pods.build/Debug-iphonesimulator/AWSLambda.build/Objects-normal/arm64/e6072d4f65d7061329687fe24e3d63a7-common-args.resp -include /Users/ibrahimusmani/Documents/Signal2/Signal-iOS/Pods/Target\ Support\ Files/AWSLambda/AWSLambda-prefix.pch -MMD -MT dependencies -MF /Users/ibrahimusmani/Library/Developer/Xcode/DerivedData/Signal-ftyjjpqofcnmqgarxcymapnsxdnn/Build/Intermediates.noindex/Pods.build/Debug-iphonesimulator/AWSLambda.build/Objects-normal/arm64/AWSLambdaRequestRetryHandler.d --serialize-diagnostics /Users/ibrahimusmani/Library/Developer/Xcode/DerivedData/Signal-ftyjjpqofcnmqgarxcymapnsxdnn/Build/Intermediates.noindex/Pods.build/Debug-iphonesimulator/AWSLambda.build/Objects-normal/arm64/AWSLambdaRequestRetryHandler.dia -c /Users/ibrahimusmani/Documents/Signal2/Signal-iOS/Pods/AWSLambda/AWSLambda/AWSLambdaRequestRetryHandler.m -o /Users/ibrahimusmani/Library/Developer/Xcode/DerivedData/Signal-ftyjjpqofcnmqgarxcymapnsxdnn/Build/Intermediates.noindex/Pods.build/Debug-iphonesimulator/AWSLambda.build/Objects-normal/arm64/AWSLambdaRequestRetryHandler.o -index-unit-output-path /Pods.build/Debug-iphonesimulator/AWSLambda.build/Objects-normal/arm64/AWSLambdaRequestRetryHandler.o

Ld /Users/ibrahimusmani/Library/Developer/Xcode/DerivedData/Signal-ftyjjpqofcnmqgarxcymapnsxdnn/Build/Products/Debug-iphonesimulator/LibSignalClient/LibSignalClient.framework/LibSignalClient normal (in target 'LibSignalClient' from project 'Pods')
    cd /Users/ibrahimusmani/Documents/Signal2/Signal-iOS/Pods
    /Applications/Xcode.app/Contents/Developer/Toolchains/XcodeDefault.xctoolchain/usr/bin/clang -Xlinker -reproducible -target arm64-apple-ios15.0-simulator -dynamiclib -isysroot /Applications/Xcode.app/Contents/Developer/Platforms/iPhoneSimulator.platform/Developer/SDKs/iPhoneSimulator18.4.sdk -O0 -L/Users/ibrahimusmani/Library/Developer/Xcode/DerivedData/Signal-ftyjjpqofcnmqgarxcymapnsxdnn/Build/Intermediates.noindex/EagerLinkingTBDs/Debug-iphonesimulator -L/Users/ibrahimusmani/Library/Developer/Xcode/DerivedData/Signal-ftyjjpqofcnmqgarxcymapnsxdnn/Build/Products/Debug-iphonesimulator/LibSignalClient -L/Applications/Xcode.app/Contents/Developer/Toolchains/XcodeDefault.xctoolchain/usr/lib/swift/iphonesimulator -L/Applications/Xcode.app/Contents/Developer/Platforms/iPhoneSimulator.platform/Developer/SDKs/iPhoneSimulator18.4.sdk/usr/lib/swift -F/Users/ibrahimusmani/Library/Developer/Xcode/DerivedData/Signal-ftyjjpqofcnmqgarxcymapnsxdnn/Build/Intermediates.noindex/EagerLinkingTBDs/Debug-iphonesimulator -F/Users/ibrahimusmani/Library/Developer/Xcode/DerivedData/Signal-ftyjjpqofcnmqgarxcymapnsxdnn/Build/Products/Debug-iphonesimulator/LibSignalClient -filelist /Users/ibrahimusmani/Library/Developer/Xcode/DerivedData/Signal-ftyjjpqofcnmqgarxcymapnsxdnn/Build/Intermediates.noindex/Pods.build/Debug-iphonesimulator/LibSignalClient.build/Objects-normal/arm64/LibSignalClient.LinkFileList -install_name @rpath/LibSignalClient.framework/LibSignalClient -Xlinker -rpath -Xlinker @executable_path/Frameworks -Xlinker -rpath -Xlinker @loader_path/Frameworks -dead_strip -Xlinker -object_path_lto -Xlinker /Users/ibrahimusmani/Library/Developer/Xcode/DerivedData/Signal-ftyjjpqofcnmqgarxcymapnsxdnn/Build/Intermediates.noindex/Pods.build/Debug-iphonesimulator/LibSignalClient.build/Objects-normal/arm64/LibSignalClient_lto.o -rdynamic -Xlinker -no_deduplicate -Xlinker -objc_abi_version -Xlinker 2 -Xlinker -debug_variant -Xlinker -dependency_info -Xlinker /Users/ibrahimusmani/Library/Developer/Xcode/DerivedData/Signal-ftyjjpqofcnmqgarxcymapnsxdnn/Build/Intermediates.noindex/Pods.build/Debug-iphonesimulator/LibSignalClient.build/Objects-normal/arm64/LibSignalClient_dependency_info.dat -fobjc-arc -fobjc-link-runtime -fapplication-extension -fprofile-instr-generate -L/Applications/Xcode.app/Contents/Developer/Toolchains/XcodeDefault.xctoolchain/usr/lib/swift/iphonesimulator -L/usr/lib/swift -Xlinker -add_ast_path -Xlinker /Users/ibrahimusmani/Library/Developer/Xcode/DerivedData/Signal-ftyjjpqofcnmqgarxcymapnsxdnn/Build/Intermediates.noindex/Pods.build/Debug-iphonesimulator/LibSignalClient.build/Objects-normal/arm64/LibSignalClient.swiftmodule /Users/ibrahimusmani/Library/Developer/Xcode/DerivedData/Signal-ftyjjpqofcnmqgarxcymapnsxdnn/Build/Intermediates.noindex/Pods.build/libsignal_ffi/target/aarch64-apple-ios-sim/release/libsignal_ffi.a -framework Foundation -Xlinker -no_adhoc_codesign -compatibility_version 1 -current_version 1 -o /Users/ibrahimusmani/Library/Developer/Xcode/DerivedData/Signal-ftyjjpqofcnmqgarxcymapnsxdnn/Build/Products/Debug-iphonesimulator/LibSignalClient/LibSignalClient.framework/LibSignalClient

ScanDependencies /Users/ibrahimusmani/Library/Developer/Xcode/DerivedData/Signal-ftyjjpqofcnmqgarxcymapnsxdnn/Build/Intermediates.noindex/Pods.build/Debug-iphonesimulator/AWSLambda.build/Objects-normal/arm64/AWSLambdaModel.o /Users/ibrahimusmani/Documents/Signal2/Signal-iOS/Pods/AWSLambda/AWSLambda/AWSLambdaModel.m normal arm64 objective-c com.apple.compilers.llvm.clang.1_0.compiler (in target 'AWSLambda' from project 'Pods')
    cd /Users/ibrahimusmani/Documents/Signal2/Signal-iOS/Pods
    
    Using response file: /Users/ibrahimusmani/Library/Developer/Xcode/DerivedData/Signal-ftyjjpqofcnmqgarxcymapnsxdnn/Build/Intermediates.noindex/Pods.build/Debug-iphonesimulator/AWSLambda.build/Objects-normal/arm64/e6072d4f65d7061329687fe24e3d63a7-common-args.resp
    
    builtin-ScanDependencies -o /Users/ibrahimusmani/Library/Developer/Xcode/DerivedData/Signal-ftyjjpqofcnmqgarxcymapnsxdnn/Build/Intermediates.noindex/Pods.build/Debug-iphonesimulator/AWSLambda.build/Objects-normal/arm64/AWSLambdaModel.o.scan -- /Applications/Xcode.app/Contents/Developer/Toolchains/XcodeDefault.xctoolchain/usr/bin/clang -x objective-c -ivfsstatcache /Users/ibrahimusmani/Library/Developer/Xcode/DerivedData/SDKStatCaches.noindex/iphonesimulator18.4-22E235-71825a6d136aa4733edcbe86ece5525b.sdkstatcache -fmessage-length\=0 -fdiagnostics-show-note-include-stack -fmacro-backtrace-limit\=0 -fno-color-diagnostics -fmodules-prune-interval\=86400 -fmodules-prune-after\=345600 -fbuild-session-file\=/Users/ibrahimusmani/Library/Developer/Xcode/DerivedData/ModuleCache.noindex/Session.modulevalidation -fmodules-validate-once-per-build-session -Wnon-modular-include-in-framework-module -Werror\=non-modular-include-in-framework-module -Wno-trigraphs -Wno-missing-field-initializers -Wno-missing-prototypes -Werror\=return-type -Wdocumentation -Wunreachable-code -Wno-implicit-atomic-properties -Werror\=deprecated-objc-isa-usage -Wno-objc-interface-ivars -Werror\=objc-root-class -Wno-arc-repeated-use-of-weak -Wimplicit-retain-self -Wduplicate-method-match -Wno-missing-braces -Wparentheses -Wswitch -Wunused-function -Wno-unused-label -Wno-unused-parameter -Wunused-variable -Wunused-value -Wempty-body -Wuninitialized -Wconditional-uninitialized -Wno-unknown-pragmas -w -Wno-shadow -Wno-four-char-constants -Wno-conversion -Wconstant-conversion -Wint-conversion -Wbool-conversion -Wenum-conversion -Wno-float-conversion -Wnon-literal-null-conversion -Wobjc-literal-conversion -Wshorten-64-to-32 -Wpointer-sign -Wno-newline-eof -Wno-selector -Wno-strict-selector-match -Wundeclared-selector -Wdeprecated-implementations -Wno-implicit-fallthrough -fstrict-aliasing -Wprotocol -Wdeprecated-declarations -Wno-sign-conversion -Winfinite-recursion -Wcomma -Wblock-capture-autoreleasing -Wstrict-prototypes -Wno-semicolon-before-method-body -Wunguarded-availability -index-store-path /Users/ibrahimusmani/Library/Developer/Xcode/DerivedData/Signal-ftyjjpqofcnmqgarxcymapnsxdnn/Index.noindex/DataStore -Werror\=incompatible-pointer-types -Werror\=protocol -Werror\=incomplete-implementation -Werror\=objc-literal-conversion -Werror\=objc-property-synthesis -Werror\=objc-protocol-property-synthesis @/Users/ibrahimusmani/Library/Developer/Xcode/DerivedData/Signal-ftyjjpqofcnmqgarxcymapnsxdnn/Build/Intermediates.noindex/Pods.build/Debug-iphonesimulator/AWSLambda.build/Objects-normal/arm64/e6072d4f65d7061329687fe24e3d63a7-common-args.resp -include /Users/ibrahimusmani/Documents/Signal2/Signal-iOS/Pods/Target\ Support\ Files/AWSLambda/AWSLambda-prefix.pch -MMD -MT dependencies -MF /Users/ibrahimusmani/Library/Developer/Xcode/DerivedData/Signal-ftyjjpqofcnmqgarxcymapnsxdnn/Build/Intermediates.noindex/Pods.build/Debug-iphonesimulator/AWSLambda.build/Objects-normal/arm64/AWSLambdaModel.d --serialize-diagnostics /Users/ibrahimusmani/Library/Developer/Xcode/DerivedData/Signal-ftyjjpqofcnmqgarxcymapnsxdnn/Build/Intermediates.noindex/Pods.build/Debug-iphonesimulator/AWSLambda.build/Objects-normal/arm64/AWSLambdaModel.dia -c /Users/ibrahimusmani/Documents/Signal2/Signal-iOS/Pods/AWSLambda/AWSLambda/AWSLambdaModel.m -o /Users/ibrahimusmani/Library/Developer/Xcode/DerivedData/Signal-ftyjjpqofcnmqgarxcymapnsxdnn/Build/Intermediates.noindex/Pods.build/Debug-iphonesimulator/AWSLambda.build/Objects-normal/arm64/AWSLambdaModel.o -index-unit-output-path /Pods.build/Debug-iphonesimulator/AWSLambda.build/Objects-normal/arm64/AWSLambdaModel.o

CompileC /Users/ibrahimusmani/Library/Developer/Xcode/DerivedData/Signal-ftyjjpqofcnmqgarxcymapnsxdnn/Build/Intermediates.noindex/Pods.build/Debug-iphonesimulator/AWSS3.build/Objects-normal/arm64/AWSS3PreSignedURL.o /Users/ibrahimusmani/Documents/Signal2/Signal-iOS/Pods/AWSS3/AWSS3/AWSS3PreSignedURL.m normal arm64 objective-c com.apple.compilers.llvm.clang.1_0.compiler (in target 'AWSS3' from project 'Pods')
    cd /Users/ibrahimusmani/Documents/Signal2/Signal-iOS/Pods
    
    Using response file: /Users/ibrahimusmani/Library/Developer/Xcode/DerivedData/Signal-ftyjjpqofcnmqgarxcymapnsxdnn/Build/Intermediates.noindex/Pods.build/Debug-iphonesimulator/AWSS3.build/Objects-normal/arm64/e6072d4f65d7061329687fe24e3d63a7-common-args.resp
    
    /Applications/Xcode.app/Contents/Developer/Toolchains/XcodeDefault.xctoolchain/usr/bin/clang -x objective-c -ivfsstatcache /Users/ibrahimusmani/Library/Developer/Xcode/DerivedData/SDKStatCaches.noindex/iphonesimulator18.4-22E235-71825a6d136aa4733edcbe86ece5525b.sdkstatcache -fmessage-length\=0 -fdiagnostics-show-note-include-stack -fmacro-backtrace-limit\=0 -fno-color-diagnostics -fmodules-prune-interval\=86400 -fmodules-prune-after\=345600 -fbuild-session-file\=/Users/ibrahimusmani/Library/Developer/Xcode/DerivedData/ModuleCache.noindex/Session.modulevalidation -fmodules-validate-once-per-build-session -Wnon-modular-include-in-framework-module -Werror\=non-modular-include-in-framework-module -Wno-trigraphs -Wno-missing-field-initializers -Wno-missing-prototypes -Werror\=return-type -Wdocumentation -Wunreachable-code -Wno-implicit-atomic-properties -Werror\=deprecated-objc-isa-usage -Wno-objc-interface-ivars -Werror\=objc-root-class -Wno-arc-repeated-use-of-weak -Wimplicit-retain-self -Wduplicate-method-match -Wno-missing-braces -Wparentheses -Wswitch -Wunused-function -Wno-unused-label -Wno-unused-parameter -Wunused-variable -Wunused-value -Wempty-body -Wuninitialized -Wconditional-uninitialized -Wno-unknown-pragmas -w -Wno-shadow -Wno-four-char-constants -Wno-conversion -Wconstant-conversion -Wint-conversion -Wbool-conversion -Wenum-conversion -Wno-float-conversion -Wnon-literal-null-conversion -Wobjc-literal-conversion -Wshorten-64-to-32 -Wpointer-sign -Wno-newline-eof -Wno-selector -Wno-strict-selector-match -Wundeclared-selector -Wdeprecated-implementations -Wno-implicit-fallthrough -fstrict-aliasing -Wprotocol -Wdeprecated-declarations -Wno-sign-conversion -Winfinite-recursion -Wcomma -Wblock-capture-autoreleasing -Wstrict-prototypes -Wno-semicolon-before-method-body -Wunguarded-availability -index-store-path /Users/ibrahimusmani/Library/Developer/Xcode/DerivedData/Signal-ftyjjpqofcnmqgarxcymapnsxdnn/Index.noindex/DataStore -Werror\=incompatible-pointer-types -Werror\=protocol -Werror\=incomplete-implementation -Werror\=objc-literal-conversion -Werror\=objc-property-synthesis -Werror\=objc-protocol-property-synthesis @/Users/ibrahimusmani/Library/Developer/Xcode/DerivedData/Signal-ftyjjpqofcnmqgarxcymapnsxdnn/Build/Intermediates.noindex/Pods.build/Debug-iphonesimulator/AWSS3.build/Objects-normal/arm64/e6072d4f65d7061329687fe24e3d63a7-common-args.resp -include /Users/ibrahimusmani/Documents/Signal2/Signal-iOS/Pods/Target\ Support\ Files/AWSS3/AWSS3-prefix.pch -MMD -MT dependencies -MF /Users/ibrahimusmani/Library/Developer/Xcode/DerivedData/Signal-ftyjjpqofcnmqgarxcymapnsxdnn/Build/Intermediates.noindex/Pods.build/Debug-iphonesimulator/AWSS3.build/Objects-normal/arm64/AWSS3PreSignedURL.d --serialize-diagnostics /Users/ibrahimusmani/Library/Developer/Xcode/DerivedData/Signal-ftyjjpqofcnmqgarxcymapnsxdnn/Build/Intermediates.noindex/Pods.build/Debug-iphonesimulator/AWSS3.build/Objects-normal/arm64/AWSS3PreSignedURL.dia -c /Users/ibrahimusmani/Documents/Signal2/Signal-iOS/Pods/AWSS3/AWSS3/AWSS3PreSignedURL.m -o /Users/ibrahimusmani/Library/Developer/Xcode/DerivedData/Signal-ftyjjpqofcnmqgarxcymapnsxdnn/Build/Intermediates.noindex/Pods.build/Debug-iphonesimulator/AWSS3.build/Objects-normal/arm64/AWSS3PreSignedURL.o -index-unit-output-path /Pods.build/Debug-iphonesimulator/AWSS3.build/Objects-normal/arm64/AWSS3PreSignedURL.o

CompileC /Users/ibrahimusmani/Library/Developer/Xcode/DerivedData/Signal-ftyjjpqofcnmqgarxcymapnsxdnn/Build/Intermediates.noindex/Pods.build/Debug-iphonesimulator/AWSS3.build/Objects-normal/arm64/AWSS3Model.o /Users/ibrahimusmani/Documents/Signal2/Signal-iOS/Pods/AWSS3/AWSS3/AWSS3Model.m normal arm64 objective-c com.apple.compilers.llvm.clang.1_0.compiler (in target 'AWSS3' from project 'Pods')
    cd /Users/ibrahimusmani/Documents/Signal2/Signal-iOS/Pods
    
    Using response file: /Users/ibrahimusmani/Library/Developer/Xcode/DerivedData/Signal-ftyjjpqofcnmqgarxcymapnsxdnn/Build/Intermediates.noindex/Pods.build/Debug-iphonesimulator/AWSS3.build/Objects-normal/arm64/e6072d4f65d7061329687fe24e3d63a7-common-args.resp
    
    /Applications/Xcode.app/Contents/Developer/Toolchains/XcodeDefault.xctoolchain/usr/bin/clang -x objective-c -ivfsstatcache /Users/ibrahimusmani/Library/Developer/Xcode/DerivedData/SDKStatCaches.noindex/iphonesimulator18.4-22E235-71825a6d136aa4733edcbe86ece5525b.sdkstatcache -fmessage-length\=0 -fdiagnostics-show-note-include-stack -fmacro-backtrace-limit\=0 -fno-color-diagnostics -fmodules-prune-interval\=86400 -fmodules-prune-after\=345600 -fbuild-session-file\=/Users/ibrahimusmani/Library/Developer/Xcode/DerivedData/ModuleCache.noindex/Session.modulevalidation -fmodules-validate-once-per-build-session -Wnon-modular-include-in-framework-module -Werror\=non-modular-include-in-framework-module -Wno-trigraphs -Wno-missing-field-initializers -Wno-missing-prototypes -Werror\=return-type -Wdocumentation -Wunreachable-code -Wno-implicit-atomic-properties -Werror\=deprecated-objc-isa-usage -Wno-objc-interface-ivars -Werror\=objc-root-class -Wno-arc-repeated-use-of-weak -Wimplicit-retain-self -Wduplicate-method-match -Wno-missing-braces -Wparentheses -Wswitch -Wunused-function -Wno-unused-label -Wno-unused-parameter -Wunused-variable -Wunused-value -Wempty-body -Wuninitialized -Wconditional-uninitialized -Wno-unknown-pragmas -w -Wno-shadow -Wno-four-char-constants -Wno-conversion -Wconstant-conversion -Wint-conversion -Wbool-conversion -Wenum-conversion -Wno-float-conversion -Wnon-literal-null-conversion -Wobjc-literal-conversion -Wshorten-64-to-32 -Wpointer-sign -Wno-newline-eof -Wno-selector -Wno-strict-selector-match -Wundeclared-selector -Wdeprecated-implementations -Wno-implicit-fallthrough -fstrict-aliasing -Wprotocol -Wdeprecated-declarations -Wno-sign-conversion -Winfinite-recursion -Wcomma -Wblock-capture-autoreleasing -Wstrict-prototypes -Wno-semicolon-before-method-body -Wunguarded-availability -index-store-path /Users/ibrahimusmani/Library/Developer/Xcode/DerivedData/Signal-ftyjjpqofcnmqgarxcymapnsxdnn/Index.noindex/DataStore -Werror\=incompatible-pointer-types -Werror\=protocol -Werror\=incomplete-implementation -Werror\=objc-literal-conversion -Werror\=objc-property-synthesis -Werror\=objc-protocol-property-synthesis @/Users/ibrahimusmani/Library/Developer/Xcode/DerivedData/Signal-ftyjjpqofcnmqgarxcymapnsxdnn/Build/Intermediates.noindex/Pods.build/Debug-iphonesimulator/AWSS3.build/Objects-normal/arm64/e6072d4f65d7061329687fe24e3d63a7-common-args.resp -include /Users/ibrahimusmani/Documents/Signal2/Signal-iOS/Pods/Target\ Support\ Files/AWSS3/AWSS3-prefix.pch -MMD -MT dependencies -MF /Users/ibrahimusmani/Library/Developer/Xcode/DerivedData/Signal-ftyjjpqofcnmqgarxcymapnsxdnn/Build/Intermediates.noindex/Pods.build/Debug-iphonesimulator/AWSS3.build/Objects-normal/arm64/AWSS3Model.d --serialize-diagnostics /Users/ibrahimusmani/Library/Developer/Xcode/DerivedData/Signal-ftyjjpqofcnmqgarxcymapnsxdnn/Build/Intermediates.noindex/Pods.build/Debug-iphonesimulator/AWSS3.build/Objects-normal/arm64/AWSS3Model.dia -c /Users/ibrahimusmani/Documents/Signal2/Signal-iOS/Pods/AWSS3/AWSS3/AWSS3Model.m -o /Users/ibrahimusmani/Library/Developer/Xcode/DerivedData/Signal-ftyjjpqofcnmqgarxcymapnsxdnn/Build/Intermediates.noindex/Pods.build/Debug-iphonesimulator/AWSS3.build/Objects-normal/arm64/AWSS3Model.o -index-unit-output-path /Pods.build/Debug-iphonesimulator/AWSS3.build/Objects-normal/arm64/AWSS3Model.o

CompileC /Users/ibrahimusmani/Library/Developer/Xcode/DerivedData/Signal-ftyjjpqofcnmqgarxcymapnsxdnn/Build/Intermediates.noindex/Pods.build/Debug-iphonesimulator/AWSLambda.build/Objects-normal/arm64/AWSLambdaService.o /Users/ibrahimusmani/Documents/Signal2/Signal-iOS/Pods/AWSLambda/AWSLambda/AWSLambdaService.m normal arm64 objective-c com.apple.compilers.llvm.clang.1_0.compiler (in target 'AWSLambda' from project 'Pods')
    cd /Users/ibrahimusmani/Documents/Signal2/Signal-iOS/Pods
    
    Using response file: /Users/ibrahimusmani/Library/Developer/Xcode/DerivedData/Signal-ftyjjpqofcnmqgarxcymapnsxdnn/Build/Intermediates.noindex/Pods.build/Debug-iphonesimulator/AWSLambda.build/Objects-normal/arm64/e6072d4f65d7061329687fe24e3d63a7-common-args.resp
    
    /Applications/Xcode.app/Contents/Developer/Toolchains/XcodeDefault.xctoolchain/usr/bin/clang -x objective-c -ivfsstatcache /Users/ibrahimusmani/Library/Developer/Xcode/DerivedData/SDKStatCaches.noindex/iphonesimulator18.4-22E235-71825a6d136aa4733edcbe86ece5525b.sdkstatcache -fmessage-length\=0 -fdiagnostics-show-note-include-stack -fmacro-backtrace-limit\=0 -fno-color-diagnostics -fmodules-prune-interval\=86400 -fmodules-prune-after\=345600 -fbuild-session-file\=/Users/ibrahimusmani/Library/Developer/Xcode/DerivedData/ModuleCache.noindex/Session.modulevalidation -fmodules-validate-once-per-build-session -Wnon-modular-include-in-framework-module -Werror\=non-modular-include-in-framework-module -Wno-trigraphs -Wno-missing-field-initializers -Wno-missing-prototypes -Werror\=return-type -Wdocumentation -Wunreachable-code -Wno-implicit-atomic-properties -Werror\=deprecated-objc-isa-usage -Wno-objc-interface-ivars -Werror\=objc-root-class -Wno-arc-repeated-use-of-weak -Wimplicit-retain-self -Wduplicate-method-match -Wno-missing-braces -Wparentheses -Wswitch -Wunused-function -Wno-unused-label -Wno-unused-parameter -Wunused-variable -Wunused-value -Wempty-body -Wuninitialized -Wconditional-uninitialized -Wno-unknown-pragmas -w -Wno-shadow -Wno-four-char-constants -Wno-conversion -Wconstant-conversion -Wint-conversion -Wbool-conversion -Wenum-conversion -Wno-float-conversion -Wnon-literal-null-conversion -Wobjc-literal-conversion -Wshorten-64-to-32 -Wpointer-sign -Wno-newline-eof -Wno-selector -Wno-strict-selector-match -Wundeclared-selector -Wdeprecated-implementations -Wno-implicit-fallthrough -fstrict-aliasing -Wprotocol -Wdeprecated-declarations -Wno-sign-conversion -Winfinite-recursion -Wcomma -Wblock-capture-autoreleasing -Wstrict-prototypes -Wno-semicolon-before-method-body -Wunguarded-availability -index-store-path /Users/ibrahimusmani/Library/Developer/Xcode/DerivedData/Signal-ftyjjpqofcnmqgarxcymapnsxdnn/Index.noindex/DataStore -Werror\=incompatible-pointer-types -Werror\=protocol -Werror\=incomplete-implementation -Werror\=objc-literal-conversion -Werror\=objc-property-synthesis -Werror\=objc-protocol-property-synthesis @/Users/ibrahimusmani/Library/Developer/Xcode/DerivedData/Signal-ftyjjpqofcnmqgarxcymapnsxdnn/Build/Intermediates.noindex/Pods.build/Debug-iphonesimulator/AWSLambda.build/Objects-normal/arm64/e6072d4f65d7061329687fe24e3d63a7-common-args.resp -include /Users/ibrahimusmani/Documents/Signal2/Signal-iOS/Pods/Target\ Support\ Files/AWSLambda/AWSLambda-prefix.pch -MMD -MT dependencies -MF /Users/ibrahimusmani/Library/Developer/Xcode/DerivedData/Signal-ftyjjpqofcnmqgarxcymapnsxdnn/Build/Intermediates.noindex/Pods.build/Debug-iphonesimulator/AWSLambda.build/Objects-normal/arm64/AWSLambdaService.d --serialize-diagnostics /Users/ibrahimusmani/Library/Developer/Xcode/DerivedData/Signal-ftyjjpqofcnmqgarxcymapnsxdnn/Build/Intermediates.noindex/Pods.build/Debug-iphonesimulator/AWSLambda.build/Objects-normal/arm64/AWSLambdaService.dia -c /Users/ibrahimusmani/Documents/Signal2/Signal-iOS/Pods/AWSLambda/AWSLambda/AWSLambdaService.m -o /Users/ibrahimusmani/Library/Developer/Xcode/DerivedData/Signal-ftyjjpqofcnmqgarxcymapnsxdnn/Build/Intermediates.noindex/Pods.build/Debug-iphonesimulator/AWSLambda.build/Objects-normal/arm64/AWSLambdaService.o -index-unit-output-path /Pods.build/Debug-iphonesimulator/AWSLambda.build/Objects-normal/arm64/AWSLambdaService.o

CompileC /Users/ibrahimusmani/Library/Developer/Xcode/DerivedData/Signal-ftyjjpqofcnmqgarxcymapnsxdnn/Build/Intermediates.noindex/Pods.build/Debug-iphonesimulator/AWSLambda.build/Objects-normal/arm64/AWSLambdaResources.o /Users/ibrahimusmani/Documents/Signal2/Signal-iOS/Pods/AWSLambda/AWSLambda/AWSLambdaResources.m normal arm64 objective-c com.apple.compilers.llvm.clang.1_0.compiler (in target 'AWSLambda' from project 'Pods')
    cd /Users/ibrahimusmani/Documents/Signal2/Signal-iOS/Pods
    
    Using response file: /Users/ibrahimusmani/Library/Developer/Xcode/DerivedData/Signal-ftyjjpqofcnmqgarxcymapnsxdnn/Build/Intermediates.noindex/Pods.build/Debug-iphonesimulator/AWSLambda.build/Objects-normal/arm64/e6072d4f65d7061329687fe24e3d63a7-common-args.resp
    
    /Applications/Xcode.app/Contents/Developer/Toolchains/XcodeDefault.xctoolchain/usr/bin/clang -x objective-c -ivfsstatcache /Users/ibrahimusmani/Library/Developer/Xcode/DerivedData/SDKStatCaches.noindex/iphonesimulator18.4-22E235-71825a6d136aa4733edcbe86ece5525b.sdkstatcache -fmessage-length\=0 -fdiagnostics-show-note-include-stack -fmacro-backtrace-limit\=0 -fno-color-diagnostics -fmodules-prune-interval\=86400 -fmodules-prune-after\=345600 -fbuild-session-file\=/Users/ibrahimusmani/Library/Developer/Xcode/DerivedData/ModuleCache.noindex/Session.modulevalidation -fmodules-validate-once-per-build-session -Wnon-modular-include-in-framework-module -Werror\=non-modular-include-in-framework-module -Wno-trigraphs -Wno-missing-field-initializers -Wno-missing-prototypes -Werror\=return-type -Wdocumentation -Wunreachable-code -Wno-implicit-atomic-properties -Werror\=deprecated-objc-isa-usage -Wno-objc-interface-ivars -Werror\=objc-root-class -Wno-arc-repeated-use-of-weak -Wimplicit-retain-self -Wduplicate-method-match -Wno-missing-braces -Wparentheses -Wswitch -Wunused-function -Wno-unused-label -Wno-unused-parameter -Wunused-variable -Wunused-value -Wempty-body -Wuninitialized -Wconditional-uninitialized -Wno-unknown-pragmas -w -Wno-shadow -Wno-four-char-constants -Wno-conversion -Wconstant-conversion -Wint-conversion -Wbool-conversion -Wenum-conversion -Wno-float-conversion -Wnon-literal-null-conversion -Wobjc-literal-conversion -Wshorten-64-to-32 -Wpointer-sign -Wno-newline-eof -Wno-selector -Wno-strict-selector-match -Wundeclared-selector -Wdeprecated-implementations -Wno-implicit-fallthrough -fstrict-aliasing -Wprotocol -Wdeprecated-declarations -Wno-sign-conversion -Winfinite-recursion -Wcomma -Wblock-capture-autoreleasing -Wstrict-prototypes -Wno-semicolon-before-method-body -Wunguarded-availability -index-store-path /Users/ibrahimusmani/Library/Developer/Xcode/DerivedData/Signal-ftyjjpqofcnmqgarxcymapnsxdnn/Index.noindex/DataStore -Werror\=incompatible-pointer-types -Werror\=protocol -Werror\=incomplete-implementation -Werror\=objc-literal-conversion -Werror\=objc-property-synthesis -Werror\=objc-protocol-property-synthesis @/Users/ibrahimusmani/Library/Developer/Xcode/DerivedData/Signal-ftyjjpqofcnmqgarxcymapnsxdnn/Build/Intermediates.noindex/Pods.build/Debug-iphonesimulator/AWSLambda.build/Objects-normal/arm64/e6072d4f65d7061329687fe24e3d63a7-common-args.resp -include /Users/ibrahimusmani/Documents/Signal2/Signal-iOS/Pods/Target\ Support\ Files/AWSLambda/AWSLambda-prefix.pch -MMD -MT dependencies -MF /Users/ibrahimusmani/Library/Developer/Xcode/DerivedData/Signal-ftyjjpqofcnmqgarxcymapnsxdnn/Build/Intermediates.noindex/Pods.build/Debug-iphonesimulator/AWSLambda.build/Objects-normal/arm64/AWSLambdaResources.d --serialize-diagnostics /Users/ibrahimusmani/Library/Developer/Xcode/DerivedData/Signal-ftyjjpqofcnmqgarxcymapnsxdnn/Build/Intermediates.noindex/Pods.build/Debug-iphonesimulator/AWSLambda.build/Objects-normal/arm64/AWSLambdaResources.dia -c /Users/ibrahimusmani/Documents/Signal2/Signal-iOS/Pods/AWSLambda/AWSLambda/AWSLambdaResources.m -o /Users/ibrahimusmani/Library/Developer/Xcode/DerivedData/Signal-ftyjjpqofcnmqgarxcymapnsxdnn/Build/Intermediates.noindex/Pods.build/Debug-iphonesimulator/AWSLambda.build/Objects-normal/arm64/AWSLambdaResources.o -index-unit-output-path /Pods.build/Debug-iphonesimulator/AWSLambda.build/Objects-normal/arm64/AWSLambdaResources.o

CompileC /Users/ibrahimusmani/Library/Developer/Xcode/DerivedData/Signal-ftyjjpqofcnmqgarxcymapnsxdnn/Build/Intermediates.noindex/Pods.build/Debug-iphonesimulator/AWSLambda.build/Objects-normal/arm64/AWSLambdaRequestRetryHandler.o /Users/ibrahimusmani/Documents/Signal2/Signal-iOS/Pods/AWSLambda/AWSLambda/AWSLambdaRequestRetryHandler.m normal arm64 objective-c com.apple.compilers.llvm.clang.1_0.compiler (in target 'AWSLambda' from project 'Pods')
    cd /Users/ibrahimusmani/Documents/Signal2/Signal-iOS/Pods
    
    Using response file: /Users/ibrahimusmani/Library/Developer/Xcode/DerivedData/Signal-ftyjjpqofcnmqgarxcymapnsxdnn/Build/Intermediates.noindex/Pods.build/Debug-iphonesimulator/AWSLambda.build/Objects-normal/arm64/e6072d4f65d7061329687fe24e3d63a7-common-args.resp
    
    /Applications/Xcode.app/Contents/Developer/Toolchains/XcodeDefault.xctoolchain/usr/bin/clang -x objective-c -ivfsstatcache /Users/ibrahimusmani/Library/Developer/Xcode/DerivedData/SDKStatCaches.noindex/iphonesimulator18.4-22E235-71825a6d136aa4733edcbe86ece5525b.sdkstatcache -fmessage-length\=0 -fdiagnostics-show-note-include-stack -fmacro-backtrace-limit\=0 -fno-color-diagnostics -fmodules-prune-interval\=86400 -fmodules-prune-after\=345600 -fbuild-session-file\=/Users/ibrahimusmani/Library/Developer/Xcode/DerivedData/ModuleCache.noindex/Session.modulevalidation -fmodules-validate-once-per-build-session -Wnon-modular-include-in-framework-module -Werror\=non-modular-include-in-framework-module -Wno-trigraphs -Wno-missing-field-initializers -Wno-missing-prototypes -Werror\=return-type -Wdocumentation -Wunreachable-code -Wno-implicit-atomic-properties -Werror\=deprecated-objc-isa-usage -Wno-objc-interface-ivars -Werror\=objc-root-class -Wno-arc-repeated-use-of-weak -Wimplicit-retain-self -Wduplicate-method-match -Wno-missing-braces -Wparentheses -Wswitch -Wunused-function -Wno-unused-label -Wno-unused-parameter -Wunused-variable -Wunused-value -Wempty-body -Wuninitialized -Wconditional-uninitialized -Wno-unknown-pragmas -w -Wno-shadow -Wno-four-char-constants -Wno-conversion -Wconstant-conversion -Wint-conversion -Wbool-conversion -Wenum-conversion -Wno-float-conversion -Wnon-literal-null-conversion -Wobjc-literal-conversion -Wshorten-64-to-32 -Wpointer-sign -Wno-newline-eof -Wno-selector -Wno-strict-selector-match -Wundeclared-selector -Wdeprecated-implementations -Wno-implicit-fallthrough -fstrict-aliasing -Wprotocol -Wdeprecated-declarations -Wno-sign-conversion -Winfinite-recursion -Wcomma -Wblock-capture-autoreleasing -Wstrict-prototypes -Wno-semicolon-before-method-body -Wunguarded-availability -index-store-path /Users/ibrahimusmani/Library/Developer/Xcode/DerivedData/Signal-ftyjjpqofcnmqgarxcymapnsxdnn/Index.noindex/DataStore -Werror\=incompatible-pointer-types -Werror\=protocol -Werror\=incomplete-implementation -Werror\=objc-literal-conversion -Werror\=objc-property-synthesis -Werror\=objc-protocol-property-synthesis @/Users/ibrahimusmani/Library/Developer/Xcode/DerivedData/Signal-ftyjjpqofcnmqgarxcymapnsxdnn/Build/Intermediates.noindex/Pods.build/Debug-iphonesimulator/AWSLambda.build/Objects-normal/arm64/e6072d4f65d7061329687fe24e3d63a7-common-args.resp -include /Users/ibrahimusmani/Documents/Signal2/Signal-iOS/Pods/Target\ Support\ Files/AWSLambda/AWSLambda-prefix.pch -MMD -MT dependencies -MF /Users/ibrahimusmani/Library/Developer/Xcode/DerivedData/Signal-ftyjjpqofcnmqgarxcymapnsxdnn/Build/Intermediates.noindex/Pods.build/Debug-iphonesimulator/AWSLambda.build/Objects-normal/arm64/AWSLambdaRequestRetryHandler.d --serialize-diagnostics /Users/ibrahimusmani/Library/Developer/Xcode/DerivedData/Signal-ftyjjpqofcnmqgarxcymapnsxdnn/Build/Intermediates.noindex/Pods.build/Debug-iphonesimulator/AWSLambda.build/Objects-normal/arm64/AWSLambdaRequestRetryHandler.dia -c /Users/ibrahimusmani/Documents/Signal2/Signal-iOS/Pods/AWSLambda/AWSLambda/AWSLambdaRequestRetryHandler.m -o /Users/ibrahimusmani/Library/Developer/Xcode/DerivedData/Signal-ftyjjpqofcnmqgarxcymapnsxdnn/Build/Intermediates.noindex/Pods.build/Debug-iphonesimulator/AWSLambda.build/Objects-normal/arm64/AWSLambdaRequestRetryHandler.o -index-unit-output-path /Pods.build/Debug-iphonesimulator/AWSLambda.build/Objects-normal/arm64/AWSLambdaRequestRetryHandler.o

CompileC /Users/ibrahimusmani/Library/Developer/Xcode/DerivedData/Signal-ftyjjpqofcnmqgarxcymapnsxdnn/Build/Intermediates.noindex/Pods.build/Debug-iphonesimulator/AWSLambda.build/Objects-normal/arm64/AWSLambdaModel.o /Users/ibrahimusmani/Documents/Signal2/Signal-iOS/Pods/AWSLambda/AWSLambda/AWSLambdaModel.m normal arm64 objective-c com.apple.compilers.llvm.clang.1_0.compiler (in target 'AWSLambda' from project 'Pods')
    cd /Users/ibrahimusmani/Documents/Signal2/Signal-iOS/Pods
    
    Using response file: /Users/ibrahimusmani/Library/Developer/Xcode/DerivedData/Signal-ftyjjpqofcnmqgarxcymapnsxdnn/Build/Intermediates.noindex/Pods.build/Debug-iphonesimulator/AWSLambda.build/Objects-normal/arm64/e6072d4f65d7061329687fe24e3d63a7-common-args.resp
    
    /Applications/Xcode.app/Contents/Developer/Toolchains/XcodeDefault.xctoolchain/usr/bin/clang -x objective-c -ivfsstatcache /Users/ibrahimusmani/Library/Developer/Xcode/DerivedData/SDKStatCaches.noindex/iphonesimulator18.4-22E235-71825a6d136aa4733edcbe86ece5525b.sdkstatcache -fmessage-length\=0 -fdiagnostics-show-note-include-stack -fmacro-backtrace-limit\=0 -fno-color-diagnostics -fmodules-prune-interval\=86400 -fmodules-prune-after\=345600 -fbuild-session-file\=/Users/ibrahimusmani/Library/Developer/Xcode/DerivedData/ModuleCache.noindex/Session.modulevalidation -fmodules-validate-once-per-build-session -Wnon-modular-include-in-framework-module -Werror\=non-modular-include-in-framework-module -Wno-trigraphs -Wno-missing-field-initializers -Wno-missing-prototypes -Werror\=return-type -Wdocumentation -Wunreachable-code -Wno-implicit-atomic-properties -Werror\=deprecated-objc-isa-usage -Wno-objc-interface-ivars -Werror\=objc-root-class -Wno-arc-repeated-use-of-weak -Wimplicit-retain-self -Wduplicate-method-match -Wno-missing-braces -Wparentheses -Wswitch -Wunused-function -Wno-unused-label -Wno-unused-parameter -Wunused-variable -Wunused-value -Wempty-body -Wuninitialized -Wconditional-uninitialized -Wno-unknown-pragmas -w -Wno-shadow -Wno-four-char-constants -Wno-conversion -Wconstant-conversion -Wint-conversion -Wbool-conversion -Wenum-conversion -Wno-float-conversion -Wnon-literal-null-conversion -Wobjc-literal-conversion -Wshorten-64-to-32 -Wpointer-sign -Wno-newline-eof -Wno-selector -Wno-strict-selector-match -Wundeclared-selector -Wdeprecated-implementations -Wno-implicit-fallthrough -fstrict-aliasing -Wprotocol -Wdeprecated-declarations -Wno-sign-conversion -Winfinite-recursion -Wcomma -Wblock-capture-autoreleasing -Wstrict-prototypes -Wno-semicolon-before-method-body -Wunguarded-availability -index-store-path /Users/ibrahimusmani/Library/Developer/Xcode/DerivedData/Signal-ftyjjpqofcnmqgarxcymapnsxdnn/Index.noindex/DataStore -Werror\=incompatible-pointer-types -Werror\=protocol -Werror\=incomplete-implementation -Werror\=objc-literal-conversion -Werror\=objc-property-synthesis -Werror\=objc-protocol-property-synthesis @/Users/ibrahimusmani/Library/Developer/Xcode/DerivedData/Signal-ftyjjpqofcnmqgarxcymapnsxdnn/Build/Intermediates.noindex/Pods.build/Debug-iphonesimulator/AWSLambda.build/Objects-normal/arm64/e6072d4f65d7061329687fe24e3d63a7-common-args.resp -include /Users/ibrahimusmani/Documents/Signal2/Signal-iOS/Pods/Target\ Support\ Files/AWSLambda/AWSLambda-prefix.pch -MMD -MT dependencies -MF /Users/ibrahimusmani/Library/Developer/Xcode/DerivedData/Signal-ftyjjpqofcnmqgarxcymapnsxdnn/Build/Intermediates.noindex/Pods.build/Debug-iphonesimulator/AWSLambda.build/Objects-normal/arm64/AWSLambdaModel.d --serialize-diagnostics /Users/ibrahimusmani/Library/Developer/Xcode/DerivedData/Signal-ftyjjpqofcnmqgarxcymapnsxdnn/Build/Intermediates.noindex/Pods.build/Debug-iphonesimulator/AWSLambda.build/Objects-normal/arm64/AWSLambdaModel.dia -c /Users/ibrahimusmani/Documents/Signal2/Signal-iOS/Pods/AWSLambda/AWSLambda/AWSLambdaModel.m -o /Users/ibrahimusmani/Library/Developer/Xcode/DerivedData/Signal-ftyjjpqofcnmqgarxcymapnsxdnn/Build/Intermediates.noindex/Pods.build/Debug-iphonesimulator/AWSLambda.build/Objects-normal/arm64/AWSLambdaModel.o -index-unit-output-path /Pods.build/Debug-iphonesimulator/AWSLambda.build/Objects-normal/arm64/AWSLambdaModel.o

CompileC /Users/ibrahimusmani/Library/Developer/Xcode/DerivedData/Signal-ftyjjpqofcnmqgarxcymapnsxdnn/Build/Intermediates.noindex/Pods.build/Debug-iphonesimulator/AWSCognitoIdentityProvider.build/Objects-normal/arm64/AWSCognitoIdentityProviderSrpHelper.o /Users/ibrahimusmani/Documents/Signal2/Signal-iOS/Pods/AWSCognitoIdentityProvider/AWSCognitoIdentityProvider/Internal/AWSCognitoIdentityProviderSrpHelper.m normal arm64 objective-c com.apple.compilers.llvm.clang.1_0.compiler (in target 'AWSCognitoIdentityProvider' from project 'Pods')
    cd /Users/ibrahimusmani/Documents/Signal2/Signal-iOS/Pods
    
    Using response file: /Users/ibrahimusmani/Library/Developer/Xcode/DerivedData/Signal-ftyjjpqofcnmqgarxcymapnsxdnn/Build/Intermediates.noindex/Pods.build/Debug-iphonesimulator/AWSCognitoIdentityProvider.build/Objects-normal/arm64/e6072d4f65d7061329687fe24e3d63a7-common-args.resp
    
    /Applications/Xcode.app/Contents/Developer/Toolchains/XcodeDefault.xctoolchain/usr/bin/clang -x objective-c -ivfsstatcache /Users/ibrahimusmani/Library/Developer/Xcode/DerivedData/SDKStatCaches.noindex/iphonesimulator18.4-22E235-71825a6d136aa4733edcbe86ece5525b.sdkstatcache -fmessage-length\=0 -fdiagnostics-show-note-include-stack -fmacro-backtrace-limit\=0 -fno-color-diagnostics -fmodules-prune-interval\=86400 -fmodules-prune-after\=345600 -fbuild-session-file\=/Users/ibrahimusmani/Library/Developer/Xcode/DerivedData/ModuleCache.noindex/Session.modulevalidation -fmodules-validate-once-per-build-session -Wnon-modular-include-in-framework-module -Werror\=non-modular-include-in-framework-module -Wno-trigraphs -Wno-missing-field-initializers -Wno-missing-prototypes -Werror\=return-type -Wdocumentation -Wunreachable-code -Wno-implicit-atomic-properties -Werror\=deprecated-objc-isa-usage -Wno-objc-interface-ivars -Werror\=objc-root-class -Wno-arc-repeated-use-of-weak -Wimplicit-retain-self -Wduplicate-method-match -Wno-missing-braces -Wparentheses -Wswitch -Wunused-function -Wno-unused-label -Wno-unused-parameter -Wunused-variable -Wunused-value -Wempty-body -Wuninitialized -Wconditional-uninitialized -Wno-unknown-pragmas -w -Wno-shadow -Wno-four-char-constants -Wno-conversion -Wconstant-conversion -Wint-conversion -Wbool-conversion -Wenum-conversion -Wno-float-conversion -Wnon-literal-null-conversion -Wobjc-literal-conversion -Wshorten-64-to-32 -Wpointer-sign -Wno-newline-eof -Wno-selector -Wno-strict-selector-match -Wundeclared-selector -Wdeprecated-implementations -Wno-implicit-fallthrough -fstrict-aliasing -Wprotocol -Wdeprecated-declarations -Wno-sign-conversion -Winfinite-recursion -Wcomma -Wblock-capture-autoreleasing -Wstrict-prototypes -Wno-semicolon-before-method-body -Wunguarded-availability -index-store-path /Users/ibrahimusmani/Library/Developer/Xcode/DerivedData/Signal-ftyjjpqofcnmqgarxcymapnsxdnn/Index.noindex/DataStore -Werror\=incompatible-pointer-types -Werror\=protocol -Werror\=incomplete-implementation -Werror\=objc-literal-conversion -Werror\=objc-property-synthesis -Werror\=objc-protocol-property-synthesis @/Users/ibrahimusmani/Library/Developer/Xcode/DerivedData/Signal-ftyjjpqofcnmqgarxcymapnsxdnn/Build/Intermediates.noindex/Pods.build/Debug-iphonesimulator/AWSCognitoIdentityProvider.build/Objects-normal/arm64/e6072d4f65d7061329687fe24e3d63a7-common-args.resp -include /Users/ibrahimusmani/Documents/Signal2/Signal-iOS/Pods/Target\ Support\ Files/AWSCognitoIdentityProvider/AWSCognitoIdentityProvider-prefix.pch -MMD -MT dependencies -MF /Users/ibrahimusmani/Library/Developer/Xcode/DerivedData/Signal-ftyjjpqofcnmqgarxcymapnsxdnn/Build/Intermediates.noindex/Pods.build/Debug-iphonesimulator/AWSCognitoIdentityProvider.build/Objects-normal/arm64/AWSCognitoIdentityProviderSrpHelper.d --serialize-diagnostics /Users/ibrahimusmani/Library/Developer/Xcode/DerivedData/Signal-ftyjjpqofcnmqgarxcymapnsxdnn/Build/Intermediates.noindex/Pods.build/Debug-iphonesimulator/AWSCognitoIdentityProvider.build/Objects-normal/arm64/AWSCognitoIdentityProviderSrpHelper.dia -c /Users/ibrahimusmani/Documents/Signal2/Signal-iOS/Pods/AWSCognitoIdentityProvider/AWSCognitoIdentityProvider/Internal/AWSCognitoIdentityProviderSrpHelper.m -o /Users/ibrahimusmani/Library/Developer/Xcode/DerivedData/Signal-ftyjjpqofcnmqgarxcymapnsxdnn/Build/Intermediates.noindex/Pods.build/Debug-iphonesimulator/AWSCognitoIdentityProvider.build/Objects-normal/arm64/AWSCognitoIdentityProviderSrpHelper.o -index-unit-output-path /Pods.build/Debug-iphonesimulator/AWSCognitoIdentityProvider.build/Objects-normal/arm64/AWSCognitoIdentityProviderSrpHelper.o

SwiftEmitModule normal arm64 Emitting\ module\ for\ SignalCore (in target 'SignalCore' from project 'Pods')
Failed frontend command:
/Applications/Xcode.app/Contents/Developer/Toolchains/XcodeDefault.xctoolchain/usr/bin/swift-frontend -frontend -emit-module -experimental-skip-non-inlinable-function-bodies-without-types /Users/ibrahimusmani/Documents/Signal2/Signal-iOS/SignalCore/Sources/SignalCore/AWSConfig.swift /Users/ibrahimusmani/Documents/Signal2/Signal-iOS/SignalCore/Sources/SignalCore/SignalCore.swift -target arm64-apple-ios15.0-simulator -Xllvm -aarch64-use-tbi -enable-objc-interop -sdk /Applications/Xcode.app/Contents/Developer/Platforms/iPhoneSimulator.platform/Developer/SDKs/iPhoneSimulator18.4.sdk -I /Users/ibrahimusmani/Library/Developer/Xcode/DerivedData/Signal-ftyjjpqofcnmqgarxcymapnsxdnn/Build/Products/Debug-iphonesimulator/SignalCore -F /Users/ibrahimusmani/Library/Developer/Xcode/DerivedData/Signal-ftyjjpqofcnmqgarxcymapnsxdnn/Build/Products/Debug-iphonesimulator/SignalCore -F /Users/ibrahimusmani/Library/Developer/Xcode/DerivedData/Signal-ftyjjpqofcnmqgarxcymapnsxdnn/Build/Products/Debug-iphonesimulator/AWSCore -F /Users/ibrahimusmani/Library/Developer/Xcode/DerivedData/Signal-ftyjjpqofcnmqgarxcymapnsxdnn/Build/Products/Debug-iphonesimulator/AWSDynamoDB -F /Users/ibrahimusmani/Library/Developer/Xcode/DerivedData/Signal-ftyjjpqofcnmqgarxcymapnsxdnn/Build/Products/Debug-iphonesimulator/AWSLambda -F /Users/ibrahimusmani/Library/Developer/Xcode/DerivedData/Signal-ftyjjpqofcnmqgarxcymapnsxdnn/Build/Products/Debug-iphonesimulator/AWSS3 -no-color-diagnostics -application-extension -enable-testing -g -debug-info-format\=dwarf -dwarf-version\=4 -import-underlying-module -module-cache-path /Users/ibrahimusmani/Library/Developer/Xcode/DerivedData/ModuleCache.noindex -profile-generate -profile-coverage-mapping -swift-version 5 -enforce-exclusivity\=checked -Onone -D DEBUG -D COCOAPODS -serialize-debugging-options -const-gather-protocols-file /Users/ibrahimusmani/Library/Developer/Xcode/DerivedData/Signal-ftyjjpqofcnmqgarxcymapnsxdnn/Build/Intermediates.noindex/Pods.build/Debug-iphonesimulator/SignalCore.build/Objects-normal/arm64/SignalCore_const_extract_protocols.json -enable-experimental-feature DebugDescriptionMacro -enable-bare-slash-regex -empty-abi-descriptor -validate-clang-modules-once -clang-build-session-file /Users/ibrahimusmani/Library/Developer/Xcode/DerivedData/ModuleCache.noindex/Session.modulevalidation -Xcc -working-directory -Xcc /Users/ibrahimusmani/Documents/Signal2/Signal-iOS/Pods -resource-dir /Applications/Xcode.app/Contents/Developer/Toolchains/XcodeDefault.xctoolchain/usr/lib/swift -enable-anonymous-context-mangled-names -file-compilation-dir /Users/ibrahimusmani/Documents/Signal2/Signal-iOS/Pods -Xcc -ivfsstatcache -Xcc /Users/ibrahimusmani/Library/Developer/Xcode/DerivedData/SDKStatCaches.noindex/iphonesimulator18.4-22E235-71825a6d136aa4733edcbe86ece5525b.sdkstatcache -Xcc -I/Users/ibrahimusmani/Library/Developer/Xcode/DerivedData/Signal-ftyjjpqofcnmqgarxcymapnsxdnn/Build/Intermediates.noindex/Pods.build/Debug-iphonesimulator/SignalCore.build/swift-overrides.hmap -Xcc -iquote -Xcc /Users/ibrahimusmani/Library/Developer/Xcode/DerivedData/Signal-ftyjjpqofcnmqgarxcymapnsxdnn/Build/Intermediates.noindex/Pods.build/Debug-iphonesimulator/SignalCore.build/SignalCore-generated-files.hmap -Xcc -I/Users/ibrahimusmani/Library/Developer/Xcode/DerivedData/Signal-ftyjjpqofcnmqgarxcymapnsxdnn/Build/Intermediates.noindex/Pods.build/Debug-iphonesimulator/SignalCore.build/SignalCore-own-target-headers.hmap -Xcc -I/Users/ibrahimusmani/Library/Developer/Xcode/DerivedData/Signal-ftyjjpqofcnmqgarxcymapnsxdnn/Build/Intermediates.noindex/Pods.build/Debug-iphonesimulator/SignalCore.build/SignalCore-all-non-framework-target-headers.hmap -Xcc -ivfsoverlay -Xcc /Users/ibrahimusmani/Library/Developer/Xcode/DerivedData/Signal-ftyjjpqofcnmqgarxcymapnsxdnn/Build/Intermediates.noindex/Pods.build/Debug-iphonesimulator/Pods-8699adb1dd336b26511df848a716bd42-VFS-iphonesimulator/all-product-headers.yaml -Xcc -iquote -Xcc /Users/ibrahimusmani/Library/Developer/Xcode/DerivedData/Signal-ftyjjpqofcnmqgarxcymapnsxdnn/Build/Intermediates.noindex/Pods.build/Debug-iphonesimulator/SignalCore.build/SignalCore-project-headers.hmap -Xcc -I/Users/ibrahimusmani/Library/Developer/Xcode/DerivedData/Signal-ftyjjpqofcnmqgarxcymapnsxdnn/Build/Products/Debug-iphonesimulator/SignalCore/include -Xcc -I/Users/ibrahimusmani/Library/Developer/Xcode/DerivedData/Signal-ftyjjpqofcnmqgarxcymapnsxdnn/Build/Intermediates.noindex/Pods.build/Debug-iphonesimulator/SignalCore.build/DerivedSources-normal/arm64 -Xcc -I/Users/ibrahimusmani/Library/Developer/Xcode/DerivedData/Signal-ftyjjpqofcnmqgarxcymapnsxdnn/Build/Intermediates.noindex/Pods.build/Debug-iphonesimulator/SignalCore.build/DerivedSources/arm64 -Xcc -I/Users/ibrahimusmani/Library/Developer/Xcode/DerivedData/Signal-ftyjjpqofcnmqgarxcymapnsxdnn/Build/Intermediates.noindex/Pods.build/Debug-iphonesimulator/SignalCore.build/DerivedSources -Xcc -DPOD_CONFIGURATION_DEBUG\=1 -Xcc -DDEBUG\=1 -Xcc -DCOCOAPODS\=1 -Xcc -ivfsoverlay -Xcc /Users/ibrahimusmani/Library/Developer/Xcode/DerivedData/Signal-ftyjjpqofcnmqgarxcymapnsxdnn/Build/Intermediates.noindex/Pods.build/Debug-iphonesimulator/SignalCore.build/unextended-module-overlay.yaml -module-name SignalCore -frontend-parseable-output -disable-clang-spi -target-sdk-version 18.4 -target-sdk-name iphonesimulator18.4 -external-plugin-path /Applications/Xcode.app/Contents/Developer/Platforms/iPhoneOS.platform/Developer/usr/lib/swift/host/plugins\#/Applications/Xcode.app/Contents/Developer/Platforms/iPhoneOS.platform/Developer/usr/bin/swift-plugin-server -external-plugin-path /Applications/Xcode.app/Contents/Developer/Platforms/iPhoneOS.platform/Developer/usr/local/lib/swift/host/plugins\#/Applications/Xcode.app/Contents/Developer/Platforms/iPhoneOS.platform/Developer/usr/bin/swift-plugin-server -in-process-plugin-server-path /Applications/Xcode.app/Contents/Developer/Toolchains/XcodeDefault.xctoolchain/usr/lib/swift/host/libSwiftInProcPluginServer.dylib -plugin-path /Applications/Xcode.app/Contents/Developer/Toolchains/XcodeDefault.xctoolchain/usr/lib/swift/host/plugins -plugin-path /Applications/Xcode.app/Contents/Developer/Toolchains/XcodeDefault.xctoolchain/usr/local/lib/swift/host/plugins -emit-module-doc-path /Users/ibrahimusmani/Library/Developer/Xcode/DerivedData/Signal-ftyjjpqofcnmqgarxcymapnsxdnn/Build/Intermediates.noindex/Pods.build/Debug-iphonesimulator/SignalCore.build/Objects-normal/arm64/SignalCore.swiftdoc -emit-module-source-info-path /Users/ibrahimusmani/Library/Developer/Xcode/DerivedData/Signal-ftyjjpqofcnmqgarxcymapnsxdnn/Build/Intermediates.noindex/Pods.build/Debug-iphonesimulator/SignalCore.build/Objects-normal/arm64/SignalCore.swiftsourceinfo -emit-objc-header-path /Users/ibrahimusmani/Library/Developer/Xcode/DerivedData/Signal-ftyjjpqofcnmqgarxcymapnsxdnn/Build/Intermediates.noindex/Pods.build/Debug-iphonesimulator/SignalCore.build/Objects-normal/arm64/SignalCore-Swift.h -serialize-diagnostics-path /Users/ibrahimusmani/Library/Developer/Xcode/DerivedData/Signal-ftyjjpqofcnmqgarxcymapnsxdnn/Build/Intermediates.noindex/Pods.build/Debug-iphonesimulator/SignalCore.build/Objects-normal/arm64/SignalCore-master-emit-module.dia -emit-dependencies-path /Users/ibrahimusmani/Library/Developer/Xcode/DerivedData/Signal-ftyjjpqofcnmqgarxcymapnsxdnn/Build/Intermediates.noindex/Pods.build/Debug-iphonesimulator/SignalCore.build/Objects-normal/arm64/SignalCore-master-emit-module.d -o /Users/ibrahimusmani/Library/Developer/Xcode/DerivedData/Signal-ftyjjpqofcnmqgarxcymapnsxdnn/Build/Intermediates.noindex/Pods.build/Debug-iphonesimulator/SignalCore.build/Objects-normal/arm64/SignalCore.swiftmodule -emit-abi-descriptor-path /Users/ibrahimusmani/Library/Developer/Xcode/DerivedData/Signal-ftyjjpqofcnmqgarxcymapnsxdnn/Build/Intermediates.noindex/Pods.build/Debug-iphonesimulator/SignalCore.build/Objects-normal/arm64/SignalCore.abi.json

EmitSwiftModule normal arm64 (in target 'SignalCore' from project 'Pods')
    cd /Users/ibrahimusmani/Documents/Signal2/Signal-iOS/Pods
    
/Users/ibrahimusmani/Documents/Signal2/Signal-iOS/SignalCore/Sources/SignalCore/AWSConfig.swift:5:8: error: no such module 'AWSCognito'
import AWSCognito
       ^

CompileC /Users/ibrahimusmani/Library/Developer/Xcode/DerivedData/Signal-ftyjjpqofcnmqgarxcymapnsxdnn/Build/Intermediates.noindex/Pods.build/Debug-iphonesimulator/AWSCognitoIdentityProvider.build/Objects-normal/arm64/AWSCognitoIdentityProviderService.o /Users/ibrahimusmani/Documents/Signal2/Signal-iOS/Pods/AWSCognitoIdentityProvider/AWSCognitoIdentityProvider/AWSCognitoIdentityProviderService.m normal arm64 objective-c com.apple.compilers.llvm.clang.1_0.compiler (in target 'AWSCognitoIdentityProvider' from project 'Pods')
    cd /Users/ibrahimusmani/Documents/Signal2/Signal-iOS/Pods
    
    Using response file: /Users/ibrahimusmani/Library/Developer/Xcode/DerivedData/Signal-ftyjjpqofcnmqgarxcymapnsxdnn/Build/Intermediates.noindex/Pods.build/Debug-iphonesimulator/AWSCognitoIdentityProvider.build/Objects-normal/arm64/e6072d4f65d7061329687fe24e3d63a7-common-args.resp
    
    /Applications/Xcode.app/Contents/Developer/Toolchains/XcodeDefault.xctoolchain/usr/bin/clang -x objective-c -ivfsstatcache /Users/ibrahimusmani/Library/Developer/Xcode/DerivedData/SDKStatCaches.noindex/iphonesimulator18.4-22E235-71825a6d136aa4733edcbe86ece5525b.sdkstatcache -fmessage-length\=0 -fdiagnostics-show-note-include-stack -fmacro-backtrace-limit\=0 -fno-color-diagnostics -fmodules-prune-interval\=86400 -fmodules-prune-after\=345600 -fbuild-session-file\=/Users/ibrahimusmani/Library/Developer/Xcode/DerivedData/ModuleCache.noindex/Session.modulevalidation -fmodules-validate-once-per-build-session -Wnon-modular-include-in-framework-module -Werror\=non-modular-include-in-framework-module -Wno-trigraphs -Wno-missing-field-initializers -Wno-missing-prototypes -Werror\=return-type -Wdocumentation -Wunreachable-code -Wno-implicit-atomic-properties -Werror\=deprecated-objc-isa-usage -Wno-objc-interface-ivars -Werror\=objc-root-class -Wno-arc-repeated-use-of-weak -Wimplicit-retain-self -Wduplicate-method-match -Wno-missing-braces -Wparentheses -Wswitch -Wunused-function -Wno-unused-label -Wno-unused-parameter -Wunused-variable -Wunused-value -Wempty-body -Wuninitialized -Wconditional-uninitialized -Wno-unknown-pragmas -w -Wno-shadow -Wno-four-char-constants -Wno-conversion -Wconstant-conversion -Wint-conversion -Wbool-conversion -Wenum-conversion -Wno-float-conversion -Wnon-literal-null-conversion -Wobjc-literal-conversion -Wshorten-64-to-32 -Wpointer-sign -Wno-newline-eof -Wno-selector -Wno-strict-selector-match -Wundeclared-selector -Wdeprecated-implementations -Wno-implicit-fallthrough -fstrict-aliasing -Wprotocol -Wdeprecated-declarations -Wno-sign-conversion -Winfinite-recursion -Wcomma -Wblock-capture-autoreleasing -Wstrict-prototypes -Wno-semicolon-before-method-body -Wunguarded-availability -index-store-path /Users/ibrahimusmani/Library/Developer/Xcode/DerivedData/Signal-ftyjjpqofcnmqgarxcymapnsxdnn/Index.noindex/DataStore -Werror\=incompatible-pointer-types -Werror\=protocol -Werror\=incomplete-implementation -Werror\=objc-literal-conversion -Werror\=objc-property-synthesis -Werror\=objc-protocol-property-synthesis @/Users/ibrahimusmani/Library/Developer/Xcode/DerivedData/Signal-ftyjjpqofcnmqgarxcymapnsxdnn/Build/Intermediates.noindex/Pods.build/Debug-iphonesimulator/AWSCognitoIdentityProvider.build/Objects-normal/arm64/e6072d4f65d7061329687fe24e3d63a7-common-args.resp -include /Users/ibrahimusmani/Documents/Signal2/Signal-iOS/Pods/Target\ Support\ Files/AWSCognitoIdentityProvider/AWSCognitoIdentityProvider-prefix.pch -MMD -MT dependencies -MF /Users/ibrahimusmani/Library/Developer/Xcode/DerivedData/Signal-ftyjjpqofcnmqgarxcymapnsxdnn/Build/Intermediates.noindex/Pods.build/Debug-iphonesimulator/AWSCognitoIdentityProvider.build/Objects-normal/arm64/AWSCognitoIdentityProviderService.d --serialize-diagnostics /Users/ibrahimusmani/Library/Developer/Xcode/DerivedData/Signal-ftyjjpqofcnmqgarxcymapnsxdnn/Build/Intermediates.noindex/Pods.build/Debug-iphonesimulator/AWSCognitoIdentityProvider.build/Objects-normal/arm64/AWSCognitoIdentityProviderService.dia -c /Users/ibrahimusmani/Documents/Signal2/Signal-iOS/Pods/AWSCognitoIdentityProvider/AWSCognitoIdentityProvider/AWSCognitoIdentityProviderService.m -o /Users/ibrahimusmani/Library/Developer/Xcode/DerivedData/Signal-ftyjjpqofcnmqgarxcymapnsxdnn/Build/Intermediates.noindex/Pods.build/Debug-iphonesimulator/AWSCognitoIdentityProvider.build/Objects-normal/arm64/AWSCognitoIdentityProviderService.o -index-unit-output-path /Pods.build/Debug-iphonesimulator/AWSCognitoIdentityProvider.build/Objects-normal/arm64/AWSCognitoIdentityProviderService.o

CompileC /Users/ibrahimusmani/Library/Developer/Xcode/DerivedData/Signal-ftyjjpqofcnmqgarxcymapnsxdnn/Build/Intermediates.noindex/Pods.build/Debug-iphonesimulator/AWSCognitoIdentityProvider.build/Objects-normal/arm64/AWSCognitoIdentityProviderResources.o /Users/ibrahimusmani/Documents/Signal2/Signal-iOS/Pods/AWSCognitoIdentityProvider/AWSCognitoIdentityProvider/AWSCognitoIdentityProviderResources.m normal arm64 objective-c com.apple.compilers.llvm.clang.1_0.compiler (in target 'AWSCognitoIdentityProvider' from project 'Pods')
    cd /Users/ibrahimusmani/Documents/Signal2/Signal-iOS/Pods
    
    Using response file: /Users/ibrahimusmani/Library/Developer/Xcode/DerivedData/Signal-ftyjjpqofcnmqgarxcymapnsxdnn/Build/Intermediates.noindex/Pods.build/Debug-iphonesimulator/AWSCognitoIdentityProvider.build/Objects-normal/arm64/e6072d4f65d7061329687fe24e3d63a7-common-args.resp
    
    /Applications/Xcode.app/Contents/Developer/Toolchains/XcodeDefault.xctoolchain/usr/bin/clang -x objective-c -ivfsstatcache /Users/ibrahimusmani/Library/Developer/Xcode/DerivedData/SDKStatCaches.noindex/iphonesimulator18.4-22E235-71825a6d136aa4733edcbe86ece5525b.sdkstatcache -fmessage-length\=0 -fdiagnostics-show-note-include-stack -fmacro-backtrace-limit\=0 -fno-color-diagnostics -fmodules-prune-interval\=86400 -fmodules-prune-after\=345600 -fbuild-session-file\=/Users/ibrahimusmani/Library/Developer/Xcode/DerivedData/ModuleCache.noindex/Session.modulevalidation -fmodules-validate-once-per-build-session -Wnon-modular-include-in-framework-module -Werror\=non-modular-include-in-framework-module -Wno-trigraphs -Wno-missing-field-initializers -Wno-missing-prototypes -Werror\=return-type -Wdocumentation -Wunreachable-code -Wno-implicit-atomic-properties -Werror\=deprecated-objc-isa-usage -Wno-objc-interface-ivars -Werror\=objc-root-class -Wno-arc-repeated-use-of-weak -Wimplicit-retain-self -Wduplicate-method-match -Wno-missing-braces -Wparentheses -Wswitch -Wunused-function -Wno-unused-label -Wno-unused-parameter -Wunused-variable -Wunused-value -Wempty-body -Wuninitialized -Wconditional-uninitialized -Wno-unknown-pragmas -w -Wno-shadow -Wno-four-char-constants -Wno-conversion -Wconstant-conversion -Wint-conversion -Wbool-conversion -Wenum-conversion -Wno-float-conversion -Wnon-literal-null-conversion -Wobjc-literal-conversion -Wshorten-64-to-32 -Wpointer-sign -Wno-newline-eof -Wno-selector -Wno-strict-selector-match -Wundeclared-selector -Wdeprecated-implementations -Wno-implicit-fallthrough -fstrict-aliasing -Wprotocol -Wdeprecated-declarations -Wno-sign-conversion -Winfinite-recursion -Wcomma -Wblock-capture-autoreleasing -Wstrict-prototypes -Wno-semicolon-before-method-body -Wunguarded-availability -index-store-path /Users/ibrahimusmani/Library/Developer/Xcode/DerivedData/Signal-ftyjjpqofcnmqgarxcymapnsxdnn/Index.noindex/DataStore -Werror\=incompatible-pointer-types -Werror\=protocol -Werror\=incomplete-implementation -Werror\=objc-literal-conversion -Werror\=objc-property-synthesis -Werror\=objc-protocol-property-synthesis @/Users/ibrahimusmani/Library/Developer/Xcode/DerivedData/Signal-ftyjjpqofcnmqgarxcymapnsxdnn/Build/Intermediates.noindex/Pods.build/Debug-iphonesimulator/AWSCognitoIdentityProvider.build/Objects-normal/arm64/e6072d4f65d7061329687fe24e3d63a7-common-args.resp -include /Users/ibrahimusmani/Documents/Signal2/Signal-iOS/Pods/Target\ Support\ Files/AWSCognitoIdentityProvider/AWSCognitoIdentityProvider-prefix.pch -MMD -MT dependencies -MF /Users/ibrahimusmani/Library/Developer/Xcode/DerivedData/Signal-ftyjjpqofcnmqgarxcymapnsxdnn/Build/Intermediates.noindex/Pods.build/Debug-iphonesimulator/AWSCognitoIdentityProvider.build/Objects-normal/arm64/AWSCognitoIdentityProviderResources.d --serialize-diagnostics /Users/ibrahimusmani/Library/Developer/Xcode/DerivedData/Signal-ftyjjpqofcnmqgarxcymapnsxdnn/Build/Intermediates.noindex/Pods.build/Debug-iphonesimulator/AWSCognitoIdentityProvider.build/Objects-normal/arm64/AWSCognitoIdentityProviderResources.dia -c /Users/ibrahimusmani/Documents/Signal2/Signal-iOS/Pods/AWSCognitoIdentityProvider/AWSCognitoIdentityProvider/AWSCognitoIdentityProviderResources.m -o /Users/ibrahimusmani/Library/Developer/Xcode/DerivedData/Signal-ftyjjpqofcnmqgarxcymapnsxdnn/Build/Intermediates.noindex/Pods.build/Debug-iphonesimulator/AWSCognitoIdentityProvider.build/Objects-normal/arm64/AWSCognitoIdentityProviderResources.o -index-unit-output-path /Pods.build/Debug-iphonesimulator/AWSCognitoIdentityProvider.build/Objects-normal/arm64/AWSCognitoIdentityProviderResources.o

CompileC /Users/ibrahimusmani/Library/Developer/Xcode/DerivedData/Signal-ftyjjpqofcnmqgarxcymapnsxdnn/Build/Intermediates.noindex/Pods.build/Debug-iphonesimulator/AWSAPIGateway.build/Objects-normal/arm64/AWSAPIGatewayModel.o /Users/ibrahimusmani/Documents/Signal2/Signal-iOS/Pods/AWSAPIGateway/AWSAPIGateway/AWSAPIGatewayModel.m normal arm64 objective-c com.apple.compilers.llvm.clang.1_0.compiler (in target 'AWSAPIGateway' from project 'Pods')
    cd /Users/ibrahimusmani/Documents/Signal2/Signal-iOS/Pods
    
    Using response file: /Users/ibrahimusmani/Library/Developer/Xcode/DerivedData/Signal-ftyjjpqofcnmqgarxcymapnsxdnn/Build/Intermediates.noindex/Pods.build/Debug-iphonesimulator/AWSAPIGateway.build/Objects-normal/arm64/e6072d4f65d7061329687fe24e3d63a7-common-args.resp
    
    /Applications/Xcode.app/Contents/Developer/Toolchains/XcodeDefault.xctoolchain/usr/bin/clang -x objective-c -ivfsstatcache /Users/ibrahimusmani/Library/Developer/Xcode/DerivedData/SDKStatCaches.noindex/iphonesimulator18.4-22E235-71825a6d136aa4733edcbe86ece5525b.sdkstatcache -fmessage-length\=0 -fdiagnostics-show-note-include-stack -fmacro-backtrace-limit\=0 -fno-color-diagnostics -fmodules-prune-interval\=86400 -fmodules-prune-after\=345600 -fbuild-session-file\=/Users/ibrahimusmani/Library/Developer/Xcode/DerivedData/ModuleCache.noindex/Session.modulevalidation -fmodules-validate-once-per-build-session -Wnon-modular-include-in-framework-module -Werror\=non-modular-include-in-framework-module -Wno-trigraphs -Wno-missing-field-initializers -Wno-missing-prototypes -Werror\=return-type -Wdocumentation -Wunreachable-code -Wno-implicit-atomic-properties -Werror\=deprecated-objc-isa-usage -Wno-objc-interface-ivars -Werror\=objc-root-class -Wno-arc-repeated-use-of-weak -Wimplicit-retain-self -Wduplicate-method-match -Wno-missing-braces -Wparentheses -Wswitch -Wunused-function -Wno-unused-label -Wno-unused-parameter -Wunused-variable -Wunused-value -Wempty-body -Wuninitialized -Wconditional-uninitialized -Wno-unknown-pragmas -w -Wno-shadow -Wno-four-char-constants -Wno-conversion -Wconstant-conversion -Wint-conversion -Wbool-conversion -Wenum-conversion -Wno-float-conversion -Wnon-literal-null-conversion -Wobjc-literal-conversion -Wshorten-64-to-32 -Wpointer-sign -Wno-newline-eof -Wno-selector -Wno-strict-selector-match -Wundeclared-selector -Wdeprecated-implementations -Wno-implicit-fallthrough -fstrict-aliasing -Wprotocol -Wdeprecated-declarations -Wno-sign-conversion -Winfinite-recursion -Wcomma -Wblock-capture-autoreleasing -Wstrict-prototypes -Wno-semicolon-before-method-body -Wunguarded-availability -index-store-path /Users/ibrahimusmani/Library/Developer/Xcode/DerivedData/Signal-ftyjjpqofcnmqgarxcymapnsxdnn/Index.noindex/DataStore -Werror\=incompatible-pointer-types -Werror\=protocol -Werror\=incomplete-implementation -Werror\=objc-literal-conversion -Werror\=objc-property-synthesis -Werror\=objc-protocol-property-synthesis @/Users/ibrahimusmani/Library/Developer/Xcode/DerivedData/Signal-ftyjjpqofcnmqgarxcymapnsxdnn/Build/Intermediates.noindex/Pods.build/Debug-iphonesimulator/AWSAPIGateway.build/Objects-normal/arm64/e6072d4f65d7061329687fe24e3d63a7-common-args.resp -include /Users/ibrahimusmani/Documents/Signal2/Signal-iOS/Pods/Target\ Support\ Files/AWSAPIGateway/AWSAPIGateway-prefix.pch -MMD -MT dependencies -MF /Users/ibrahimusmani/Library/Developer/Xcode/DerivedData/Signal-ftyjjpqofcnmqgarxcymapnsxdnn/Build/Intermediates.noindex/Pods.build/Debug-iphonesimulator/AWSAPIGateway.build/Objects-normal/arm64/AWSAPIGatewayModel.d --serialize-diagnostics /Users/ibrahimusmani/Library/Developer/Xcode/DerivedData/Signal-ftyjjpqofcnmqgarxcymapnsxdnn/Build/Intermediates.noindex/Pods.build/Debug-iphonesimulator/AWSAPIGateway.build/Objects-normal/arm64/AWSAPIGatewayModel.dia -c /Users/ibrahimusmani/Documents/Signal2/Signal-iOS/Pods/AWSAPIGateway/AWSAPIGateway/AWSAPIGatewayModel.m -o /Users/ibrahimusmani/Library/Developer/Xcode/DerivedData/Signal-ftyjjpqofcnmqgarxcymapnsxdnn/Build/Intermediates.noindex/Pods.build/Debug-iphonesimulator/AWSAPIGateway.build/Objects-normal/arm64/AWSAPIGatewayModel.o -index-unit-output-path /Pods.build/Debug-iphonesimulator/AWSAPIGateway.build/Objects-normal/arm64/AWSAPIGatewayModel.o

SwiftCompile normal arm64 Compiling\ SignalCore.swift /Users/ibrahimusmani/Documents/Signal2/Signal-iOS/SignalCore/Sources/SignalCore/SignalCore.swift (in target 'SignalCore' from project 'Pods')

SwiftCompile normal arm64 /Users/ibrahimusmani/Documents/Signal2/Signal-iOS/SignalCore/Sources/SignalCore/SignalCore.swift (in target 'SignalCore' from project 'Pods')
    cd /Users/ibrahimusmani/Documents/Signal2/Signal-iOS/Pods
    

SwiftCompile normal arm64 Compiling\ AWSConfig.swift /Users/ibrahimusmani/Documents/Signal2/Signal-iOS/SignalCore/Sources/SignalCore/AWSConfig.swift (in target 'SignalCore' from project 'Pods')

SwiftCompile normal arm64 /Users/ibrahimusmani/Documents/Signal2/Signal-iOS/SignalCore/Sources/SignalCore/AWSConfig.swift (in target 'SignalCore' from project 'Pods')
    cd /Users/ibrahimusmani/Documents/Signal2/Signal-iOS/Pods
    

ProcessInfoPlistFile /Users/ibrahimusmani/Library/Developer/Xcode/DerivedData/Signal-ftyjjpqofcnmqgarxcymapnsxdnn/Build/Products/Debug-iphonesimulator/LibMobileCoin/LibMobileCoin.framework/Info.plist /Users/ibrahimusmani/Documents/Signal2/Signal-iOS/Pods/Target\ Support\ Files/LibMobileCoin/LibMobileCoin-Info.plist (in target 'LibMobileCoin' from project 'Pods')
    cd /Users/ibrahimusmani/Documents/Signal2/Signal-iOS/Pods
    builtin-infoPlistUtility /Users/ibrahimusmani/Documents/Signal2/Signal-iOS/Pods/Target\ Support\ Files/LibMobileCoin/LibMobileCoin-Info.plist -producttype com.apple.product-type.framework -expandbuildsettings -format binary -platform iphonesimulator -o /Users/ibrahimusmani/Library/Developer/Xcode/DerivedData/Signal-ftyjjpqofcnmqgarxcymapnsxdnn/Build/Products/Debug-iphonesimulator/LibMobileCoin/LibMobileCoin.framework/Info.plist

ScanDependencies /Users/ibrahimusmani/Library/Developer/Xcode/DerivedData/Signal-ftyjjpqofcnmqgarxcymapnsxdnn/Build/Intermediates.noindex/Pods.build/Debug-iphonesimulator/AWSDynamoDB.build/Objects-normal/arm64/AWSDynamoDBService.o /Users/ibrahimusmani/Documents/Signal2/Signal-iOS/Pods/AWSDynamoDB/AWSDynamoDB/AWSDynamoDBService.m normal arm64 objective-c com.apple.compilers.llvm.clang.1_0.compiler (in target 'AWSDynamoDB' from project 'Pods')
    cd /Users/ibrahimusmani/Documents/Signal2/Signal-iOS/Pods
    
    Using response file: /Users/ibrahimusmani/Library/Developer/Xcode/DerivedData/Signal-ftyjjpqofcnmqgarxcymapnsxdnn/Build/Intermediates.noindex/Pods.build/Debug-iphonesimulator/AWSDynamoDB.build/Objects-normal/arm64/e6072d4f65d7061329687fe24e3d63a7-common-args.resp
    
    builtin-ScanDependencies -o /Users/ibrahimusmani/Library/Developer/Xcode/DerivedData/Signal-ftyjjpqofcnmqgarxcymapnsxdnn/Build/Intermediates.noindex/Pods.build/Debug-iphonesimulator/AWSDynamoDB.build/Objects-normal/arm64/AWSDynamoDBService.o.scan -- /Applications/Xcode.app/Contents/Developer/Toolchains/XcodeDefault.xctoolchain/usr/bin/clang -x objective-c -ivfsstatcache /Users/ibrahimusmani/Library/Developer/Xcode/DerivedData/SDKStatCaches.noindex/iphonesimulator18.4-22E235-71825a6d136aa4733edcbe86ece5525b.sdkstatcache -fmessage-length\=0 -fdiagnostics-show-note-include-stack -fmacro-backtrace-limit\=0 -fno-color-diagnostics -fmodules-prune-interval\=86400 -fmodules-prune-after\=345600 -fbuild-session-file\=/Users/ibrahimusmani/Library/Developer/Xcode/DerivedData/ModuleCache.noindex/Session.modulevalidation -fmodules-validate-once-per-build-session -Wnon-modular-include-in-framework-module -Werror\=non-modular-include-in-framework-module -Wno-trigraphs -Wno-missing-field-initializers -Wno-missing-prototypes -Werror\=return-type -Wdocumentation -Wunreachable-code -Wno-implicit-atomic-properties -Werror\=deprecated-objc-isa-usage -Wno-objc-interface-ivars -Werror\=objc-root-class -Wno-arc-repeated-use-of-weak -Wimplicit-retain-self -Wduplicate-method-match -Wno-missing-braces -Wparentheses -Wswitch -Wunused-function -Wno-unused-label -Wno-unused-parameter -Wunused-variable -Wunused-value -Wempty-body -Wuninitialized -Wconditional-uninitialized -Wno-unknown-pragmas -w -Wno-shadow -Wno-four-char-constants -Wno-conversion -Wconstant-conversion -Wint-conversion -Wbool-conversion -Wenum-conversion -Wno-float-conversion -Wnon-literal-null-conversion -Wobjc-literal-conversion -Wshorten-64-to-32 -Wpointer-sign -Wno-newline-eof -Wno-selector -Wno-strict-selector-match -Wundeclared-selector -Wdeprecated-implementations -Wno-implicit-fallthrough -fstrict-aliasing -Wprotocol -Wdeprecated-declarations -Wno-sign-conversion -Winfinite-recursion -Wcomma -Wblock-capture-autoreleasing -Wstrict-prototypes -Wno-semicolon-before-method-body -Wunguarded-availability -index-store-path /Users/ibrahimusmani/Library/Developer/Xcode/DerivedData/Signal-ftyjjpqofcnmqgarxcymapnsxdnn/Index.noindex/DataStore -Werror\=incompatible-pointer-types -Werror\=protocol -Werror\=incomplete-implementation -Werror\=objc-literal-conversion -Werror\=objc-property-synthesis -Werror\=objc-protocol-property-synthesis @/Users/ibrahimusmani/Library/Developer/Xcode/DerivedData/Signal-ftyjjpqofcnmqgarxcymapnsxdnn/Build/Intermediates.noindex/Pods.build/Debug-iphonesimulator/AWSDynamoDB.build/Objects-normal/arm64/e6072d4f65d7061329687fe24e3d63a7-common-args.resp -include /Users/ibrahimusmani/Documents/Signal2/Signal-iOS/Pods/Target\ Support\ Files/AWSDynamoDB/AWSDynamoDB-prefix.pch -MMD -MT dependencies -MF /Users/ibrahimusmani/Library/Developer/Xcode/DerivedData/Signal-ftyjjpqofcnmqgarxcymapnsxdnn/Build/Intermediates.noindex/Pods.build/Debug-iphonesimulator/AWSDynamoDB.build/Objects-normal/arm64/AWSDynamoDBService.d --serialize-diagnostics /Users/ibrahimusmani/Library/Developer/Xcode/DerivedData/Signal-ftyjjpqofcnmqgarxcymapnsxdnn/Build/Intermediates.noindex/Pods.build/Debug-iphonesimulator/AWSDynamoDB.build/Objects-normal/arm64/AWSDynamoDBService.dia -c /Users/ibrahimusmani/Documents/Signal2/Signal-iOS/Pods/AWSDynamoDB/AWSDynamoDB/AWSDynamoDBService.m -o /Users/ibrahimusmani/Library/Developer/Xcode/DerivedData/Signal-ftyjjpqofcnmqgarxcymapnsxdnn/Build/Intermediates.noindex/Pods.build/Debug-iphonesimulator/AWSDynamoDB.build/Objects-normal/arm64/AWSDynamoDBService.o -index-unit-output-path /Pods.build/Debug-iphonesimulator/AWSDynamoDB.build/Objects-normal/arm64/AWSDynamoDBService.o

ProcessInfoPlistFile /Users/ibrahimusmani/Library/Developer/Xcode/DerivedData/Signal-ftyjjpqofcnmqgarxcymapnsxdnn/Build/Products/Debug-iphonesimulator/MobileCoin/MobileCoin.framework/Info.plist /Users/ibrahimusmani/Documents/Signal2/Signal-iOS/Pods/Target\ Support\ Files/MobileCoin/MobileCoin-Info.plist (in target 'MobileCoin' from project 'Pods')
    cd /Users/ibrahimusmani/Documents/Signal2/Signal-iOS/Pods
    builtin-infoPlistUtility /Users/ibrahimusmani/Documents/Signal2/Signal-iOS/Pods/Target\ Support\ Files/MobileCoin/MobileCoin-Info.plist -producttype com.apple.product-type.framework -expandbuildsettings -format binary -platform iphonesimulator -o /Users/ibrahimusmani/Library/Developer/Xcode/DerivedData/Signal-ftyjjpqofcnmqgarxcymapnsxdnn/Build/Products/Debug-iphonesimulator/MobileCoin/MobileCoin.framework/Info.plist

CompileC /Users/ibrahimusmani/Library/Developer/Xcode/DerivedData/Signal-ftyjjpqofcnmqgarxcymapnsxdnn/Build/Intermediates.noindex/Pods.build/Debug-iphonesimulator/AWSDynamoDB.build/Objects-normal/arm64/AWSDynamoDBService.o /Users/ibrahimusmani/Documents/Signal2/Signal-iOS/Pods/AWSDynamoDB/AWSDynamoDB/AWSDynamoDBService.m normal arm64 objective-c com.apple.compilers.llvm.clang.1_0.compiler (in target 'AWSDynamoDB' from project 'Pods')
    cd /Users/ibrahimusmani/Documents/Signal2/Signal-iOS/Pods
    
    Using response file: /Users/ibrahimusmani/Library/Developer/Xcode/DerivedData/Signal-ftyjjpqofcnmqgarxcymapnsxdnn/Build/Intermediates.noindex/Pods.build/Debug-iphonesimulator/AWSDynamoDB.build/Objects-normal/arm64/e6072d4f65d7061329687fe24e3d63a7-common-args.resp
    
    /Applications/Xcode.app/Contents/Developer/Toolchains/XcodeDefault.xctoolchain/usr/bin/clang -x objective-c -ivfsstatcache /Users/ibrahimusmani/Library/Developer/Xcode/DerivedData/SDKStatCaches.noindex/iphonesimulator18.4-22E235-71825a6d136aa4733edcbe86ece5525b.sdkstatcache -fmessage-length\=0 -fdiagnostics-show-note-include-stack -fmacro-backtrace-limit\=0 -fno-color-diagnostics -fmodules-prune-interval\=86400 -fmodules-prune-after\=345600 -fbuild-session-file\=/Users/ibrahimusmani/Library/Developer/Xcode/DerivedData/ModuleCache.noindex/Session.modulevalidation -fmodules-validate-once-per-build-session -Wnon-modular-include-in-framework-module -Werror\=non-modular-include-in-framework-module -Wno-trigraphs -Wno-missing-field-initializers -Wno-missing-prototypes -Werror\=return-type -Wdocumentation -Wunreachable-code -Wno-implicit-atomic-properties -Werror\=deprecated-objc-isa-usage -Wno-objc-interface-ivars -Werror\=objc-root-class -Wno-arc-repeated-use-of-weak -Wimplicit-retain-self -Wduplicate-method-match -Wno-missing-braces -Wparentheses -Wswitch -Wunused-function -Wno-unused-label -Wno-unused-parameter -Wunused-variable -Wunused-value -Wempty-body -Wuninitialized -Wconditional-uninitialized -Wno-unknown-pragmas -w -Wno-shadow -Wno-four-char-constants -Wno-conversion -Wconstant-conversion -Wint-conversion -Wbool-conversion -Wenum-conversion -Wno-float-conversion -Wnon-literal-null-conversion -Wobjc-literal-conversion -Wshorten-64-to-32 -Wpointer-sign -Wno-newline-eof -Wno-selector -Wno-strict-selector-match -Wundeclared-selector -Wdeprecated-implementations -Wno-implicit-fallthrough -fstrict-aliasing -Wprotocol -Wdeprecated-declarations -Wno-sign-conversion -Winfinite-recursion -Wcomma -Wblock-capture-autoreleasing -Wstrict-prototypes -Wno-semicolon-before-method-body -Wunguarded-availability -index-store-path /Users/ibrahimusmani/Library/Developer/Xcode/DerivedData/Signal-ftyjjpqofcnmqgarxcymapnsxdnn/Index.noindex/DataStore -Werror\=incompatible-pointer-types -Werror\=protocol -Werror\=incomplete-implementation -Werror\=objc-literal-conversion -Werror\=objc-property-synthesis -Werror\=objc-protocol-property-synthesis @/Users/ibrahimusmani/Library/Developer/Xcode/DerivedData/Signal-ftyjjpqofcnmqgarxcymapnsxdnn/Build/Intermediates.noindex/Pods.build/Debug-iphonesimulator/AWSDynamoDB.build/Objects-normal/arm64/e6072d4f65d7061329687fe24e3d63a7-common-args.resp -include /Users/ibrahimusmani/Documents/Signal2/Signal-iOS/Pods/Target\ Support\ Files/AWSDynamoDB/AWSDynamoDB-prefix.pch -MMD -MT dependencies -MF /Users/ibrahimusmani/Library/Developer/Xcode/DerivedData/Signal-ftyjjpqofcnmqgarxcymapnsxdnn/Build/Intermediates.noindex/Pods.build/Debug-iphonesimulator/AWSDynamoDB.build/Objects-normal/arm64/AWSDynamoDBService.d --serialize-diagnostics /Users/ibrahimusmani/Library/Developer/Xcode/DerivedData/Signal-ftyjjpqofcnmqgarxcymapnsxdnn/Build/Intermediates.noindex/Pods.build/Debug-iphonesimulator/AWSDynamoDB.build/Objects-normal/arm64/AWSDynamoDBService.dia -c /Users/ibrahimusmani/Documents/Signal2/Signal-iOS/Pods/AWSDynamoDB/AWSDynamoDB/AWSDynamoDBService.m -o /Users/ibrahimusmani/Library/Developer/Xcode/DerivedData/Signal-ftyjjpqofcnmqgarxcymapnsxdnn/Build/Intermediates.noindex/Pods.build/Debug-iphonesimulator/AWSDynamoDB.build/Objects-normal/arm64/AWSDynamoDBService.o -index-unit-output-path /Pods.build/Debug-iphonesimulator/AWSDynamoDB.build/Objects-normal/arm64/AWSDynamoDBService.o

ScanDependencies /Users/ibrahimusmani/Library/Developer/Xcode/DerivedData/Signal-ftyjjpqofcnmqgarxcymapnsxdnn/Build/Intermediates.noindex/Pods.build/Debug-iphonesimulator/AWSDynamoDB.build/Objects-normal/arm64/AWSDynamoDBResources.o /Users/ibrahimusmani/Documents/Signal2/Signal-iOS/Pods/AWSDynamoDB/AWSDynamoDB/AWSDynamoDBResources.m normal arm64 objective-c com.apple.compilers.llvm.clang.1_0.compiler (in target 'AWSDynamoDB' from project 'Pods')
    cd /Users/ibrahimusmani/Documents/Signal2/Signal-iOS/Pods
    
    Using response file: /Users/ibrahimusmani/Library/Developer/Xcode/DerivedData/Signal-ftyjjpqofcnmqgarxcymapnsxdnn/Build/Intermediates.noindex/Pods.build/Debug-iphonesimulator/AWSDynamoDB.build/Objects-normal/arm64/e6072d4f65d7061329687fe24e3d63a7-common-args.resp
    
    builtin-ScanDependencies -o /Users/ibrahimusmani/Library/Developer/Xcode/DerivedData/Signal-ftyjjpqofcnmqgarxcymapnsxdnn/Build/Intermediates.noindex/Pods.build/Debug-iphonesimulator/AWSDynamoDB.build/Objects-normal/arm64/AWSDynamoDBResources.o.scan -- /Applications/Xcode.app/Contents/Developer/Toolchains/XcodeDefault.xctoolchain/usr/bin/clang -x objective-c -ivfsstatcache /Users/ibrahimusmani/Library/Developer/Xcode/DerivedData/SDKStatCaches.noindex/iphonesimulator18.4-22E235-71825a6d136aa4733edcbe86ece5525b.sdkstatcache -fmessage-length\=0 -fdiagnostics-show-note-include-stack -fmacro-backtrace-limit\=0 -fno-color-diagnostics -fmodules-prune-interval\=86400 -fmodules-prune-after\=345600 -fbuild-session-file\=/Users/ibrahimusmani/Library/Developer/Xcode/DerivedData/ModuleCache.noindex/Session.modulevalidation -fmodules-validate-once-per-build-session -Wnon-modular-include-in-framework-module -Werror\=non-modular-include-in-framework-module -Wno-trigraphs -Wno-missing-field-initializers -Wno-missing-prototypes -Werror\=return-type -Wdocumentation -Wunreachable-code -Wno-implicit-atomic-properties -Werror\=deprecated-objc-isa-usage -Wno-objc-interface-ivars -Werror\=objc-root-class -Wno-arc-repeated-use-of-weak -Wimplicit-retain-self -Wduplicate-method-match -Wno-missing-braces -Wparentheses -Wswitch -Wunused-function -Wno-unused-label -Wno-unused-parameter -Wunused-variable -Wunused-value -Wempty-body -Wuninitialized -Wconditional-uninitialized -Wno-unknown-pragmas -w -Wno-shadow -Wno-four-char-constants -Wno-conversion -Wconstant-conversion -Wint-conversion -Wbool-conversion -Wenum-conversion -Wno-float-conversion -Wnon-literal-null-conversion -Wobjc-literal-conversion -Wshorten-64-to-32 -Wpointer-sign -Wno-newline-eof -Wno-selector -Wno-strict-selector-match -Wundeclared-selector -Wdeprecated-implementations -Wno-implicit-fallthrough -fstrict-aliasing -Wprotocol -Wdeprecated-declarations -Wno-sign-conversion -Winfinite-recursion -Wcomma -Wblock-capture-autoreleasing -Wstrict-prototypes -Wno-semicolon-before-method-body -Wunguarded-availability -index-store-path /Users/ibrahimusmani/Library/Developer/Xcode/DerivedData/Signal-ftyjjpqofcnmqgarxcymapnsxdnn/Index.noindex/DataStore -Werror\=incompatible-pointer-types -Werror\=protocol -Werror\=incomplete-implementation -Werror\=objc-literal-conversion -Werror\=objc-property-synthesis -Werror\=objc-protocol-property-synthesis @/Users/ibrahimusmani/Library/Developer/Xcode/DerivedData/Signal-ftyjjpqofcnmqgarxcymapnsxdnn/Build/Intermediates.noindex/Pods.build/Debug-iphonesimulator/AWSDynamoDB.build/Objects-normal/arm64/e6072d4f65d7061329687fe24e3d63a7-common-args.resp -include /Users/ibrahimusmani/Documents/Signal2/Signal-iOS/Pods/Target\ Support\ Files/AWSDynamoDB/AWSDynamoDB-prefix.pch -MMD -MT dependencies -MF /Users/ibrahimusmani/Library/Developer/Xcode/DerivedData/Signal-ftyjjpqofcnmqgarxcymapnsxdnn/Build/Intermediates.noindex/Pods.build/Debug-iphonesimulator/AWSDynamoDB.build/Objects-normal/arm64/AWSDynamoDBResources.d --serialize-diagnostics /Users/ibrahimusmani/Library/Developer/Xcode/DerivedData/Signal-ftyjjpqofcnmqgarxcymapnsxdnn/Build/Intermediates.noindex/Pods.build/Debug-iphonesimulator/AWSDynamoDB.build/Objects-normal/arm64/AWSDynamoDBResources.dia -c /Users/ibrahimusmani/Documents/Signal2/Signal-iOS/Pods/AWSDynamoDB/AWSDynamoDB/AWSDynamoDBResources.m -o /Users/ibrahimusmani/Library/Developer/Xcode/DerivedData/Signal-ftyjjpqofcnmqgarxcymapnsxdnn/Build/Intermediates.noindex/Pods.build/Debug-iphonesimulator/AWSDynamoDB.build/Objects-normal/arm64/AWSDynamoDBResources.o -index-unit-output-path /Pods.build/Debug-iphonesimulator/AWSDynamoDB.build/Objects-normal/arm64/AWSDynamoDBResources.o

ScanDependencies /Users/ibrahimusmani/Library/Developer/Xcode/DerivedData/Signal-ftyjjpqofcnmqgarxcymapnsxdnn/Build/Intermediates.noindex/Pods.build/Debug-iphonesimulator/AWSDynamoDB.build/Objects-normal/arm64/AWSDynamoDBRequestRetryHandler.o /Users/ibrahimusmani/Documents/Signal2/Signal-iOS/Pods/AWSDynamoDB/AWSDynamoDB/AWSDynamoDBRequestRetryHandler.m normal arm64 objective-c com.apple.compilers.llvm.clang.1_0.compiler (in target 'AWSDynamoDB' from project 'Pods')
    cd /Users/ibrahimusmani/Documents/Signal2/Signal-iOS/Pods
    
    Using response file: /Users/ibrahimusmani/Library/Developer/Xcode/DerivedData/Signal-ftyjjpqofcnmqgarxcymapnsxdnn/Build/Intermediates.noindex/Pods.build/Debug-iphonesimulator/AWSDynamoDB.build/Objects-normal/arm64/e6072d4f65d7061329687fe24e3d63a7-common-args.resp
    
    builtin-ScanDependencies -o /Users/ibrahimusmani/Library/Developer/Xcode/DerivedData/Signal-ftyjjpqofcnmqgarxcymapnsxdnn/Build/Intermediates.noindex/Pods.build/Debug-iphonesimulator/AWSDynamoDB.build/Objects-normal/arm64/AWSDynamoDBRequestRetryHandler.o.scan -- /Applications/Xcode.app/Contents/Developer/Toolchains/XcodeDefault.xctoolchain/usr/bin/clang -x objective-c -ivfsstatcache /Users/ibrahimusmani/Library/Developer/Xcode/DerivedData/SDKStatCaches.noindex/iphonesimulator18.4-22E235-71825a6d136aa4733edcbe86ece5525b.sdkstatcache -fmessage-length\=0 -fdiagnostics-show-note-include-stack -fmacro-backtrace-limit\=0 -fno-color-diagnostics -fmodules-prune-interval\=86400 -fmodules-prune-after\=345600 -fbuild-session-file\=/Users/ibrahimusmani/Library/Developer/Xcode/DerivedData/ModuleCache.noindex/Session.modulevalidation -fmodules-validate-once-per-build-session -Wnon-modular-include-in-framework-module -Werror\=non-modular-include-in-framework-module -Wno-trigraphs -Wno-missing-field-initializers -Wno-missing-prototypes -Werror\=return-type -Wdocumentation -Wunreachable-code -Wno-implicit-atomic-properties -Werror\=deprecated-objc-isa-usage -Wno-objc-interface-ivars -Werror\=objc-root-class -Wno-arc-repeated-use-of-weak -Wimplicit-retain-self -Wduplicate-method-match -Wno-missing-braces -Wparentheses -Wswitch -Wunused-function -Wno-unused-label -Wno-unused-parameter -Wunused-variable -Wunused-value -Wempty-body -Wuninitialized -Wconditional-uninitialized -Wno-unknown-pragmas -w -Wno-shadow -Wno-four-char-constants -Wno-conversion -Wconstant-conversion -Wint-conversion -Wbool-conversion -Wenum-conversion -Wno-float-conversion -Wnon-literal-null-conversion -Wobjc-literal-conversion -Wshorten-64-to-32 -Wpointer-sign -Wno-newline-eof -Wno-selector -Wno-strict-selector-match -Wundeclared-selector -Wdeprecated-implementations -Wno-implicit-fallthrough -fstrict-aliasing -Wprotocol -Wdeprecated-declarations -Wno-sign-conversion -Winfinite-recursion -Wcomma -Wblock-capture-autoreleasing -Wstrict-prototypes -Wno-semicolon-before-method-body -Wunguarded-availability -index-store-path /Users/ibrahimusmani/Library/Developer/Xcode/DerivedData/Signal-ftyjjpqofcnmqgarxcymapnsxdnn/Index.noindex/DataStore -Werror\=incompatible-pointer-types -Werror\=protocol -Werror\=incomplete-implementation -Werror\=objc-literal-conversion -Werror\=objc-property-synthesis -Werror\=objc-protocol-property-synthesis @/Users/ibrahimusmani/Library/Developer/Xcode/DerivedData/Signal-ftyjjpqofcnmqgarxcymapnsxdnn/Build/Intermediates.noindex/Pods.build/Debug-iphonesimulator/AWSDynamoDB.build/Objects-normal/arm64/e6072d4f65d7061329687fe24e3d63a7-common-args.resp -include /Users/ibrahimusmani/Documents/Signal2/Signal-iOS/Pods/Target\ Support\ Files/AWSDynamoDB/AWSDynamoDB-prefix.pch -MMD -MT dependencies -MF /Users/ibrahimusmani/Library/Developer/Xcode/DerivedData/Signal-ftyjjpqofcnmqgarxcymapnsxdnn/Build/Intermediates.noindex/Pods.build/Debug-iphonesimulator/AWSDynamoDB.build/Objects-normal/arm64/AWSDynamoDBRequestRetryHandler.d --serialize-diagnostics /Users/ibrahimusmani/Library/Developer/Xcode/DerivedData/Signal-ftyjjpqofcnmqgarxcymapnsxdnn/Build/Intermediates.noindex/Pods.build/Debug-iphonesimulator/AWSDynamoDB.build/Objects-normal/arm64/AWSDynamoDBRequestRetryHandler.dia -c /Users/ibrahimusmani/Documents/Signal2/Signal-iOS/Pods/AWSDynamoDB/AWSDynamoDB/AWSDynamoDBRequestRetryHandler.m -o /Users/ibrahimusmani/Library/Developer/Xcode/DerivedData/Signal-ftyjjpqofcnmqgarxcymapnsxdnn/Build/Intermediates.noindex/Pods.build/Debug-iphonesimulator/AWSDynamoDB.build/Objects-normal/arm64/AWSDynamoDBRequestRetryHandler.o -index-unit-output-path /Pods.build/Debug-iphonesimulator/AWSDynamoDB.build/Objects-normal/arm64/AWSDynamoDBRequestRetryHandler.o

CompileC /Users/ibrahimusmani/Library/Developer/Xcode/DerivedData/Signal-ftyjjpqofcnmqgarxcymapnsxdnn/Build/Intermediates.noindex/Pods.build/Debug-iphonesimulator/AWSDynamoDB.build/Objects-normal/arm64/AWSDynamoDBResources.o /Users/ibrahimusmani/Documents/Signal2/Signal-iOS/Pods/AWSDynamoDB/AWSDynamoDB/AWSDynamoDBResources.m normal arm64 objective-c com.apple.compilers.llvm.clang.1_0.compiler (in target 'AWSDynamoDB' from project 'Pods')
    cd /Users/ibrahimusmani/Documents/Signal2/Signal-iOS/Pods
    
    Using response file: /Users/ibrahimusmani/Library/Developer/Xcode/DerivedData/Signal-ftyjjpqofcnmqgarxcymapnsxdnn/Build/Intermediates.noindex/Pods.build/Debug-iphonesimulator/AWSDynamoDB.build/Objects-normal/arm64/e6072d4f65d7061329687fe24e3d63a7-common-args.resp
    
    /Applications/Xcode.app/Contents/Developer/Toolchains/XcodeDefault.xctoolchain/usr/bin/clang -x objective-c -ivfsstatcache /Users/ibrahimusmani/Library/Developer/Xcode/DerivedData/SDKStatCaches.noindex/iphonesimulator18.4-22E235-71825a6d136aa4733edcbe86ece5525b.sdkstatcache -fmessage-length\=0 -fdiagnostics-show-note-include-stack -fmacro-backtrace-limit\=0 -fno-color-diagnostics -fmodules-prune-interval\=86400 -fmodules-prune-after\=345600 -fbuild-session-file\=/Users/ibrahimusmani/Library/Developer/Xcode/DerivedData/ModuleCache.noindex/Session.modulevalidation -fmodules-validate-once-per-build-session -Wnon-modular-include-in-framework-module -Werror\=non-modular-include-in-framework-module -Wno-trigraphs -Wno-missing-field-initializers -Wno-missing-prototypes -Werror\=return-type -Wdocumentation -Wunreachable-code -Wno-implicit-atomic-properties -Werror\=deprecated-objc-isa-usage -Wno-objc-interface-ivars -Werror\=objc-root-class -Wno-arc-repeated-use-of-weak -Wimplicit-retain-self -Wduplicate-method-match -Wno-missing-braces -Wparentheses -Wswitch -Wunused-function -Wno-unused-label -Wno-unused-parameter -Wunused-variable -Wunused-value -Wempty-body -Wuninitialized -Wconditional-uninitialized -Wno-unknown-pragmas -w -Wno-shadow -Wno-four-char-constants -Wno-conversion -Wconstant-conversion -Wint-conversion -Wbool-conversion -Wenum-conversion -Wno-float-conversion -Wnon-literal-null-conversion -Wobjc-literal-conversion -Wshorten-64-to-32 -Wpointer-sign -Wno-newline-eof -Wno-selector -Wno-strict-selector-match -Wundeclared-selector -Wdeprecated-implementations -Wno-implicit-fallthrough -fstrict-aliasing -Wprotocol -Wdeprecated-declarations -Wno-sign-conversion -Winfinite-recursion -Wcomma -Wblock-capture-autoreleasing -Wstrict-prototypes -Wno-semicolon-before-method-body -Wunguarded-availability -index-store-path /Users/ibrahimusmani/Library/Developer/Xcode/DerivedData/Signal-ftyjjpqofcnmqgarxcymapnsxdnn/Index.noindex/DataStore -Werror\=incompatible-pointer-types -Werror\=protocol -Werror\=incomplete-implementation -Werror\=objc-literal-conversion -Werror\=objc-property-synthesis -Werror\=objc-protocol-property-synthesis @/Users/ibrahimusmani/Library/Developer/Xcode/DerivedData/Signal-ftyjjpqofcnmqgarxcymapnsxdnn/Build/Intermediates.noindex/Pods.build/Debug-iphonesimulator/AWSDynamoDB.build/Objects-normal/arm64/e6072d4f65d7061329687fe24e3d63a7-common-args.resp -include /Users/ibrahimusmani/Documents/Signal2/Signal-iOS/Pods/Target\ Support\ Files/AWSDynamoDB/AWSDynamoDB-prefix.pch -MMD -MT dependencies -MF /Users/ibrahimusmani/Library/Developer/Xcode/DerivedData/Signal-ftyjjpqofcnmqgarxcymapnsxdnn/Build/Intermediates.noindex/Pods.build/Debug-iphonesimulator/AWSDynamoDB.build/Objects-normal/arm64/AWSDynamoDBResources.d --serialize-diagnostics /Users/ibrahimusmani/Library/Developer/Xcode/DerivedData/Signal-ftyjjpqofcnmqgarxcymapnsxdnn/Build/Intermediates.noindex/Pods.build/Debug-iphonesimulator/AWSDynamoDB.build/Objects-normal/arm64/AWSDynamoDBResources.dia -c /Users/ibrahimusmani/Documents/Signal2/Signal-iOS/Pods/AWSDynamoDB/AWSDynamoDB/AWSDynamoDBResources.m -o /Users/ibrahimusmani/Library/Developer/Xcode/DerivedData/Signal-ftyjjpqofcnmqgarxcymapnsxdnn/Build/Intermediates.noindex/Pods.build/Debug-iphonesimulator/AWSDynamoDB.build/Objects-normal/arm64/AWSDynamoDBResources.o -index-unit-output-path /Pods.build/Debug-iphonesimulator/AWSDynamoDB.build/Objects-normal/arm64/AWSDynamoDBResources.o

ScanDependencies /Users/ibrahimusmani/Library/Developer/Xcode/DerivedData/Signal-ftyjjpqofcnmqgarxcymapnsxdnn/Build/Intermediates.noindex/Pods.build/Debug-iphonesimulator/AWSDynamoDB.build/Objects-normal/arm64/AWSDynamoDBObjectMapper.o /Users/ibrahimusmani/Documents/Signal2/Signal-iOS/Pods/AWSDynamoDB/AWSDynamoDB/AWSDynamoDBObjectMapper.m normal arm64 objective-c com.apple.compilers.llvm.clang.1_0.compiler (in target 'AWSDynamoDB' from project 'Pods')
    cd /Users/ibrahimusmani/Documents/Signal2/Signal-iOS/Pods
    
    Using response file: /Users/ibrahimusmani/Library/Developer/Xcode/DerivedData/Signal-ftyjjpqofcnmqgarxcymapnsxdnn/Build/Intermediates.noindex/Pods.build/Debug-iphonesimulator/AWSDynamoDB.build/Objects-normal/arm64/e6072d4f65d7061329687fe24e3d63a7-common-args.resp
    
    builtin-ScanDependencies -o /Users/ibrahimusmani/Library/Developer/Xcode/DerivedData/Signal-ftyjjpqofcnmqgarxcymapnsxdnn/Build/Intermediates.noindex/Pods.build/Debug-iphonesimulator/AWSDynamoDB.build/Objects-normal/arm64/AWSDynamoDBObjectMapper.o.scan -- /Applications/Xcode.app/Contents/Developer/Toolchains/XcodeDefault.xctoolchain/usr/bin/clang -x objective-c -ivfsstatcache /Users/ibrahimusmani/Library/Developer/Xcode/DerivedData/SDKStatCaches.noindex/iphonesimulator18.4-22E235-71825a6d136aa4733edcbe86ece5525b.sdkstatcache -fmessage-length\=0 -fdiagnostics-show-note-include-stack -fmacro-backtrace-limit\=0 -fno-color-diagnostics -fmodules-prune-interval\=86400 -fmodules-prune-after\=345600 -fbuild-session-file\=/Users/ibrahimusmani/Library/Developer/Xcode/DerivedData/ModuleCache.noindex/Session.modulevalidation -fmodules-validate-once-per-build-session -Wnon-modular-include-in-framework-module -Werror\=non-modular-include-in-framework-module -Wno-trigraphs -Wno-missing-field-initializers -Wno-missing-prototypes -Werror\=return-type -Wdocumentation -Wunreachable-code -Wno-implicit-atomic-properties -Werror\=deprecated-objc-isa-usage -Wno-objc-interface-ivars -Werror\=objc-root-class -Wno-arc-repeated-use-of-weak -Wimplicit-retain-self -Wduplicate-method-match -Wno-missing-braces -Wparentheses -Wswitch -Wunused-function -Wno-unused-label -Wno-unused-parameter -Wunused-variable -Wunused-value -Wempty-body -Wuninitialized -Wconditional-uninitialized -Wno-unknown-pragmas -w -Wno-shadow -Wno-four-char-constants -Wno-conversion -Wconstant-conversion -Wint-conversion -Wbool-conversion -Wenum-conversion -Wno-float-conversion -Wnon-literal-null-conversion -Wobjc-literal-conversion -Wshorten-64-to-32 -Wpointer-sign -Wno-newline-eof -Wno-selector -Wno-strict-selector-match -Wundeclared-selector -Wdeprecated-implementations -Wno-implicit-fallthrough -fstrict-aliasing -Wprotocol -Wdeprecated-declarations -Wno-sign-conversion -Winfinite-recursion -Wcomma -Wblock-capture-autoreleasing -Wstrict-prototypes -Wno-semicolon-before-method-body -Wunguarded-availability -index-store-path /Users/ibrahimusmani/Library/Developer/Xcode/DerivedData/Signal-ftyjjpqofcnmqgarxcymapnsxdnn/Index.noindex/DataStore -Werror\=incompatible-pointer-types -Werror\=protocol -Werror\=incomplete-implementation -Werror\=objc-literal-conversion -Werror\=objc-property-synthesis -Werror\=objc-protocol-property-synthesis @/Users/ibrahimusmani/Library/Developer/Xcode/DerivedData/Signal-ftyjjpqofcnmqgarxcymapnsxdnn/Build/Intermediates.noindex/Pods.build/Debug-iphonesimulator/AWSDynamoDB.build/Objects-normal/arm64/e6072d4f65d7061329687fe24e3d63a7-common-args.resp -include /Users/ibrahimusmani/Documents/Signal2/Signal-iOS/Pods/Target\ Support\ Files/AWSDynamoDB/AWSDynamoDB-prefix.pch -MMD -MT dependencies -MF /Users/ibrahimusmani/Library/Developer/Xcode/DerivedData/Signal-ftyjjpqofcnmqgarxcymapnsxdnn/Build/Intermediates.noindex/Pods.build/Debug-iphonesimulator/AWSDynamoDB.build/Objects-normal/arm64/AWSDynamoDBObjectMapper.d --serialize-diagnostics /Users/ibrahimusmani/Library/Developer/Xcode/DerivedData/Signal-ftyjjpqofcnmqgarxcymapnsxdnn/Build/Intermediates.noindex/Pods.build/Debug-iphonesimulator/AWSDynamoDB.build/Objects-normal/arm64/AWSDynamoDBObjectMapper.dia -c /Users/ibrahimusmani/Documents/Signal2/Signal-iOS/Pods/AWSDynamoDB/AWSDynamoDB/AWSDynamoDBObjectMapper.m -o /Users/ibrahimusmani/Library/Developer/Xcode/DerivedData/Signal-ftyjjpqofcnmqgarxcymapnsxdnn/Build/Intermediates.noindex/Pods.build/Debug-iphonesimulator/AWSDynamoDB.build/Objects-normal/arm64/AWSDynamoDBObjectMapper.o -index-unit-output-path /Pods.build/Debug-iphonesimulator/AWSDynamoDB.build/Objects-normal/arm64/AWSDynamoDBObjectMapper.o

CompileC /Users/ibrahimusmani/Library/Developer/Xcode/DerivedData/Signal-ftyjjpqofcnmqgarxcymapnsxdnn/Build/Intermediates.noindex/Pods.build/Debug-iphonesimulator/AWSDynamoDB.build/Objects-normal/arm64/AWSDynamoDBRequestRetryHandler.o /Users/ibrahimusmani/Documents/Signal2/Signal-iOS/Pods/AWSDynamoDB/AWSDynamoDB/AWSDynamoDBRequestRetryHandler.m normal arm64 objective-c com.apple.compilers.llvm.clang.1_0.compiler (in target 'AWSDynamoDB' from project 'Pods')
    cd /Users/ibrahimusmani/Documents/Signal2/Signal-iOS/Pods
    
    Using response file: /Users/ibrahimusmani/Library/Developer/Xcode/DerivedData/Signal-ftyjjpqofcnmqgarxcymapnsxdnn/Build/Intermediates.noindex/Pods.build/Debug-iphonesimulator/AWSDynamoDB.build/Objects-normal/arm64/e6072d4f65d7061329687fe24e3d63a7-common-args.resp
    
    /Applications/Xcode.app/Contents/Developer/Toolchains/XcodeDefault.xctoolchain/usr/bin/clang -x objective-c -ivfsstatcache /Users/ibrahimusmani/Library/Developer/Xcode/DerivedData/SDKStatCaches.noindex/iphonesimulator18.4-22E235-71825a6d136aa4733edcbe86ece5525b.sdkstatcache -fmessage-length\=0 -fdiagnostics-show-note-include-stack -fmacro-backtrace-limit\=0 -fno-color-diagnostics -fmodules-prune-interval\=86400 -fmodules-prune-after\=345600 -fbuild-session-file\=/Users/ibrahimusmani/Library/Developer/Xcode/DerivedData/ModuleCache.noindex/Session.modulevalidation -fmodules-validate-once-per-build-session -Wnon-modular-include-in-framework-module -Werror\=non-modular-include-in-framework-module -Wno-trigraphs -Wno-missing-field-initializers -Wno-missing-prototypes -Werror\=return-type -Wdocumentation -Wunreachable-code -Wno-implicit-atomic-properties -Werror\=deprecated-objc-isa-usage -Wno-objc-interface-ivars -Werror\=objc-root-class -Wno-arc-repeated-use-of-weak -Wimplicit-retain-self -Wduplicate-method-match -Wno-missing-braces -Wparentheses -Wswitch -Wunused-function -Wno-unused-label -Wno-unused-parameter -Wunused-variable -Wunused-value -Wempty-body -Wuninitialized -Wconditional-uninitialized -Wno-unknown-pragmas -w -Wno-shadow -Wno-four-char-constants -Wno-conversion -Wconstant-conversion -Wint-conversion -Wbool-conversion -Wenum-conversion -Wno-float-conversion -Wnon-literal-null-conversion -Wobjc-literal-conversion -Wshorten-64-to-32 -Wpointer-sign -Wno-newline-eof -Wno-selector -Wno-strict-selector-match -Wundeclared-selector -Wdeprecated-implementations -Wno-implicit-fallthrough -fstrict-aliasing -Wprotocol -Wdeprecated-declarations -Wno-sign-conversion -Winfinite-recursion -Wcomma -Wblock-capture-autoreleasing -Wstrict-prototypes -Wno-semicolon-before-method-body -Wunguarded-availability -index-store-path /Users/ibrahimusmani/Library/Developer/Xcode/DerivedData/Signal-ftyjjpqofcnmqgarxcymapnsxdnn/Index.noindex/DataStore -Werror\=incompatible-pointer-types -Werror\=protocol -Werror\=incomplete-implementation -Werror\=objc-literal-conversion -Werror\=objc-property-synthesis -Werror\=objc-protocol-property-synthesis @/Users/ibrahimusmani/Library/Developer/Xcode/DerivedData/Signal-ftyjjpqofcnmqgarxcymapnsxdnn/Build/Intermediates.noindex/Pods.build/Debug-iphonesimulator/AWSDynamoDB.build/Objects-normal/arm64/e6072d4f65d7061329687fe24e3d63a7-common-args.resp -include /Users/ibrahimusmani/Documents/Signal2/Signal-iOS/Pods/Target\ Support\ Files/AWSDynamoDB/AWSDynamoDB-prefix.pch -MMD -MT dependencies -MF /Users/ibrahimusmani/Library/Developer/Xcode/DerivedData/Signal-ftyjjpqofcnmqgarxcymapnsxdnn/Build/Intermediates.noindex/Pods.build/Debug-iphonesimulator/AWSDynamoDB.build/Objects-normal/arm64/AWSDynamoDBRequestRetryHandler.d --serialize-diagnostics /Users/ibrahimusmani/Library/Developer/Xcode/DerivedData/Signal-ftyjjpqofcnmqgarxcymapnsxdnn/Build/Intermediates.noindex/Pods.build/Debug-iphonesimulator/AWSDynamoDB.build/Objects-normal/arm64/AWSDynamoDBRequestRetryHandler.dia -c /Users/ibrahimusmani/Documents/Signal2/Signal-iOS/Pods/AWSDynamoDB/AWSDynamoDB/AWSDynamoDBRequestRetryHandler.m -o /Users/ibrahimusmani/Library/Developer/Xcode/DerivedData/Signal-ftyjjpqofcnmqgarxcymapnsxdnn/Build/Intermediates.noindex/Pods.build/Debug-iphonesimulator/AWSDynamoDB.build/Objects-normal/arm64/AWSDynamoDBRequestRetryHandler.o -index-unit-output-path /Pods.build/Debug-iphonesimulator/AWSDynamoDB.build/Objects-normal/arm64/AWSDynamoDBRequestRetryHandler.o

ProcessInfoPlistFile /Users/ibrahimusmani/Library/Developer/Xcode/DerivedData/Signal-ftyjjpqofcnmqgarxcymapnsxdnn/Build/Products/Debug-iphonesimulator/AWSCore/AWSCore.framework/Info.plist /Users/ibrahimusmani/Documents/Signal2/Signal-iOS/Pods/Target\ Support\ Files/AWSCore/AWSCore-Info.plist (in target 'AWSCore' from project 'Pods')
    cd /Users/ibrahimusmani/Documents/Signal2/Signal-iOS/Pods
    builtin-infoPlistUtility /Users/ibrahimusmani/Documents/Signal2/Signal-iOS/Pods/Target\ Support\ Files/AWSCore/AWSCore-Info.plist -producttype com.apple.product-type.framework -expandbuildsettings -format binary -platform iphonesimulator -o /Users/ibrahimusmani/Library/Developer/Xcode/DerivedData/Signal-ftyjjpqofcnmqgarxcymapnsxdnn/Build/Products/Debug-iphonesimulator/AWSCore/AWSCore.framework/Info.plist

ScanDependencies /Users/ibrahimusmani/Library/Developer/Xcode/DerivedData/Signal-ftyjjpqofcnmqgarxcymapnsxdnn/Build/Intermediates.noindex/Pods.build/Debug-iphonesimulator/AWSCognitoIdentityProvider.build/Objects-normal/arm64/AWSCognitoIdentityUserPool.o /Users/ibrahimusmani/Documents/Signal2/Signal-iOS/Pods/AWSCognitoIdentityProvider/AWSCognitoIdentityProvider/AWSCognitoIdentityUserPool.m normal arm64 objective-c com.apple.compilers.llvm.clang.1_0.compiler (in target 'AWSCognitoIdentityProvider' from project 'Pods')
    cd /Users/ibrahimusmani/Documents/Signal2/Signal-iOS/Pods
    
    Using response file: /Users/ibrahimusmani/Library/Developer/Xcode/DerivedData/Signal-ftyjjpqofcnmqgarxcymapnsxdnn/Build/Intermediates.noindex/Pods.build/Debug-iphonesimulator/AWSCognitoIdentityProvider.build/Objects-normal/arm64/e6072d4f65d7061329687fe24e3d63a7-common-args.resp
    
    builtin-ScanDependencies -o /Users/ibrahimusmani/Library/Developer/Xcode/DerivedData/Signal-ftyjjpqofcnmqgarxcymapnsxdnn/Build/Intermediates.noindex/Pods.build/Debug-iphonesimulator/AWSCognitoIdentityProvider.build/Objects-normal/arm64/AWSCognitoIdentityUserPool.o.scan -- /Applications/Xcode.app/Contents/Developer/Toolchains/XcodeDefault.xctoolchain/usr/bin/clang -x objective-c -ivfsstatcache /Users/ibrahimusmani/Library/Developer/Xcode/DerivedData/SDKStatCaches.noindex/iphonesimulator18.4-22E235-71825a6d136aa4733edcbe86ece5525b.sdkstatcache -fmessage-length\=0 -fdiagnostics-show-note-include-stack -fmacro-backtrace-limit\=0 -fno-color-diagnostics -fmodules-prune-interval\=86400 -fmodules-prune-after\=345600 -fbuild-session-file\=/Users/ibrahimusmani/Library/Developer/Xcode/DerivedData/ModuleCache.noindex/Session.modulevalidation -fmodules-validate-once-per-build-session -Wnon-modular-include-in-framework-module -Werror\=non-modular-include-in-framework-module -Wno-trigraphs -Wno-missing-field-initializers -Wno-missing-prototypes -Werror\=return-type -Wdocumentation -Wunreachable-code -Wno-implicit-atomic-properties -Werror\=deprecated-objc-isa-usage -Wno-objc-interface-ivars -Werror\=objc-root-class -Wno-arc-repeated-use-of-weak -Wimplicit-retain-self -Wduplicate-method-match -Wno-missing-braces -Wparentheses -Wswitch -Wunused-function -Wno-unused-label -Wno-unused-parameter -Wunused-variable -Wunused-value -Wempty-body -Wuninitialized -Wconditional-uninitialized -Wno-unknown-pragmas -w -Wno-shadow -Wno-four-char-constants -Wno-conversion -Wconstant-conversion -Wint-conversion -Wbool-conversion -Wenum-conversion -Wno-float-conversion -Wnon-literal-null-conversion -Wobjc-literal-conversion -Wshorten-64-to-32 -Wpointer-sign -Wno-newline-eof -Wno-selector -Wno-strict-selector-match -Wundeclared-selector -Wdeprecated-implementations -Wno-implicit-fallthrough -fstrict-aliasing -Wprotocol -Wdeprecated-declarations -Wno-sign-conversion -Winfinite-recursion -Wcomma -Wblock-capture-autoreleasing -Wstrict-prototypes -Wno-semicolon-before-method-body -Wunguarded-availability -index-store-path /Users/ibrahimusmani/Library/Developer/Xcode/DerivedData/Signal-ftyjjpqofcnmqgarxcymapnsxdnn/Index.noindex/DataStore -Werror\=incompatible-pointer-types -Werror\=protocol -Werror\=incomplete-implementation -Werror\=objc-literal-conversion -Werror\=objc-property-synthesis -Werror\=objc-protocol-property-synthesis @/Users/ibrahimusmani/Library/Developer/Xcode/DerivedData/Signal-ftyjjpqofcnmqgarxcymapnsxdnn/Build/Intermediates.noindex/Pods.build/Debug-iphonesimulator/AWSCognitoIdentityProvider.build/Objects-normal/arm64/e6072d4f65d7061329687fe24e3d63a7-common-args.resp -include /Users/ibrahimusmani/Documents/Signal2/Signal-iOS/Pods/Target\ Support\ Files/AWSCognitoIdentityProvider/AWSCognitoIdentityProvider-prefix.pch -MMD -MT dependencies -MF /Users/ibrahimusmani/Library/Developer/Xcode/DerivedData/Signal-ftyjjpqofcnmqgarxcymapnsxdnn/Build/Intermediates.noindex/Pods.build/Debug-iphonesimulator/AWSCognitoIdentityProvider.build/Objects-normal/arm64/AWSCognitoIdentityUserPool.d --serialize-diagnostics /Users/ibrahimusmani/Library/Developer/Xcode/DerivedData/Signal-ftyjjpqofcnmqgarxcymapnsxdnn/Build/Intermediates.noindex/Pods.build/Debug-iphonesimulator/AWSCognitoIdentityProvider.build/Objects-normal/arm64/AWSCognitoIdentityUserPool.dia -c /Users/ibrahimusmani/Documents/Signal2/Signal-iOS/Pods/AWSCognitoIdentityProvider/AWSCognitoIdentityProvider/AWSCognitoIdentityUserPool.m -o /Users/ibrahimusmani/Library/Developer/Xcode/DerivedData/Signal-ftyjjpqofcnmqgarxcymapnsxdnn/Build/Intermediates.noindex/Pods.build/Debug-iphonesimulator/AWSCognitoIdentityProvider.build/Objects-normal/arm64/AWSCognitoIdentityUserPool.o -index-unit-output-path /Pods.build/Debug-iphonesimulator/AWSCognitoIdentityProvider.build/Objects-normal/arm64/AWSCognitoIdentityUserPool.o

ScanDependencies /Users/ibrahimusmani/Library/Developer/Xcode/DerivedData/Signal-ftyjjpqofcnmqgarxcymapnsxdnn/Build/Intermediates.noindex/Pods.build/Debug-iphonesimulator/AWSCognitoIdentityProvider.build/Objects-normal/arm64/AWSCognitoIdentityUser.o /Users/ibrahimusmani/Documents/Signal2/Signal-iOS/Pods/AWSCognitoIdentityProvider/AWSCognitoIdentityProvider/AWSCognitoIdentityUser.m normal arm64 objective-c com.apple.compilers.llvm.clang.1_0.compiler (in target 'AWSCognitoIdentityProvider' from project 'Pods')
    cd /Users/ibrahimusmani/Documents/Signal2/Signal-iOS/Pods
    
    Using response file: /Users/ibrahimusmani/Library/Developer/Xcode/DerivedData/Signal-ftyjjpqofcnmqgarxcymapnsxdnn/Build/Intermediates.noindex/Pods.build/Debug-iphonesimulator/AWSCognitoIdentityProvider.build/Objects-normal/arm64/e6072d4f65d7061329687fe24e3d63a7-common-args.resp
    
    builtin-ScanDependencies -o /Users/ibrahimusmani/Library/Developer/Xcode/DerivedData/Signal-ftyjjpqofcnmqgarxcymapnsxdnn/Build/Intermediates.noindex/Pods.build/Debug-iphonesimulator/AWSCognitoIdentityProvider.build/Objects-normal/arm64/AWSCognitoIdentityUser.o.scan -- /Applications/Xcode.app/Contents/Developer/Toolchains/XcodeDefault.xctoolchain/usr/bin/clang -x objective-c -ivfsstatcache /Users/ibrahimusmani/Library/Developer/Xcode/DerivedData/SDKStatCaches.noindex/iphonesimulator18.4-22E235-71825a6d136aa4733edcbe86ece5525b.sdkstatcache -fmessage-length\=0 -fdiagnostics-show-note-include-stack -fmacro-backtrace-limit\=0 -fno-color-diagnostics -fmodules-prune-interval\=86400 -fmodules-prune-after\=345600 -fbuild-session-file\=/Users/ibrahimusmani/Library/Developer/Xcode/DerivedData/ModuleCache.noindex/Session.modulevalidation -fmodules-validate-once-per-build-session -Wnon-modular-include-in-framework-module -Werror\=non-modular-include-in-framework-module -Wno-trigraphs -Wno-missing-field-initializers -Wno-missing-prototypes -Werror\=return-type -Wdocumentation -Wunreachable-code -Wno-implicit-atomic-properties -Werror\=deprecated-objc-isa-usage -Wno-objc-interface-ivars -Werror\=objc-root-class -Wno-arc-repeated-use-of-weak -Wimplicit-retain-self -Wduplicate-method-match -Wno-missing-braces -Wparentheses -Wswitch -Wunused-function -Wno-unused-label -Wno-unused-parameter -Wunused-variable -Wunused-value -Wempty-body -Wuninitialized -Wconditional-uninitialized -Wno-unknown-pragmas -w -Wno-shadow -Wno-four-char-constants -Wno-conversion -Wconstant-conversion -Wint-conversion -Wbool-conversion -Wenum-conversion -Wno-float-conversion -Wnon-literal-null-conversion -Wobjc-literal-conversion -Wshorten-64-to-32 -Wpointer-sign -Wno-newline-eof -Wno-selector -Wno-strict-selector-match -Wundeclared-selector -Wdeprecated-implementations -Wno-implicit-fallthrough -fstrict-aliasing -Wprotocol -Wdeprecated-declarations -Wno-sign-conversion -Winfinite-recursion -Wcomma -Wblock-capture-autoreleasing -Wstrict-prototypes -Wno-semicolon-before-method-body -Wunguarded-availability -index-store-path /Users/ibrahimusmani/Library/Developer/Xcode/DerivedData/Signal-ftyjjpqofcnmqgarxcymapnsxdnn/Index.noindex/DataStore -Werror\=incompatible-pointer-types -Werror\=protocol -Werror\=incomplete-implementation -Werror\=objc-literal-conversion -Werror\=objc-property-synthesis -Werror\=objc-protocol-property-synthesis @/Users/ibrahimusmani/Library/Developer/Xcode/DerivedData/Signal-ftyjjpqofcnmqgarxcymapnsxdnn/Build/Intermediates.noindex/Pods.build/Debug-iphonesimulator/AWSCognitoIdentityProvider.build/Objects-normal/arm64/e6072d4f65d7061329687fe24e3d63a7-common-args.resp -include /Users/ibrahimusmani/Documents/Signal2/Signal-iOS/Pods/Target\ Support\ Files/AWSCognitoIdentityProvider/AWSCognitoIdentityProvider-prefix.pch -MMD -MT dependencies -MF /Users/ibrahimusmani/Library/Developer/Xcode/DerivedData/Signal-ftyjjpqofcnmqgarxcymapnsxdnn/Build/Intermediates.noindex/Pods.build/Debug-iphonesimulator/AWSCognitoIdentityProvider.build/Objects-normal/arm64/AWSCognitoIdentityUser.d --serialize-diagnostics /Users/ibrahimusmani/Library/Developer/Xcode/DerivedData/Signal-ftyjjpqofcnmqgarxcymapnsxdnn/Build/Intermediates.noindex/Pods.build/Debug-iphonesimulator/AWSCognitoIdentityProvider.build/Objects-normal/arm64/AWSCognitoIdentityUser.dia -c /Users/ibrahimusmani/Documents/Signal2/Signal-iOS/Pods/AWSCognitoIdentityProvider/AWSCognitoIdentityProvider/AWSCognitoIdentityUser.m -o /Users/ibrahimusmani/Library/Developer/Xcode/DerivedData/Signal-ftyjjpqofcnmqgarxcymapnsxdnn/Build/Intermediates.noindex/Pods.build/Debug-iphonesimulator/AWSCognitoIdentityProvider.build/Objects-normal/arm64/AWSCognitoIdentityUser.o -index-unit-output-path /Pods.build/Debug-iphonesimulator/AWSCognitoIdentityProvider.build/Objects-normal/arm64/AWSCognitoIdentityUser.o

CompileC /Users/ibrahimusmani/Library/Developer/Xcode/DerivedData/Signal-ftyjjpqofcnmqgarxcymapnsxdnn/Build/Intermediates.noindex/Pods.build/Debug-iphonesimulator/AWSDynamoDB.build/Objects-normal/arm64/AWSDynamoDBObjectMapper.o /Users/ibrahimusmani/Documents/Signal2/Signal-iOS/Pods/AWSDynamoDB/AWSDynamoDB/AWSDynamoDBObjectMapper.m normal arm64 objective-c com.apple.compilers.llvm.clang.1_0.compiler (in target 'AWSDynamoDB' from project 'Pods')
    cd /Users/ibrahimusmani/Documents/Signal2/Signal-iOS/Pods
    
    Using response file: /Users/ibrahimusmani/Library/Developer/Xcode/DerivedData/Signal-ftyjjpqofcnmqgarxcymapnsxdnn/Build/Intermediates.noindex/Pods.build/Debug-iphonesimulator/AWSDynamoDB.build/Objects-normal/arm64/e6072d4f65d7061329687fe24e3d63a7-common-args.resp
    
    /Applications/Xcode.app/Contents/Developer/Toolchains/XcodeDefault.xctoolchain/usr/bin/clang -x objective-c -ivfsstatcache /Users/ibrahimusmani/Library/Developer/Xcode/DerivedData/SDKStatCaches.noindex/iphonesimulator18.4-22E235-71825a6d136aa4733edcbe86ece5525b.sdkstatcache -fmessage-length\=0 -fdiagnostics-show-note-include-stack -fmacro-backtrace-limit\=0 -fno-color-diagnostics -fmodules-prune-interval\=86400 -fmodules-prune-after\=345600 -fbuild-session-file\=/Users/ibrahimusmani/Library/Developer/Xcode/DerivedData/ModuleCache.noindex/Session.modulevalidation -fmodules-validate-once-per-build-session -Wnon-modular-include-in-framework-module -Werror\=non-modular-include-in-framework-module -Wno-trigraphs -Wno-missing-field-initializers -Wno-missing-prototypes -Werror\=return-type -Wdocumentation -Wunreachable-code -Wno-implicit-atomic-properties -Werror\=deprecated-objc-isa-usage -Wno-objc-interface-ivars -Werror\=objc-root-class -Wno-arc-repeated-use-of-weak -Wimplicit-retain-self -Wduplicate-method-match -Wno-missing-braces -Wparentheses -Wswitch -Wunused-function -Wno-unused-label -Wno-unused-parameter -Wunused-variable -Wunused-value -Wempty-body -Wuninitialized -Wconditional-uninitialized -Wno-unknown-pragmas -w -Wno-shadow -Wno-four-char-constants -Wno-conversion -Wconstant-conversion -Wint-conversion -Wbool-conversion -Wenum-conversion -Wno-float-conversion -Wnon-literal-null-conversion -Wobjc-literal-conversion -Wshorten-64-to-32 -Wpointer-sign -Wno-newline-eof -Wno-selector -Wno-strict-selector-match -Wundeclared-selector -Wdeprecated-implementations -Wno-implicit-fallthrough -fstrict-aliasing -Wprotocol -Wdeprecated-declarations -Wno-sign-conversion -Winfinite-recursion -Wcomma -Wblock-capture-autoreleasing -Wstrict-prototypes -Wno-semicolon-before-method-body -Wunguarded-availability -index-store-path /Users/ibrahimusmani/Library/Developer/Xcode/DerivedData/Signal-ftyjjpqofcnmqgarxcymapnsxdnn/Index.noindex/DataStore -Werror\=incompatible-pointer-types -Werror\=protocol -Werror\=incomplete-implementation -Werror\=objc-literal-conversion -Werror\=objc-property-synthesis -Werror\=objc-protocol-property-synthesis @/Users/ibrahimusmani/Library/Developer/Xcode/DerivedData/Signal-ftyjjpqofcnmqgarxcymapnsxdnn/Build/Intermediates.noindex/Pods.build/Debug-iphonesimulator/AWSDynamoDB.build/Objects-normal/arm64/e6072d4f65d7061329687fe24e3d63a7-common-args.resp -include /Users/ibrahimusmani/Documents/Signal2/Signal-iOS/Pods/Target\ Support\ Files/AWSDynamoDB/AWSDynamoDB-prefix.pch -MMD -MT dependencies -MF /Users/ibrahimusmani/Library/Developer/Xcode/DerivedData/Signal-ftyjjpqofcnmqgarxcymapnsxdnn/Build/Intermediates.noindex/Pods.build/Debug-iphonesimulator/AWSDynamoDB.build/Objects-normal/arm64/AWSDynamoDBObjectMapper.d --serialize-diagnostics /Users/ibrahimusmani/Library/Developer/Xcode/DerivedData/Signal-ftyjjpqofcnmqgarxcymapnsxdnn/Build/Intermediates.noindex/Pods.build/Debug-iphonesimulator/AWSDynamoDB.build/Objects-normal/arm64/AWSDynamoDBObjectMapper.dia -c /Users/ibrahimusmani/Documents/Signal2/Signal-iOS/Pods/AWSDynamoDB/AWSDynamoDB/AWSDynamoDBObjectMapper.m -o /Users/ibrahimusmani/Library/Developer/Xcode/DerivedData/Signal-ftyjjpqofcnmqgarxcymapnsxdnn/Build/Intermediates.noindex/Pods.build/Debug-iphonesimulator/AWSDynamoDB.build/Objects-normal/arm64/AWSDynamoDBObjectMapper.o -index-unit-output-path /Pods.build/Debug-iphonesimulator/AWSDynamoDB.build/Objects-normal/arm64/AWSDynamoDBObjectMapper.o

ExtractAppIntentsMetadata (in target 'AWSCore' from project 'Pods')
    cd /Users/ibrahimusmani/Documents/Signal2/Signal-iOS/Pods
    /Applications/Xcode.app/Contents/Developer/Toolchains/XcodeDefault.xctoolchain/usr/bin/appintentsmetadataprocessor --toolchain-dir /Applications/Xcode.app/Contents/Developer/Toolchains/XcodeDefault.xctoolchain --module-name AWSCore --sdk-root /Applications/Xcode.app/Contents/Developer/Platforms/iPhoneSimulator.platform/Developer/SDKs/iPhoneSimulator18.4.sdk --xcode-version 16E140 --platform-family iOS --deployment-target 15.0 --bundle-identifier org.cocoapods.AWSCore --output /Users/ibrahimusmani/Library/Developer/Xcode/DerivedData/Signal-ftyjjpqofcnmqgarxcymapnsxdnn/Build/Products/Debug-iphonesimulator/AWSCore/AWSCore.framework --target-triple arm64-apple-ios15.0-simulator --binary-file /Users/ibrahimusmani/Library/Developer/Xcode/DerivedData/Signal-ftyjjpqofcnmqgarxcymapnsxdnn/Build/Products/Debug-iphonesimulator/AWSCore/AWSCore.framework/AWSCore --dependency-file /Users/ibrahimusmani/Library/Developer/Xcode/DerivedData/Signal-ftyjjpqofcnmqgarxcymapnsxdnn/Build/Intermediates.noindex/Pods.build/Debug-iphonesimulator/AWSCore.build/Objects-normal/arm64/AWSCore_dependency_info.dat --stringsdata-file /Users/ibrahimusmani/Library/Developer/Xcode/DerivedData/Signal-ftyjjpqofcnmqgarxcymapnsxdnn/Build/Intermediates.noindex/Pods.build/Debug-iphonesimulator/AWSCore.build/Objects-normal/arm64/ExtractedAppShortcutsMetadata.stringsdata --source-file-list /Users/ibrahimusmani/Library/Developer/Xcode/DerivedData/Signal-ftyjjpqofcnmqgarxcymapnsxdnn/Build/Intermediates.noindex/Pods.build/Debug-iphonesimulator/AWSCore.build/Objects-normal/arm64/AWSCore.SwiftFileList --metadata-file-list /Users/ibrahimusmani/Library/Developer/Xcode/DerivedData/Signal-ftyjjpqofcnmqgarxcymapnsxdnn/Build/Intermediates.noindex/Pods.build/Debug-iphonesimulator/AWSCore.build/AWSCore.DependencyMetadataFileList --static-metadata-file-list /Users/ibrahimusmani/Library/Developer/Xcode/DerivedData/Signal-ftyjjpqofcnmqgarxcymapnsxdnn/Build/Intermediates.noindex/Pods.build/Debug-iphonesimulator/AWSCore.build/AWSCore.DependencyStaticMetadataFileList --swift-const-vals-list /Users/ibrahimusmani/Library/Developer/Xcode/DerivedData/Signal-ftyjjpqofcnmqgarxcymapnsxdnn/Build/Intermediates.noindex/Pods.build/Debug-iphonesimulator/AWSCore.build/Objects-normal/arm64/AWSCore.SwiftConstValuesFileList --compile-time-extraction --deployment-aware-processing --validate-assistant-intents --no-app-shortcuts-localization
2025-05-20 18:23:48.892 appintentsmetadataprocessor[47134:6896625] Starting appintentsmetadataprocessor export
2025-05-20 18:23:48.896 appintentsmetadataprocessor[47134:6896625] warning: Metadata extraction skipped. No AppIntents.framework dependency found.

CompileC /Users/ibrahimusmani/Library/Developer/Xcode/DerivedData/Signal-ftyjjpqofcnmqgarxcymapnsxdnn/Build/Intermediates.noindex/Pods.build/Debug-iphonesimulator/AWSCognitoIdentityProvider.build/Objects-normal/arm64/AWSCognitoIdentityUserPool.o /Users/ibrahimusmani/Documents/Signal2/Signal-iOS/Pods/AWSCognitoIdentityProvider/AWSCognitoIdentityProvider/AWSCognitoIdentityUserPool.m normal arm64 objective-c com.apple.compilers.llvm.clang.1_0.compiler (in target 'AWSCognitoIdentityProvider' from project 'Pods')
    cd /Users/ibrahimusmani/Documents/Signal2/Signal-iOS/Pods
    
    Using response file: /Users/ibrahimusmani/Library/Developer/Xcode/DerivedData/Signal-ftyjjpqofcnmqgarxcymapnsxdnn/Build/Intermediates.noindex/Pods.build/Debug-iphonesimulator/AWSCognitoIdentityProvider.build/Objects-normal/arm64/e6072d4f65d7061329687fe24e3d63a7-common-args.resp
    
    /Applications/Xcode.app/Contents/Developer/Toolchains/XcodeDefault.xctoolchain/usr/bin/clang -x objective-c -ivfsstatcache /Users/ibrahimusmani/Library/Developer/Xcode/DerivedData/SDKStatCaches.noindex/iphonesimulator18.4-22E235-71825a6d136aa4733edcbe86ece5525b.sdkstatcache -fmessage-length\=0 -fdiagnostics-show-note-include-stack -fmacro-backtrace-limit\=0 -fno-color-diagnostics -fmodules-prune-interval\=86400 -fmodules-prune-after\=345600 -fbuild-session-file\=/Users/ibrahimusmani/Library/Developer/Xcode/DerivedData/ModuleCache.noindex/Session.modulevalidation -fmodules-validate-once-per-build-session -Wnon-modular-include-in-framework-module -Werror\=non-modular-include-in-framework-module -Wno-trigraphs -Wno-missing-field-initializers -Wno-missing-prototypes -Werror\=return-type -Wdocumentation -Wunreachable-code -Wno-implicit-atomic-properties -Werror\=deprecated-objc-isa-usage -Wno-objc-interface-ivars -Werror\=objc-root-class -Wno-arc-repeated-use-of-weak -Wimplicit-retain-self -Wduplicate-method-match -Wno-missing-braces -Wparentheses -Wswitch -Wunused-function -Wno-unused-label -Wno-unused-parameter -Wunused-variable -Wunused-value -Wempty-body -Wuninitialized -Wconditional-uninitialized -Wno-unknown-pragmas -w -Wno-shadow -Wno-four-char-constants -Wno-conversion -Wconstant-conversion -Wint-conversion -Wbool-conversion -Wenum-conversion -Wno-float-conversion -Wnon-literal-null-conversion -Wobjc-literal-conversion -Wshorten-64-to-32 -Wpointer-sign -Wno-newline-eof -Wno-selector -Wno-strict-selector-match -Wundeclared-selector -Wdeprecated-implementations -Wno-implicit-fallthrough -fstrict-aliasing -Wprotocol -Wdeprecated-declarations -Wno-sign-conversion -Winfinite-recursion -Wcomma -Wblock-capture-autoreleasing -Wstrict-prototypes -Wno-semicolon-before-method-body -Wunguarded-availability -index-store-path /Users/ibrahimusmani/Library/Developer/Xcode/DerivedData/Signal-ftyjjpqofcnmqgarxcymapnsxdnn/Index.noindex/DataStore -Werror\=incompatible-pointer-types -Werror\=protocol -Werror\=incomplete-implementation -Werror\=objc-literal-conversion -Werror\=objc-property-synthesis -Werror\=objc-protocol-property-synthesis @/Users/ibrahimusmani/Library/Developer/Xcode/DerivedData/Signal-ftyjjpqofcnmqgarxcymapnsxdnn/Build/Intermediates.noindex/Pods.build/Debug-iphonesimulator/AWSCognitoIdentityProvider.build/Objects-normal/arm64/e6072d4f65d7061329687fe24e3d63a7-common-args.resp -include /Users/ibrahimusmani/Documents/Signal2/Signal-iOS/Pods/Target\ Support\ Files/AWSCognitoIdentityProvider/AWSCognitoIdentityProvider-prefix.pch -MMD -MT dependencies -MF /Users/ibrahimusmani/Library/Developer/Xcode/DerivedData/Signal-ftyjjpqofcnmqgarxcymapnsxdnn/Build/Intermediates.noindex/Pods.build/Debug-iphonesimulator/AWSCognitoIdentityProvider.build/Objects-normal/arm64/AWSCognitoIdentityUserPool.d --serialize-diagnostics /Users/ibrahimusmani/Library/Developer/Xcode/DerivedData/Signal-ftyjjpqofcnmqgarxcymapnsxdnn/Build/Intermediates.noindex/Pods.build/Debug-iphonesimulator/AWSCognitoIdentityProvider.build/Objects-normal/arm64/AWSCognitoIdentityUserPool.dia -c /Users/ibrahimusmani/Documents/Signal2/Signal-iOS/Pods/AWSCognitoIdentityProvider/AWSCognitoIdentityProvider/AWSCognitoIdentityUserPool.m -o /Users/ibrahimusmani/Library/Developer/Xcode/DerivedData/Signal-ftyjjpqofcnmqgarxcymapnsxdnn/Build/Intermediates.noindex/Pods.build/Debug-iphonesimulator/AWSCognitoIdentityProvider.build/Objects-normal/arm64/AWSCognitoIdentityUserPool.o -index-unit-output-path /Pods.build/Debug-iphonesimulator/AWSCognitoIdentityProvider.build/Objects-normal/arm64/AWSCognitoIdentityUserPool.o

CompileC /Users/ibrahimusmani/Library/Developer/Xcode/DerivedData/Signal-ftyjjpqofcnmqgarxcymapnsxdnn/Build/Intermediates.noindex/Pods.build/Debug-iphonesimulator/AWSCognitoIdentityProvider.build/Objects-normal/arm64/AWSCognitoIdentityUser.o /Users/ibrahimusmani/Documents/Signal2/Signal-iOS/Pods/AWSCognitoIdentityProvider/AWSCognitoIdentityProvider/AWSCognitoIdentityUser.m normal arm64 objective-c com.apple.compilers.llvm.clang.1_0.compiler (in target 'AWSCognitoIdentityProvider' from project 'Pods')
    cd /Users/ibrahimusmani/Documents/Signal2/Signal-iOS/Pods
    
    Using response file: /Users/ibrahimusmani/Library/Developer/Xcode/DerivedData/Signal-ftyjjpqofcnmqgarxcymapnsxdnn/Build/Intermediates.noindex/Pods.build/Debug-iphonesimulator/AWSCognitoIdentityProvider.build/Objects-normal/arm64/e6072d4f65d7061329687fe24e3d63a7-common-args.resp
    
    /Applications/Xcode.app/Contents/Developer/Toolchains/XcodeDefault.xctoolchain/usr/bin/clang -x objective-c -ivfsstatcache /Users/ibrahimusmani/Library/Developer/Xcode/DerivedData/SDKStatCaches.noindex/iphonesimulator18.4-22E235-71825a6d136aa4733edcbe86ece5525b.sdkstatcache -fmessage-length\=0 -fdiagnostics-show-note-include-stack -fmacro-backtrace-limit\=0 -fno-color-diagnostics -fmodules-prune-interval\=86400 -fmodules-prune-after\=345600 -fbuild-session-file\=/Users/ibrahimusmani/Library/Developer/Xcode/DerivedData/ModuleCache.noindex/Session.modulevalidation -fmodules-validate-once-per-build-session -Wnon-modular-include-in-framework-module -Werror\=non-modular-include-in-framework-module -Wno-trigraphs -Wno-missing-field-initializers -Wno-missing-prototypes -Werror\=return-type -Wdocumentation -Wunreachable-code -Wno-implicit-atomic-properties -Werror\=deprecated-objc-isa-usage -Wno-objc-interface-ivars -Werror\=objc-root-class -Wno-arc-repeated-use-of-weak -Wimplicit-retain-self -Wduplicate-method-match -Wno-missing-braces -Wparentheses -Wswitch -Wunused-function -Wno-unused-label -Wno-unused-parameter -Wunused-variable -Wunused-value -Wempty-body -Wuninitialized -Wconditional-uninitialized -Wno-unknown-pragmas -w -Wno-shadow -Wno-four-char-constants -Wno-conversion -Wconstant-conversion -Wint-conversion -Wbool-conversion -Wenum-conversion -Wno-float-conversion -Wnon-literal-null-conversion -Wobjc-literal-conversion -Wshorten-64-to-32 -Wpointer-sign -Wno-newline-eof -Wno-selector -Wno-strict-selector-match -Wundeclared-selector -Wdeprecated-implementations -Wno-implicit-fallthrough -fstrict-aliasing -Wprotocol -Wdeprecated-declarations -Wno-sign-conversion -Winfinite-recursion -Wcomma -Wblock-capture-autoreleasing -Wstrict-prototypes -Wno-semicolon-before-method-body -Wunguarded-availability -index-store-path /Users/ibrahimusmani/Library/Developer/Xcode/DerivedData/Signal-ftyjjpqofcnmqgarxcymapnsxdnn/Index.noindex/DataStore -Werror\=incompatible-pointer-types -Werror\=protocol -Werror\=incomplete-implementation -Werror\=objc-literal-conversion -Werror\=objc-property-synthesis -Werror\=objc-protocol-property-synthesis @/Users/ibrahimusmani/Library/Developer/Xcode/DerivedData/Signal-ftyjjpqofcnmqgarxcymapnsxdnn/Build/Intermediates.noindex/Pods.build/Debug-iphonesimulator/AWSCognitoIdentityProvider.build/Objects-normal/arm64/e6072d4f65d7061329687fe24e3d63a7-common-args.resp -include /Users/ibrahimusmani/Documents/Signal2/Signal-iOS/Pods/Target\ Support\ Files/AWSCognitoIdentityProvider/AWSCognitoIdentityProvider-prefix.pch -MMD -MT dependencies -MF /Users/ibrahimusmani/Library/Developer/Xcode/DerivedData/Signal-ftyjjpqofcnmqgarxcymapnsxdnn/Build/Intermediates.noindex/Pods.build/Debug-iphonesimulator/AWSCognitoIdentityProvider.build/Objects-normal/arm64/AWSCognitoIdentityUser.d --serialize-diagnostics /Users/ibrahimusmani/Library/Developer/Xcode/DerivedData/Signal-ftyjjpqofcnmqgarxcymapnsxdnn/Build/Intermediates.noindex/Pods.build/Debug-iphonesimulator/AWSCognitoIdentityProvider.build/Objects-normal/arm64/AWSCognitoIdentityUser.dia -c /Users/ibrahimusmani/Documents/Signal2/Signal-iOS/Pods/AWSCognitoIdentityProvider/AWSCognitoIdentityProvider/AWSCognitoIdentityUser.m -o /Users/ibrahimusmani/Library/Developer/Xcode/DerivedData/Signal-ftyjjpqofcnmqgarxcymapnsxdnn/Build/Intermediates.noindex/Pods.build/Debug-iphonesimulator/AWSCognitoIdentityProvider.build/Objects-normal/arm64/AWSCognitoIdentityUser.o -index-unit-output-path /Pods.build/Debug-iphonesimulator/AWSCognitoIdentityProvider.build/Objects-normal/arm64/AWSCognitoIdentityUser.o
Failed frontend command:
/Applications/Xcode.app/Contents/Developer/Toolchains/XcodeDefault.xctoolchain/usr/bin/clang -cc1 -Wundef-prefix\=TARGET_OS_ -fdiagnostics-show-note-include-stack -fmacro-backtrace-limit\=0 -w -ferror-limit 19 -serialize-diagnostic-file /Users/ibrahimusmani/Library/Developer/Xcode/DerivedData/Signal-ftyjjpqofcnmqgarxcymapnsxdnn/Build/Intermediates.noindex/Pods.build/Debug-iphonesimulator/AWSCognitoIdentityProvider.build/Objects-normal/arm64/AWSCognitoIdentityUser.dia -Wdeprecated-objc-isa-usage -Werror\=deprecated-objc-isa-usage -Werror\=implicit-function-declaration -Wnon-modular-include-in-framework-module -Werror\=non-modular-include-in-framework-module -Wno-trigraphs -Wno-missing-field-initializers -Wno-missing-prototypes -Werror\=return-type -Wdocumentation -Wunreachable-code -Wno-implicit-atomic-properties -Werror\=deprecated-objc-isa-usage -Wno-objc-interface-ivars -Werror\=objc-root-class -Wno-arc-repeated-use-of-weak -Wimplicit-retain-self -Wduplicate-method-match -Wno-missing-braces -Wparentheses -Wswitch -Wunused-function -Wno-unused-label -Wno-unused-parameter -Wunused-variable -Wunused-value -Wempty-body -Wuninitialized -Wconditional-uninitialized -Wno-unknown-pragmas -Wno-shadow -Wno-four-char-constants -Wno-conversion -Wconstant-conversion -Wint-conversion -Wbool-conversion -Wenum-conversion -Wno-float-conversion -Wnon-literal-null-conversion -Wobjc-literal-conversion -Wshorten-64-to-32 -Wpointer-sign -Wno-newline-eof -Wno-selector -Wno-strict-selector-match -Wundeclared-selector -Wdeprecated-implementations -Wno-implicit-fallthrough -Wprotocol -Wdeprecated-declarations -Wno-sign-conversion -Winfinite-recursion -Wcomma -Wblock-capture-autoreleasing -Wstrict-prototypes -Wno-semicolon-before-method-body -Wunguarded-availability -Werror\=incompatible-pointer-types -Werror\=protocol -Werror\=incomplete-implementation -Werror\=objc-literal-conversion -Werror\=objc-property-synthesis -Werror\=objc-protocol-property-synthesis -Wno-reorder-init-list -Wno-implicit-int-float-conversion -Wno-c99-designator -Wno-final-dtor-non-final-class -Wno-extra-semi-stmt -Wno-misleading-indentation -Wno-quoted-include-in-framework-header -Wno-implicit-fallthrough -Wno-enum-enum-conversion -Wno-enum-float-conversion -Wno-elaborated-enum-base -Wno-reserved-identifier -Wno-gnu-folding-constant -index-store-path /Users/ibrahimusmani/Library/Developer/Xcode/DerivedData/Signal-ftyjjpqofcnmqgarxcymapnsxdnn/Index.noindex/DataStore -index-unit-output-path /Pods.build/Debug-iphonesimulator/AWSCognitoIdentityProvider.build/Objects-normal/arm64/AWSCognitoIdentityUser.o -fmodule-map-file\=/Users/ibrahimusmani/Library/Developer/Xcode/DerivedData/Signal-ftyjjpqofcnmqgarxcymapnsxdnn/Build/Products/Debug-iphonesimulator/AWSCognitoIdentityProvider/AWSCognitoIdentityProvider.framework/Modules/module.modulemap -fmodule-map-file\=/Applications/Xcode.app/Contents/Developer/Platforms/iPhoneSimulator.platform/Developer/SDKs/iPhoneSimulator.sdk/usr/include/c_standard_library.modulemap -fmodule-map-file\=/Applications/Xcode.app/Contents/Developer/Toolchains/XcodeDefault.xctoolchain/usr/lib/clang/17/include/module.modulemap -fmodule-map-file\=/Applications/Xcode.app/Contents/Developer/Platforms/iPhoneSimulator.platform/Developer/SDKs/iPhoneSimulator.sdk/usr/include/c_standard_library.modulemap -fmodule-map-file\=/Applications/Xcode.app/Contents/Developer/Platforms/iPhoneSimulator.platform/Developer/SDKs/iPhoneSimulator.sdk/usr/include/c_standard_library.modulemap -fmodule-map-file\=/Applications/Xcode.app/Contents/Developer/Platforms/iPhoneSimulator.platform/Developer/SDKs/iPhoneSimulator.sdk/usr/include/c_standard_library.modulemap -fmodule-map-file\=/Applications/Xcode.app/Contents/Developer/Platforms/iPhoneSimulator.platform/Developer/SDKs/iPhoneSimulator.sdk/System/Library/Frameworks/Foundation.framework/Modules/module.modulemap -fmodule-map-file\=/Applications/Xcode.app/Contents/Developer/Platforms/iPhoneSimulator.platform/Developer/SDKs/iPhoneSimulator.sdk/System/Library/Frameworks/UIKit.framework/Modules/module.modulemap -fmodule-map-file\=/Users/ibrahimusmani/Library/Developer/Xcode/DerivedData/Signal-ftyjjpqofcnmqgarxcymapnsxdnn/Build/Products/Debug-iphonesimulator/AWSCore/AWSCore.framework/Modules/module.modulemap -fmodule-map-file\=/Applications/Xcode.app/Contents/Developer/Platforms/iPhoneSimulator.platform/Developer/SDKs/iPhoneSimulator.sdk/usr/include/CommonCrypto/module.modulemap -o /Users/ibrahimusmani/Library/Developer/Xcode/DerivedData/Signal-ftyjjpqofcnmqgarxcymapnsxdnn/Build/Intermediates.noindex/Pods.build/Debug-iphonesimulator/AWSCognitoIdentityProvider.build/Objects-normal/arm64/AWSCognitoIdentityUser.o -disable-free -emit-obj -x objective-c /Users/ibrahimusmani/Documents/Signal2/Signal-iOS/Pods/AWSCognitoIdentityProvider/AWSCognitoIdentityProvider/AWSCognitoIdentityUser.m -target-abi darwinpcs -target-cpu apple-m1 -target-feature +zcm -target-feature +zcz -target-feature +v8.5a -target-feature +aes -target-feature +altnzcv -target-feature +ccdp -target-feature +complxnum -target-feature +crc -target-feature +dotprod -target-feature +fp-armv8 -target-feature +fp16fml -target-feature +fptoint -target-feature +fullfp16 -target-feature +jsconv -target-feature +lse -target-feature +neon -target-feature +pauth -target-feature +perfmon -target-feature +predres -target-feature +ras -target-feature +rcpc -target-feature +rdm -target-feature +sb -target-feature +sha2 -target-feature +sha3 -target-feature +specrestrict -target-feature +ssbs -triple arm64-apple-ios15.0.0-simulator -target-linker-version 1167.4.1 -target-sdk-version\=18.4 -fmodules-validate-system-headers -fno-modulemap-allow-subdirectory-search -isysroot /Applications/Xcode.app/Contents/Developer/Platforms/iPhoneSimulator.platform/Developer/SDKs/iPhoneSimulator18.4.sdk -resource-dir /Applications/Xcode.app/Contents/Developer/Toolchains/XcodeDefault.xctoolchain/usr/lib/clang/17 -fmodule-format\=obj -fmodule-file\=AWSCore\=/Users/ibrahimusmani/Library/Developer/Xcode/DerivedData/Signal-ftyjjpqofcnmqgarxcymapnsxdnn/Build/Intermediates.noindex/ExplicitPrecompiledModules/AWSCore-5W8LE8NIWJ3HHDEH40N3L5DWY.pcm -fmodule-file\=CommonCrypto\=/Users/ibrahimusmani/Library/Developer/Xcode/DerivedData/Signal-ftyjjpqofcnmqgarxcymapnsxdnn/Build/Intermediates.noindex/ExplicitPrecompiledModules/CommonCrypto-3SBQRL15SSEE0GORB71DRHMZW.pcm -fmodule-file\=Foundation\=/Users/ibrahimusmani/Library/Developer/Xcode/DerivedData/Signal-ftyjjpqofcnmqgarxcymapnsxdnn/Build/Intermediates.noindex/ExplicitPrecompiledModules/Foundation-PXTUDI4A3RJ898G6NK64AE9K.pcm -fmodule-file\=UIKit\=/Users/ibrahimusmani/Library/Developer/Xcode/DerivedData/Signal-ftyjjpqofcnmqgarxcymapnsxdnn/Build/Intermediates.noindex/ExplicitPrecompiledModules/UIKit-AIFG7JROYDMNHV6ZN2YEH720S.pcm -fmodule-file\=_Builtin_limits\=/Users/ibrahimusmani/Library/Developer/Xcode/DerivedData/Signal-ftyjjpqofcnmqgarxcymapnsxdnn/Build/Intermediates.noindex/ExplicitPrecompiledModules/_Builtin_limits-BGH8SCT87K1WCPZIZDKSHKOH5.pcm -fmodule-file\=_ctype\=/Users/ibrahimusmani/Library/Developer/Xcode/DerivedData/Signal-ftyjjpqofcnmqgarxcymapnsxdnn/Build/Intermediates.noindex/ExplicitPrecompiledModules/_ctype-98W0AUIAR32OQFPWL60N27X6K.pcm -fmodule-file\=_stdio\=/Users/ibrahimusmani/Library/Developer/Xcode/DerivedData/Signal-ftyjjpqofcnmqgarxcymapnsxdnn/Build/Intermediates.noindex/ExplicitPrecompiledModules/_stdio-CC82UA4S8GHTTFML3KM1JVB49.pcm -fmodule-file\=_stdlib\=/Users/ibrahimusmani/Library/Developer/Xcode/DerivedData/Signal-ftyjjpqofcnmqgarxcymapnsxdnn/Build/Intermediates.noindex/ExplicitPrecompiledModules/_stdlib-8SO7V1JBE6GZJYOLDGL4BH5SL.pcm -fmodule-file\=_string\=/Users/ibrahimusmani/Library/Developer/Xcode/DerivedData/Signal-ftyjjpqofcnmqgarxcymapnsxdnn/Build/Intermediates.noindex/ExplicitPrecompiledModules/_string-3YPUGZSS6Y69J1MOYUZX27NXJ.pcm -I /Users/ibrahimusmani/Library/Developer/Xcode/DerivedData/Signal-ftyjjpqofcnmqgarxcymapnsxdnn/Build/Intermediates.noindex/Pods.build/Debug-iphonesimulator/AWSCognitoIdentityProvider.build/AWSCognitoIdentityProvider-own-target-headers.hmap -I /Users/ibrahimusmani/Library/Developer/Xcode/DerivedData/Signal-ftyjjpqofcnmqgarxcymapnsxdnn/Build/Intermediates.noindex/Pods.build/Debug-iphonesimulator/AWSCognitoIdentityProvider.build/AWSCognitoIdentityProvider-all-non-framework-target-headers.hmap -I /Users/ibrahimusmani/Library/Developer/Xcode/DerivedData/Signal-ftyjjpqofcnmqgarxcymapnsxdnn/Build/Products/Debug-iphonesimulator/AWSCognitoIdentityProvider/include -I /Users/ibrahimusmani/Library/Developer/Xcode/DerivedData/Signal-ftyjjpqofcnmqgarxcymapnsxdnn/Build/Intermediates.noindex/Pods.build/Debug-iphonesimulator/AWSCognitoIdentityProvider.build/DerivedSources-normal/arm64 -I /Users/ibrahimusmani/Library/Developer/Xcode/DerivedData/Signal-ftyjjpqofcnmqgarxcymapnsxdnn/Build/Intermediates.noindex/Pods.build/Debug-iphonesimulator/AWSCognitoIdentityProvider.build/DerivedSources/arm64 -I /Users/ibrahimusmani/Library/Developer/Xcode/DerivedData/Signal-ftyjjpqofcnmqgarxcymapnsxdnn/Build/Intermediates.noindex/Pods.build/Debug-iphonesimulator/AWSCognitoIdentityProvider.build/DerivedSources -F /Users/ibrahimusmani/Library/Developer/Xcode/DerivedData/Signal-ftyjjpqofcnmqgarxcymapnsxdnn/Build/Products/Debug-iphonesimulator/AWSCognitoIdentityProvider -F /Users/ibrahimusmani/Library/Developer/Xcode/DerivedData/Signal-ftyjjpqofcnmqgarxcymapnsxdnn/Build/Products/Debug-iphonesimulator/AWSCognitoIdentityProviderASF -F /Users/ibrahimusmani/Library/Developer/Xcode/DerivedData/Signal-ftyjjpqofcnmqgarxcymapnsxdnn/Build/Products/Debug-iphonesimulator/AWSCore -iquote /Users/ibrahimusmani/Library/Developer/Xcode/DerivedData/Signal-ftyjjpqofcnmqgarxcymapnsxdnn/Build/Intermediates.noindex/Pods.build/Debug-iphonesimulator/AWSCognitoIdentityProvider.build/AWSCognitoIdentityProvider-generated-files.hmap -iquote /Users/ibrahimusmani/Library/Developer/Xcode/DerivedData/Signal-ftyjjpqofcnmqgarxcymapnsxdnn/Build/Intermediates.noindex/Pods.build/Debug-iphonesimulator/AWSCognitoIdentityProvider.build/AWSCognitoIdentityProvider-project-headers.hmap -isystem /Applications/Xcode.app/Contents/Developer/Platforms/iPhoneSimulator.platform/Developer/SDKs/iPhoneSimulator18.4.sdk/usr/local/include -isystem /Applications/Xcode.app/Contents/Developer/Toolchains/XcodeDefault.xctoolchain/usr/lib/clang/17/include -internal-externc-isystem /Applications/Xcode.app/Contents/Developer/Platforms/iPhoneSimulator.platform/Developer/SDKs/iPhoneSimulator18.4.sdk/usr/include -internal-externc-isystem /Applications/Xcode.app/Contents/Developer/Toolchains/XcodeDefault.xctoolchain/usr/include -ivfsstatcache /Users/ibrahimusmani/Library/Developer/Xcode/DerivedData/SDKStatCaches.noindex/iphonesimulator18.4-22E235-71825a6d136aa4733edcbe86ece5525b.sdkstatcache -ivfsoverlay /Users/ibrahimusmani/Library/Developer/Xcode/DerivedData/Signal-ftyjjpqofcnmqgarxcymapnsxdnn/Build/Intermediates.noindex/Pods.build/Debug-iphonesimulator/Pods-8699adb1dd336b26511df848a716bd42-VFS-iphonesimulator/all-product-headers.yaml -std\=gnu11 -fexceptions -fskip-odr-check-in-gmf -fmodules -fmodule-name\=AWSCognitoIdentityProvider -fno-implicit-modules -fobjc-exceptions -fapplication-extension -fmax-type-align\=16 -fpascal-strings -fvisibility-inlines-hidden-static-local-var -mdarwin-stkchk-strong-link -fno-odr-hash-protocols -pic-level 2 -fencode-extended-block-signature -stack-protector 1 -fobjc-runtime\=ios-15.0.0 -fobjc-arc -fobjc-runtime-has-weak -fobjc-weak -fgnuc-version\=4.2.1 -fblocks -ffp-contract\=on -fclang-abi-compat\=4.0 -fno-experimental-relative-c++-abi-vtables -fno-file-reproducible -clang-vendor-feature\=+disableNonDependentMemberExprInCurrentInstantiation -clang-vendor-feature\=+enableAggressiveVLAFolding -clang-vendor-feature\=+revert09abecef7bbf -clang-vendor-feature\=+thisNoAlignAttr -clang-vendor-feature\=+thisNoNullAttr -clang-vendor-feature\=+disableAtImportPrivateFrameworkInImplementationError -O0 -fno-assume-unique-vtables -fdebug-compilation-dir\=/Users/ibrahimusmani/Documents/Signal2/Signal-iOS/Pods -fcoverage-compilation-dir\=/Users/ibrahimusmani/Documents/Signal2/Signal-iOS/Pods -fcoverage-mapping -fobjc-msgsend-selector-stubs -fregister-global-dtors-with-atexit -fno-strict-return -dwarf-version\=4 -debugger-tuning\=lldb -disable-llvm-verifier -dwarf-ext-refs -funwind-tables\=1 -fprofile-instrument\=clang -clear-ast-before-backend -discard-value-names -main-file-name AWSCognitoIdentityUser.m -mframe-pointer\=non-leaf -debug-info-kind\=standalone -fdiagnostics-hotness-threshold\=0 -fdiagnostics-misexpect-tolerance\=0 -D COCOAPODS\=1 -D DEBUG\=1 -D OBJC_OLD_DISPATCH_PROTOTYPES\=0 -D POD_CONFIGURATION_DEBUG\=1 -D __GCC_HAVE_DWARF2_CFI_ASM\=1 -include /Users/ibrahimusmani/Documents/Signal2/Signal-iOS/Pods/Target\ Support\ Files/AWSCognitoIdentityProvider/AWSCognitoIdentityProvider-prefix.pch -fdefine-target-os-macros -MT dependencies -dependency-file /Users/ibrahimusmani/Library/Developer/Xcode/DerivedData/Signal-ftyjjpqofcnmqgarxcymapnsxdnn/Build/Intermediates.noindex/Pods.build/Debug-iphonesimulator/AWSCognitoIdentityProvider.build/Objects-normal/arm64/AWSCognitoIdentityUser.d -skip-unused-modulemap-deps

CodeSign /Users/ibrahimusmani/Library/Developer/Xcode/DerivedData/Signal-ftyjjpqofcnmqgarxcymapnsxdnn/Build/Products/Debug-iphonesimulator/AWSCore/AWSCore.framework (in target 'AWSCore' from project 'Pods')
    cd /Users/ibrahimusmani/Documents/Signal2/Signal-iOS/Pods
    
    Signing Identity:     "Sign to Run Locally"
    
    /usr/bin/codesign --force --sign - --timestamp\=none --generate-entitlement-der /Users/ibrahimusmani/Library/Developer/Xcode/DerivedData/Signal-ftyjjpqofcnmqgarxcymapnsxdnn/Build/Products/Debug-iphonesimulator/AWSCore/AWSCore.framework

CpResource /Users/ibrahimusmani/Library/Developer/Xcode/DerivedData/Signal-ftyjjpqofcnmqgarxcymapnsxdnn/Build/Products/Debug-iphonesimulator/AWSLambda/AWSLambda.bundle/PrivacyInfo.xcprivacy /Users/ibrahimusmani/Documents/Signal2/Signal-iOS/Pods/AWSLambda/AWSLambda/PrivacyInfo.xcprivacy (in target 'AWSLambda-AWSLambda' from project 'Pods')
    cd /Users/ibrahimusmani/Documents/Signal2/Signal-iOS/Pods
    builtin-copy -exclude .DS_Store -exclude CVS -exclude .svn -exclude .git -exclude .hg -resolve-src-symlinks /Users/ibrahimusmani/Documents/Signal2/Signal-iOS/Pods/AWSLambda/AWSLambda/PrivacyInfo.xcprivacy /Users/ibrahimusmani/Library/Developer/Xcode/DerivedData/Signal-ftyjjpqofcnmqgarxcymapnsxdnn/Build/Products/Debug-iphonesimulator/AWSLambda/AWSLambda.bundle

CpResource /Users/ibrahimusmani/Library/Developer/Xcode/DerivedData/Signal-ftyjjpqofcnmqgarxcymapnsxdnn/Build/Products/Debug-iphonesimulator/AWSDynamoDB/AWSDynamoDB.bundle/PrivacyInfo.xcprivacy /Users/ibrahimusmani/Documents/Signal2/Signal-iOS/Pods/AWSDynamoDB/AWSDynamoDB/PrivacyInfo.xcprivacy (in target 'AWSDynamoDB-AWSDynamoDB' from project 'Pods')
    cd /Users/ibrahimusmani/Documents/Signal2/Signal-iOS/Pods
    builtin-copy -exclude .DS_Store -exclude CVS -exclude .svn -exclude .git -exclude .hg -resolve-src-symlinks /Users/ibrahimusmani/Documents/Signal2/Signal-iOS/Pods/AWSDynamoDB/AWSDynamoDB/PrivacyInfo.xcprivacy /Users/ibrahimusmani/Library/Developer/Xcode/DerivedData/Signal-ftyjjpqofcnmqgarxcymapnsxdnn/Build/Products/Debug-iphonesimulator/AWSDynamoDB/AWSDynamoDB.bundle

CpResource /Users/ibrahimusmani/Library/Developer/Xcode/DerivedData/Signal-ftyjjpqofcnmqgarxcymapnsxdnn/Build/Products/Debug-iphonesimulator/AWSS3/AWSS3.bundle/PrivacyInfo.xcprivacy /Users/ibrahimusmani/Documents/Signal2/Signal-iOS/Pods/AWSS3/AWSS3/PrivacyInfo.xcprivacy (in target 'AWSS3-AWSS3' from project 'Pods')
    cd /Users/ibrahimusmani/Documents/Signal2/Signal-iOS/Pods
    builtin-copy -exclude .DS_Store -exclude CVS -exclude .svn -exclude .git -exclude .hg -resolve-src-symlinks /Users/ibrahimusmani/Documents/Signal2/Signal-iOS/Pods/AWSS3/AWSS3/PrivacyInfo.xcprivacy /Users/ibrahimusmani/Library/Developer/Xcode/DerivedData/Signal-ftyjjpqofcnmqgarxcymapnsxdnn/Build/Products/Debug-iphonesimulator/AWSS3/AWSS3.bundle

ProcessInfoPlistFile /Users/ibrahimusmani/Library/Developer/Xcode/DerivedData/Signal-ftyjjpqofcnmqgarxcymapnsxdnn/Build/Products/Debug-iphonesimulator/AWSCognitoIdentityProviderASF/AWSCognitoIdentityProviderASF.bundle/Info.plist /Users/ibrahimusmani/Documents/Signal2/Signal-iOS/Pods/Target\ Support\ Files/AWSCognitoIdentityProviderASF/ResourceBundle-AWSCognitoIdentityProviderASF-AWSCognitoIdentityProviderASF-Info.plist (in target 'AWSCognitoIdentityProviderASF-AWSCognitoIdentityProviderASF' from project 'Pods')
    cd /Users/ibrahimusmani/Documents/Signal2/Signal-iOS/Pods
    builtin-infoPlistUtility /Users/ibrahimusmani/Documents/Signal2/Signal-iOS/Pods/Target\ Support\ Files/AWSCognitoIdentityProviderASF/ResourceBundle-AWSCognitoIdentityProviderASF-AWSCognitoIdentityProviderASF-Info.plist -producttype com.apple.product-type.bundle -expandbuildsettings -format binary -platform iphonesimulator -o /Users/ibrahimusmani/Library/Developer/Xcode/DerivedData/Signal-ftyjjpqofcnmqgarxcymapnsxdnn/Build/Products/Debug-iphonesimulator/AWSCognitoIdentityProviderASF/AWSCognitoIdentityProviderASF.bundle/Info.plist

ProcessInfoPlistFile /Users/ibrahimusmani/Library/Developer/Xcode/DerivedData/Signal-ftyjjpqofcnmqgarxcymapnsxdnn/Build/Products/Debug-iphonesimulator/AWSAPIGateway/AWSAPIGateway.bundle/Info.plist /Users/ibrahimusmani/Documents/Signal2/Signal-iOS/Pods/Target\ Support\ Files/AWSAPIGateway/ResourceBundle-AWSAPIGateway-AWSAPIGateway-Info.plist (in target 'AWSAPIGateway-AWSAPIGateway' from project 'Pods')
    cd /Users/ibrahimusmani/Documents/Signal2/Signal-iOS/Pods
    builtin-infoPlistUtility /Users/ibrahimusmani/Documents/Signal2/Signal-iOS/Pods/Target\ Support\ Files/AWSAPIGateway/ResourceBundle-AWSAPIGateway-AWSAPIGateway-Info.plist -producttype com.apple.product-type.bundle -expandbuildsettings -format binary -platform iphonesimulator -o /Users/ibrahimusmani/Library/Developer/Xcode/DerivedData/Signal-ftyjjpqofcnmqgarxcymapnsxdnn/Build/Products/Debug-iphonesimulator/AWSAPIGateway/AWSAPIGateway.bundle/Info.plist

ProcessInfoPlistFile /Users/ibrahimusmani/Library/Developer/Xcode/DerivedData/Signal-ftyjjpqofcnmqgarxcymapnsxdnn/Build/Products/Debug-iphonesimulator/AWSS3/AWSS3.bundle/Info.plist /Users/ibrahimusmani/Documents/Signal2/Signal-iOS/Pods/Target\ Support\ Files/AWSS3/ResourceBundle-AWSS3-AWSS3-Info.plist (in target 'AWSS3-AWSS3' from project 'Pods')
    cd /Users/ibrahimusmani/Documents/Signal2/Signal-iOS/Pods
    builtin-infoPlistUtility /Users/ibrahimusmani/Documents/Signal2/Signal-iOS/Pods/Target\ Support\ Files/AWSS3/ResourceBundle-AWSS3-AWSS3-Info.plist -producttype com.apple.product-type.bundle -expandbuildsettings -format binary -platform iphonesimulator -o /Users/ibrahimusmani/Library/Developer/Xcode/DerivedData/Signal-ftyjjpqofcnmqgarxcymapnsxdnn/Build/Products/Debug-iphonesimulator/AWSS3/AWSS3.bundle/Info.plist

ProcessInfoPlistFile /Users/ibrahimusmani/Library/Developer/Xcode/DerivedData/Signal-ftyjjpqofcnmqgarxcymapnsxdnn/Build/Products/Debug-iphonesimulator/AWSLambda/AWSLambda.bundle/Info.plist /Users/ibrahimusmani/Documents/Signal2/Signal-iOS/Pods/Target\ Support\ Files/AWSLambda/ResourceBundle-AWSLambda-AWSLambda-Info.plist (in target 'AWSLambda-AWSLambda' from project 'Pods')
    cd /Users/ibrahimusmani/Documents/Signal2/Signal-iOS/Pods
    builtin-infoPlistUtility /Users/ibrahimusmani/Documents/Signal2/Signal-iOS/Pods/Target\ Support\ Files/AWSLambda/ResourceBundle-AWSLambda-AWSLambda-Info.plist -producttype com.apple.product-type.bundle -expandbuildsettings -format binary -platform iphonesimulator -o /Users/ibrahimusmani/Library/Developer/Xcode/DerivedData/Signal-ftyjjpqofcnmqgarxcymapnsxdnn/Build/Products/Debug-iphonesimulator/AWSLambda/AWSLambda.bundle/Info.plist

ProcessInfoPlistFile /Users/ibrahimusmani/Library/Developer/Xcode/DerivedData/Signal-ftyjjpqofcnmqgarxcymapnsxdnn/Build/Products/Debug-iphonesimulator/AWSDynamoDB/AWSDynamoDB.bundle/Info.plist /Users/ibrahimusmani/Documents/Signal2/Signal-iOS/Pods/Target\ Support\ Files/AWSDynamoDB/ResourceBundle-AWSDynamoDB-AWSDynamoDB-Info.plist (in target 'AWSDynamoDB-AWSDynamoDB' from project 'Pods')
    cd /Users/ibrahimusmani/Documents/Signal2/Signal-iOS/Pods
    builtin-infoPlistUtility /Users/ibrahimusmani/Documents/Signal2/Signal-iOS/Pods/Target\ Support\ Files/AWSDynamoDB/ResourceBundle-AWSDynamoDB-AWSDynamoDB-Info.plist -producttype com.apple.product-type.bundle -expandbuildsettings -format binary -platform iphonesimulator -o /Users/ibrahimusmani/Library/Developer/Xcode/DerivedData/Signal-ftyjjpqofcnmqgarxcymapnsxdnn/Build/Products/Debug-iphonesimulator/AWSDynamoDB/AWSDynamoDB.bundle/Info.plist

Ld /Users/ibrahimusmani/Library/Developer/Xcode/DerivedData/Signal-ftyjjpqofcnmqgarxcymapnsxdnn/Build/Products/Debug-iphonesimulator/AWSCognitoIdentityProviderASF/AWSCognitoIdentityProviderASF.framework/AWSCognitoIdentityProviderASF normal (in target 'AWSCognitoIdentityProviderASF' from project 'Pods')
    cd /Users/ibrahimusmani/Documents/Signal2/Signal-iOS/Pods
    /Applications/Xcode.app/Contents/Developer/Toolchains/XcodeDefault.xctoolchain/usr/bin/clang -Xlinker -reproducible -target arm64-apple-ios15.0-simulator -dynamiclib -isysroot /Applications/Xcode.app/Contents/Developer/Platforms/iPhoneSimulator.platform/Developer/SDKs/iPhoneSimulator18.4.sdk -O0 -L/Users/ibrahimusmani/Library/Developer/Xcode/DerivedData/Signal-ftyjjpqofcnmqgarxcymapnsxdnn/Build/Intermediates.noindex/EagerLinkingTBDs/Debug-iphonesimulator -L/Users/ibrahimusmani/Library/Developer/Xcode/DerivedData/Signal-ftyjjpqofcnmqgarxcymapnsxdnn/Build/Products/Debug-iphonesimulator/AWSCognitoIdentityProviderASF -F/Users/ibrahimusmani/Library/Developer/Xcode/DerivedData/Signal-ftyjjpqofcnmqgarxcymapnsxdnn/Build/Intermediates.noindex/EagerLinkingTBDs/Debug-iphonesimulator -F/Users/ibrahimusmani/Library/Developer/Xcode/DerivedData/Signal-ftyjjpqofcnmqgarxcymapnsxdnn/Build/Products/Debug-iphonesimulator/AWSCognitoIdentityProviderASF -F/Users/ibrahimusmani/Library/Developer/Xcode/DerivedData/Signal-ftyjjpqofcnmqgarxcymapnsxdnn/Build/Products/Debug-iphonesimulator/AWSCore -filelist /Users/ibrahimusmani/Library/Developer/Xcode/DerivedData/Signal-ftyjjpqofcnmqgarxcymapnsxdnn/Build/Intermediates.noindex/Pods.build/Debug-iphonesimulator/AWSCognitoIdentityProviderASF.build/Objects-normal/arm64/AWSCognitoIdentityProviderASF.LinkFileList -install_name @rpath/AWSCognitoIdentityProviderASF.framework/AWSCognitoIdentityProviderASF -Xlinker -rpath -Xlinker @executable_path/Frameworks -Xlinker -rpath -Xlinker @loader_path/Frameworks -dead_strip -Xlinker -object_path_lto -Xlinker /Users/ibrahimusmani/Library/Developer/Xcode/DerivedData/Signal-ftyjjpqofcnmqgarxcymapnsxdnn/Build/Intermediates.noindex/Pods.build/Debug-iphonesimulator/AWSCognitoIdentityProviderASF.build/Objects-normal/arm64/AWSCognitoIdentityProviderASF_lto.o -rdynamic -Xlinker -no_deduplicate -Xlinker -objc_abi_version -Xlinker 2 -Xlinker -debug_variant -Xlinker -dependency_info -Xlinker /Users/ibrahimusmani/Library/Developer/Xcode/DerivedData/Signal-ftyjjpqofcnmqgarxcymapnsxdnn/Build/Intermediates.noindex/Pods.build/Debug-iphonesimulator/AWSCognitoIdentityProviderASF.build/Objects-normal/arm64/AWSCognitoIdentityProviderASF_dependency_info.dat -fobjc-arc -fobjc-link-runtime -fapplication-extension -fprofile-instr-generate -framework AWSCore -framework CoreGraphics -framework Foundation -framework Security -framework SystemConfiguration -framework UIKit -framework Foundation -Xlinker -no_adhoc_codesign -compatibility_version 1 -current_version 1 -o /Users/ibrahimusmani/Library/Developer/Xcode/DerivedData/Signal-ftyjjpqofcnmqgarxcymapnsxdnn/Build/Products/Debug-iphonesimulator/AWSCognitoIdentityProviderASF/AWSCognitoIdentityProviderASF.framework/AWSCognitoIdentityProviderASF

Ld /Users/ibrahimusmani/Library/Developer/Xcode/DerivedData/Signal-ftyjjpqofcnmqgarxcymapnsxdnn/Build/Products/Debug-iphonesimulator/AWSAPIGateway/AWSAPIGateway.framework/AWSAPIGateway normal (in target 'AWSAPIGateway' from project 'Pods')
    cd /Users/ibrahimusmani/Documents/Signal2/Signal-iOS/Pods
    /Applications/Xcode.app/Contents/Developer/Toolchains/XcodeDefault.xctoolchain/usr/bin/clang -Xlinker -reproducible -target arm64-apple-ios15.0-simulator -dynamiclib -isysroot /Applications/Xcode.app/Contents/Developer/Platforms/iPhoneSimulator.platform/Developer/SDKs/iPhoneSimulator18.4.sdk -O0 -L/Users/ibrahimusmani/Library/Developer/Xcode/DerivedData/Signal-ftyjjpqofcnmqgarxcymapnsxdnn/Build/Intermediates.noindex/EagerLinkingTBDs/Debug-iphonesimulator -L/Users/ibrahimusmani/Library/Developer/Xcode/DerivedData/Signal-ftyjjpqofcnmqgarxcymapnsxdnn/Build/Products/Debug-iphonesimulator/AWSAPIGateway -F/Users/ibrahimusmani/Library/Developer/Xcode/DerivedData/Signal-ftyjjpqofcnmqgarxcymapnsxdnn/Build/Intermediates.noindex/EagerLinkingTBDs/Debug-iphonesimulator -F/Users/ibrahimusmani/Library/Developer/Xcode/DerivedData/Signal-ftyjjpqofcnmqgarxcymapnsxdnn/Build/Products/Debug-iphonesimulator/AWSAPIGateway -F/Users/ibrahimusmani/Library/Developer/Xcode/DerivedData/Signal-ftyjjpqofcnmqgarxcymapnsxdnn/Build/Products/Debug-iphonesimulator/AWSCore -filelist /Users/ibrahimusmani/Library/Developer/Xcode/DerivedData/Signal-ftyjjpqofcnmqgarxcymapnsxdnn/Build/Intermediates.noindex/Pods.build/Debug-iphonesimulator/AWSAPIGateway.build/Objects-normal/arm64/AWSAPIGateway.LinkFileList -install_name @rpath/AWSAPIGateway.framework/AWSAPIGateway -Xlinker -rpath -Xlinker @executable_path/Frameworks -Xlinker -rpath -Xlinker @loader_path/Frameworks -dead_strip -Xlinker -object_path_lto -Xlinker /Users/ibrahimusmani/Library/Developer/Xcode/DerivedData/Signal-ftyjjpqofcnmqgarxcymapnsxdnn/Build/Intermediates.noindex/Pods.build/Debug-iphonesimulator/AWSAPIGateway.build/Objects-normal/arm64/AWSAPIGateway_lto.o -rdynamic -Xlinker -no_deduplicate -Xlinker -objc_abi_version -Xlinker 2 -Xlinker -debug_variant -Xlinker -dependency_info -Xlinker /Users/ibrahimusmani/Library/Developer/Xcode/DerivedData/Signal-ftyjjpqofcnmqgarxcymapnsxdnn/Build/Intermediates.noindex/Pods.build/Debug-iphonesimulator/AWSAPIGateway.build/Objects-normal/arm64/AWSAPIGateway_dependency_info.dat -fobjc-arc -fobjc-link-runtime -fapplication-extension -fprofile-instr-generate -framework AWSCore -framework CoreGraphics -framework Foundation -framework Security -framework SystemConfiguration -framework UIKit -framework Foundation -Xlinker -no_adhoc_codesign -compatibility_version 1 -current_version 1 -o /Users/ibrahimusmani/Library/Developer/Xcode/DerivedData/Signal-ftyjjpqofcnmqgarxcymapnsxdnn/Build/Products/Debug-iphonesimulator/AWSAPIGateway/AWSAPIGateway.framework/AWSAPIGateway

note: Run script build phase '[CP-User] Download libsignal-ffi if not in cache' will be run during every build because the option to run the script phase "Based on dependency analysis" is unchecked. (in target 'LibSignalClient' from project 'Pods')

Test session results, code coverage, and logs:
	/Users/ibrahimusmani/Library/Developer/Xcode/DerivedData/Signal-ftyjjpqofcnmqgarxcymapnsxdnn/Logs/Test/Test-Signal-2025.05.20_18-23-38--0400.xcresult

